stm32f10x_cec.c:124:6:CEC_DeInit	8	static
stm32f10x_cec.c:141:6:CEC_Init	0	static
stm32f10x_cec.c:170:6:CEC_Cmd	0	static
stm32f10x_cec.c:192:6:CEC_ITConfig	0	static
stm32f10x_cec.c:205:6:CEC_OwnAddressConfig	0	static
stm32f10x_cec.c:219:6:CEC_SetPrescaler	0	static
stm32f10x_cec.c:233:6:CEC_SendDataByte	0	static
stm32f10x_cec.c:245:9:CEC_ReceiveDataByte	0	static
stm32f10x_cec.c:256:6:CEC_StartOfMessage	0	static
stm32f10x_cec.c:268:6:CEC_EndOfMessageCmd	0	static
stm32f10x_cec.c:297:12:CEC_GetFlagStatus	0	static
stm32f10x_cec.c:355:6:CEC_ClearFlag	0	static
stm32f10x_cec.c:378:10:CEC_GetITStatus	0	static
stm32f10x_cec.c:414:6:CEC_ClearITPendingBit	0	static
