stm32f10x_sdio.c:167:6:SDIO_DeInit	0	static
stm32f10x_sdio.c:187:6:SDIO_Init	4	static
stm32f10x_sdio.c:225:6:SDIO_StructInit	0	static
stm32f10x_sdio.c:241:6:SDIO_ClockCmd	0	static
stm32f10x_sdio.c:257:6:SDIO_SetPowerState	0	static
stm32f10x_sdio.c:274:10:SDIO_GetPowerState	0	static
stm32f10x_sdio.c:312:6:SDIO_ITConfig	0	static
stm32f10x_sdio.c:336:6:SDIO_DMACmd	0	static
stm32f10x_sdio.c:351:6:SDIO_SendCommand	4	static
stm32f10x_sdio.c:387:6:SDIO_CmdStructInit	0	static
stm32f10x_sdio.c:402:9:SDIO_GetCommandResponse	0	static
stm32f10x_sdio.c:417:10:SDIO_GetResponse	8	static
stm32f10x_sdio.c:436:6:SDIO_DataConfig	4	static
stm32f10x_sdio.c:477:6:SDIO_DataStructInit	0	static
stm32f10x_sdio.c:493:10:SDIO_GetDataCounter	0	static
stm32f10x_sdio.c:503:10:SDIO_ReadData	0	static
stm32f10x_sdio.c:513:6:SDIO_WriteData	0	static
stm32f10x_sdio.c:523:10:SDIO_GetFIFOCount	0	static
stm32f10x_sdio.c:534:6:SDIO_StartSDIOReadWait	0	static
stm32f10x_sdio.c:548:6:SDIO_StopSDIOReadWait	0	static
stm32f10x_sdio.c:564:6:SDIO_SetSDIOReadWaitMode	0	static
stm32f10x_sdio.c:578:6:SDIO_SetSDIOOperation	0	static
stm32f10x_sdio.c:592:6:SDIO_SendSDIOSuspendCmd	0	static
stm32f10x_sdio.c:606:6:SDIO_CommandCompletionCmd	0	static
stm32f10x_sdio.c:619:6:SDIO_CEATAITCmd	0	static
stm32f10x_sdio.c:632:6:SDIO_SendCEATACmd	0	static
stm32f10x_sdio.c:671:12:SDIO_GetFlagStatus	0	static
stm32f10x_sdio.c:709:6:SDIO_ClearFlag	0	static
stm32f10x_sdio.c:748:10:SDIO_GetITStatus	0	static
stm32f10x_sdio.c:784:6:SDIO_ClearITPendingBit	0	static
