report.c:33:6:report_util_setting_prefix	8	static
report.c:111:6:report_status_message	8	static
report.c:124:6:report_alarm_message	8	static
report.c:137:6:report_feedback_message	8	static
report.c:169:6:report_init_message	0	static
report.c:175:6:report_grbl_help	0	static
report.c:182:6:report_grbl_settings	48	static
report.c:230:6:report_probe_parameters	24	static
report.c:244:6:report_ngc_parameters	56	static
report.c:274:6:report_gcode_modes	8	static
report.c:352:6:report_startup_line	16	static
report.c:361:6:report_execute_startup_message	16	static
report.c:370:6:report_build_info	8	static
report.c:449:6:report_echo_line_received	8	static
report.c:461:6:report_realtime_status	64	static
