core_cm3.h:984:22:NVIC_ClearPendingIRQ	16	static
system.c:24:6:system_init	24	static
system.c:82:9:system_control_get_state	16	static
system.c:138:6:EXTI9_5_IRQHandler	16	static
system.c:169:9:system_check_safety_door_ajar	8	static
system.c:180:6:system_execute_startup	24	static
system.c:205:9:system_execute_line	32	static
system.c:373:6:system_flag_wco_change	8	static
system.c:385:7:system_convert_axis_steps_to_mpos	24	static
system.c:403:6:system_convert_array_steps_to_mpos	32	static
system.c:427:9:system_check_travel_limits	24	static
system.c:452:6:system_set_exec_state_flag	16	static
system.c:471:6:system_clear_exec_state_flag	16	static
system.c:490:6:system_set_exec_alarm	16	static
system.c:509:6:system_clear_exec_alarm	4	static
system.c:528:6:system_set_exec_motion_override_flag	16	static
system.c:547:6:system_set_exec_accessory_override_flag	16	static
system.c:566:6:system_clear_exec_motion_overrides	4	static
system.c:585:6:system_clear_exec_accessory_overrides	4	static
