system.c:24:6:system_init	24	static
system.c:82:9:system_control_get_state	8	static
system.c:134:6:EXTI9_5_IRQHandler	8	static
system.c:165:9:system_check_safety_door_ajar	0	static
system.c:176:6:system_execute_startup	16	static
system.c:201:9:system_execute_line	32	static
system.c:369:6:system_flag_wco_change	8	static
system.c:381:7:system_convert_axis_steps_to_mpos	8	static
system.c:399:6:system_convert_array_steps_to_mpos	16	static
system.c:423:9:system_check_travel_limits	16	static
system.c:448:6:system_set_exec_state_flag	0	static
system.c:467:6:system_clear_exec_state_flag	0	static
system.c:486:6:system_set_exec_alarm	0	static
system.c:505:6:system_clear_exec_alarm	0	static
system.c:524:6:system_set_exec_motion_override_flag	0	static
system.c:543:6:system_set_exec_accessory_override_flag	0	static
system.c:562:6:system_clear_exec_motion_overrides	0	static
system.c:581:6:system_clear_exec_accessory_overrides	0	static
