Archive member included to satisfy reference by file (symbol)

c:/program files (x86)/atollic/truestudio for stm32 9.2.0/armtools/bin/../lib/gcc/arm-atollic-eabi/6.3.1/../../../../arm-atollic-eabi/lib/armv7-m\libc.a(lib_a-init.o)
                              src\startup_stm32f10x_md.o (__libc_init_array)
c:/program files (x86)/atollic/truestudio for stm32 9.2.0/armtools/bin/../lib/gcc/arm-atollic-eabi/6.3.1/../../../../arm-atollic-eabi/lib/armv7-m\libc.a(lib_a-memcmp.o)
                              src\gcode.o (memcmp)
c:/program files (x86)/atollic/truestudio for stm32 9.2.0/armtools/bin/../lib/gcc/arm-atollic-eabi/6.3.1/../../../../arm-atollic-eabi/lib/armv7-m\libc.a(lib_a-memset.o)
                              src\gcode.o (memset)
c:/program files (x86)/atollic/truestudio for stm32 9.2.0/armtools/bin/../lib/gcc/arm-atollic-eabi/6.3.1/../../../../arm-atollic-eabi/lib/armv7-m\libm.a(lib_a-sf_ceil.o)
                              src\nuts_bolts.o (ceilf)
c:/program files (x86)/atollic/truestudio for stm32 9.2.0/armtools/bin/../lib/gcc/arm-atollic-eabi/6.3.1/../../../../arm-atollic-eabi/lib/armv7-m\libm.a(lib_a-sf_cos.o)
                              src\motion_control.o (cosf)
c:/program files (x86)/atollic/truestudio for stm32 9.2.0/armtools/bin/../lib/gcc/arm-atollic-eabi/6.3.1/../../../../arm-atollic-eabi/lib/armv7-m\libm.a(lib_a-sf_floor.o)
                              src\motion_control.o (floorf)
c:/program files (x86)/atollic/truestudio for stm32 9.2.0/armtools/bin/../lib/gcc/arm-atollic-eabi/6.3.1/../../../../arm-atollic-eabi/lib/armv7-m\libm.a(lib_a-sf_lround.o)
                              src\gcode.o (lroundf)
c:/program files (x86)/atollic/truestudio for stm32 9.2.0/armtools/bin/../lib/gcc/arm-atollic-eabi/6.3.1/../../../../arm-atollic-eabi/lib/armv7-m\libm.a(lib_a-sf_sin.o)
                              src\motion_control.o (sinf)
c:/program files (x86)/atollic/truestudio for stm32 9.2.0/armtools/bin/../lib/gcc/arm-atollic-eabi/6.3.1/../../../../arm-atollic-eabi/lib/armv7-m\libm.a(lib_a-sf_trunc.o)
                              src\gcode.o (truncf)
c:/program files (x86)/atollic/truestudio for stm32 9.2.0/armtools/bin/../lib/gcc/arm-atollic-eabi/6.3.1/../../../../arm-atollic-eabi/lib/armv7-m\libm.a(lib_a-wf_atan2.o)
                              src\motion_control.o (atan2f)
c:/program files (x86)/atollic/truestudio for stm32 9.2.0/armtools/bin/../lib/gcc/arm-atollic-eabi/6.3.1/../../../../arm-atollic-eabi/lib/armv7-m\libm.a(lib_a-wf_sqrt.o)
                              src\gcode.o (sqrtf)
c:/program files (x86)/atollic/truestudio for stm32 9.2.0/armtools/bin/../lib/gcc/arm-atollic-eabi/6.3.1/../../../../arm-atollic-eabi/lib/armv7-m\libm.a(lib_a-ef_atan2.o)
                              c:/program files (x86)/atollic/truestudio for stm32 9.2.0/armtools/bin/../lib/gcc/arm-atollic-eabi/6.3.1/../../../../arm-atollic-eabi/lib/armv7-m\libm.a(lib_a-wf_atan2.o) (__ieee754_atan2f)
c:/program files (x86)/atollic/truestudio for stm32 9.2.0/armtools/bin/../lib/gcc/arm-atollic-eabi/6.3.1/../../../../arm-atollic-eabi/lib/armv7-m\libm.a(lib_a-ef_rem_pio2.o)
                              c:/program files (x86)/atollic/truestudio for stm32 9.2.0/armtools/bin/../lib/gcc/arm-atollic-eabi/6.3.1/../../../../arm-atollic-eabi/lib/armv7-m\libm.a(lib_a-sf_cos.o) (__ieee754_rem_pio2f)
c:/program files (x86)/atollic/truestudio for stm32 9.2.0/armtools/bin/../lib/gcc/arm-atollic-eabi/6.3.1/../../../../arm-atollic-eabi/lib/armv7-m\libm.a(lib_a-ef_sqrt.o)
                              c:/program files (x86)/atollic/truestudio for stm32 9.2.0/armtools/bin/../lib/gcc/arm-atollic-eabi/6.3.1/../../../../arm-atollic-eabi/lib/armv7-m\libm.a(lib_a-wf_sqrt.o) (__ieee754_sqrtf)
c:/program files (x86)/atollic/truestudio for stm32 9.2.0/armtools/bin/../lib/gcc/arm-atollic-eabi/6.3.1/../../../../arm-atollic-eabi/lib/armv7-m\libm.a(lib_a-kf_cos.o)
                              c:/program files (x86)/atollic/truestudio for stm32 9.2.0/armtools/bin/../lib/gcc/arm-atollic-eabi/6.3.1/../../../../arm-atollic-eabi/lib/armv7-m\libm.a(lib_a-sf_cos.o) (__kernel_cosf)
c:/program files (x86)/atollic/truestudio for stm32 9.2.0/armtools/bin/../lib/gcc/arm-atollic-eabi/6.3.1/../../../../arm-atollic-eabi/lib/armv7-m\libm.a(lib_a-kf_rem_pio2.o)
                              c:/program files (x86)/atollic/truestudio for stm32 9.2.0/armtools/bin/../lib/gcc/arm-atollic-eabi/6.3.1/../../../../arm-atollic-eabi/lib/armv7-m\libm.a(lib_a-ef_rem_pio2.o) (__kernel_rem_pio2f)
c:/program files (x86)/atollic/truestudio for stm32 9.2.0/armtools/bin/../lib/gcc/arm-atollic-eabi/6.3.1/../../../../arm-atollic-eabi/lib/armv7-m\libm.a(lib_a-kf_sin.o)
                              c:/program files (x86)/atollic/truestudio for stm32 9.2.0/armtools/bin/../lib/gcc/arm-atollic-eabi/6.3.1/../../../../arm-atollic-eabi/lib/armv7-m\libm.a(lib_a-sf_cos.o) (__kernel_sinf)
[...]
Memory Configuration

Name             Origin             Length             Attributes
FLASH            0x08000000         0x00010000         xr
RAM              0x20000000         0x00005000         xrw
MEMORY_B1        0x60000000         0x00000000         xr
*default*        0x00000000         0xffffffff

Linker script and memory map

LOAD c:/program files (x86)/atollic/truestudio for stm32 9.2.0/armtools/bin/../lib/gcc/arm-atollic-eabi/6.3.1/armv7-m/crti.o
LOAD c:/program files (x86)/atollic/truestudio for stm32 9.2.0/armtools/bin/../lib/gcc/arm-atollic-eabi/6.3.1/armv7-m/crtbegin.o
LOAD Libraries\STM32F10x_StdPeriph_Driver\src\misc.o
LOAD Libraries\STM32F10x_StdPeriph_Driver\src\stm32f10x_adc.o
LOAD Libraries\STM32F10x_StdPeriph_Driver\src\stm32f10x_bkp.o
LOAD Libraries\STM32F10x_StdPeriph_Driver\src\stm32f10x_can.o
LOAD Libraries\STM32F10x_StdPeriph_Driver\src\stm32f10x_cec.o
LOAD Libraries\STM32F10x_StdPeriph_Driver\src\stm32f10x_crc.o
LOAD Libraries\STM32F10x_StdPeriph_Driver\src\stm32f10x_dac.o
LOAD Libraries\STM32F10x_StdPeriph_Driver\src\stm32f10x_dbgmcu.o
LOAD Libraries\STM32F10x_StdPeriph_Driver\src\stm32f10x_dma.o
LOAD Libraries\STM32F10x_StdPeriph_Driver\src\stm32f10x_exti.o
LOAD Libraries\STM32F10x_StdPeriph_Driver\src\stm32f10x_flash.o
LOAD Libraries\STM32F10x_StdPeriph_Driver\src\stm32f10x_fsmc.o
LOAD Libraries\STM32F10x_StdPeriph_Driver\src\stm32f10x_gpio.o
LOAD Libraries\STM32F10x_StdPeriph_Driver\src\stm32f10x_i2c.o
LOAD Libraries\STM32F10x_StdPeriph_Driver\src\stm32f10x_iwdg.o
LOAD Libraries\STM32F10x_StdPeriph_Driver\src\stm32f10x_pwr.o
LOAD Libraries\STM32F10x_StdPeriph_Driver\src\stm32f10x_rcc.o
LOAD Libraries\STM32F10x_StdPeriph_Driver\src\stm32f10x_rtc.o
LOAD Libraries\STM32F10x_StdPeriph_Driver\src\stm32f10x_sdio.o
LOAD Libraries\STM32F10x_StdPeriph_Driver\src\stm32f10x_spi.o
LOAD Libraries\STM32F10x_StdPeriph_Driver\src\stm32f10x_tim.o
LOAD Libraries\STM32F10x_StdPeriph_Driver\src\stm32f10x_usart.o
LOAD Libraries\STM32F10x_StdPeriph_Driver\src\stm32f10x_wwdg.o
LOAD src\coolant_control.o
LOAD src\eeprom.o
LOAD src\gcode.o
LOAD src\jog.o
LOAD src\limits.o
LOAD src\main.o
LOAD src\motion_control.o
LOAD src\nuts_bolts.o
LOAD src\planner.o
LOAD src\print.o
LOAD src\probe.o
LOAD src\protocol.o
LOAD src\report.o
LOAD src\serial.o
LOAD src\settings.o
LOAD src\spindle_control.o
LOAD src\startup_stm32f10x_md.o
LOAD src\stepper.o
LOAD src\system.o
LOAD src\system_stm32f10x.o
LOAD stm_usb_fs_lib\src\usb_core.o
LOAD stm_usb_fs_lib\src\usb_init.o
LOAD stm_usb_fs_lib\src\usb_int.o
LOAD stm_usb_fs_lib\src\usb_mem.o
LOAD stm_usb_fs_lib\src\usb_regs.o
LOAD stm_usb_fs_lib\src\usb_sil.o
LOAD usb\hw_config.o
LOAD usb\usb_desc.o
LOAD usb\usb_endp.o
LOAD usb\usb_istr.o
LOAD usb\usb_prop.o
LOAD usb\usb_pwr.o
LOAD util\stm32f10x_it.o
                0x00000080                malloc_getpagesize_P = 0x80
START GROUP
LOAD c:/program files (x86)/atollic/truestudio for stm32 9.2.0/armtools/bin/../lib/gcc/arm-atollic-eabi/6.3.1/../../../../arm-atollic-eabi/lib/armv7-m\libc.a
LOAD c:/program files (x86)/atollic/truestudio for stm32 9.2.0/armtools/bin/../lib/gcc/arm-atollic-eabi/6.3.1/../../../../arm-atollic-eabi/lib/armv7-m\libm.a
END GROUP
START GROUP
LOAD c:/program files (x86)/atollic/truestudio for stm32 9.2.0/armtools/bin/../lib/gcc/arm-atollic-eabi/6.3.1/armv7-m\libgcc.a
LOAD c:/program files (x86)/atollic/truestudio for stm32 9.2.0/armtools/bin/../lib/gcc/arm-atollic-eabi/6.3.1/../../../../arm-atollic-eabi/lib/armv7-m\libc.a
END GROUP
START GROUP
LOAD c:/program files (x86)/atollic/truestudio for stm32 9.2.0/armtools/bin/../lib/gcc/arm-atollic-eabi/6.3.1/armv7-m\libgcc.a
LOAD c:/program files (x86)/atollic/truestudio for stm32 9.2.0/armtools/bin/../lib/gcc/arm-atollic-eabi/6.3.1/../../../../arm-atollic-eabi/lib/armv7-m\libc.a
LOAD c:/program files (x86)/atollic/truestudio for stm32 9.2.0/armtools/bin/../lib/gcc/arm-atollic-eabi/6.3.1/../../../../arm-atollic-eabi/lib/armv7-m\libnosys.a
END GROUP
LOAD c:/program files (x86)/atollic/truestudio for stm32 9.2.0/armtools/bin/../lib/gcc/arm-atollic-eabi/6.3.1/armv7-m/crtend.o
LOAD c:/program files (x86)/atollic/truestudio for stm32 9.2.0/armtools/bin/../lib/gcc/arm-atollic-eabi/6.3.1/armv7-m/crtn.o
                0x20005000                _estack = 0x20005000
                0x00000080                _Min_Heap_Size = 0x80
                0x00000200                _Min_Stack_Size = 0x200

.isr_vector     0x08000000      0x10c
                0x08000000                . = ALIGN (0x4)
 *(.isr_vector)
 .isr_vector    0x08000000      0x10c src\startup_stm32f10x_md.o
                0x08000000                g_pfnVectors
                0x0800010c                . = ALIGN (0x4)

.text           0x08000110     0xb56c
                0x08000110                . = ALIGN (0x4)
 *(.text)
 .text          0x08000110       0x40 c:/program files (x86)/atollic/truestudio for stm32 9.2.0/armtools/bin/../lib/gcc/arm-atollic-eabi/6.3.1/armv7-m/crtbegin.o
 .text          0x08000150      0x370 c:/program files (x86)/atollic/truestudio for stm32 9.2.0/armtools/bin/../lib/gcc/arm-atollic-eabi/6.3.1/armv7-m\libgcc.a(_arm_addsubdf3.o)
                0x08000150                __aeabi_drsub
                0x08000158                __aeabi_dsub
                0x08000158                __subdf3
                0x0800015c                __aeabi_dadd
                0x0800015c                __adddf3
                0x080003d4                __floatunsidf
                0x080003d4                __aeabi_ui2d
                0x080003f4                __floatsidf
                0x080003f4                __aeabi_i2d
                0x08000418                __aeabi_f2d
                0x08000418                __extendsfdf2
                0x08000454                __floatundidf
                0x08000454                __aeabi_ul2d
                0x08000464                __floatdidf
                0x08000464                __aeabi_l2d
 .text          0x080004c0      0x424 c:/program files (x86)/atollic/truestudio for stm32 9.2.0/armtools/bin/../lib/gcc/arm-atollic-eabi/6.3.1/armv7-m\libgcc.a(_arm_muldivdf3.o)
                0x080004c0                __aeabi_dmul
                0x080004c0                __muldf3
                0x08000714                __divdf3
                0x08000714                __aeabi_ddiv
 .text          0x080008e4      0x110 c:/program files (x86)/atollic/truestudio for stm32 9.2.0/armtools/bin/../lib/gcc/arm-atollic-eabi/6.3.1/armv7-m\libgcc.a(_arm_cmpdf2.o)
                0x080008e4                __gtdf2
                0x080008e4                __gedf2
                0x080008ec                __ltdf2
                0x080008ec                __ledf2
                0x080008f4                __nedf2
                0x080008f4                __eqdf2
                0x080008f4                __cmpdf2
                0x08000970                __aeabi_cdrcmple
                0x08000980                __aeabi_cdcmpeq
                0x08000980                __aeabi_cdcmple
                0x08000990                __aeabi_dcmpeq
                0x080009a4                __aeabi_dcmplt
                0x080009b8                __aeabi_dcmple
                0x080009cc                __aeabi_dcmpge
                0x080009e0                __aeabi_dcmpgt
 .text          0x080009f4       0xa0 c:/program files (x86)/atollic/truestudio for stm32 9.2.0/armtools/bin/../lib/gcc/arm-atollic-eabi/6.3.1/armv7-m\libgcc.a(_arm_truncdfsf2.o)
                0x080009f4                __truncdfsf2
                0x080009f4                __aeabi_d2f
 .text          0x08000a94      0x21c c:/program files (x86)/atollic/truestudio for stm32 9.2.0/armtools/bin/../lib/gcc/arm-atollic-eabi/6.3.1/armv7-m\libgcc.a(_arm_addsubsf3.o)
                0x08000a94                __aeabi_frsub
                0x08000a9c                __subsf3
                0x08000a9c                __aeabi_fsub
                0x08000aa0                __aeabi_fadd
                0x08000aa0                __addsf3
                0x08000c00                __aeabi_ui2f
                0x08000c00                __floatunsisf
                0x08000c08                __aeabi_i2f
                0x08000c08                __floatsisf
                0x08000c24                __aeabi_ul2f
                0x08000c24                __floatundisf
                0x08000c34                __aeabi_l2f
                0x08000c34                __floatdisf
 .text          0x08000cb0      0x2a0 c:/program files (x86)/atollic/truestudio for stm32 9.2.0/armtools/bin/../lib/gcc/arm-atollic-eabi/6.3.1/armv7-m\libgcc.a(_arm_muldivsf3.o)
                0x08000cb0                __mulsf3
                0x08000cb0                __aeabi_fmul
                0x08000e18                __aeabi_fdiv
                0x08000e18                __divsf3
 .text          0x08000f50       0xec c:/program files (x86)/atollic/truestudio for stm32 9.2.0/armtools/bin/../lib/gcc/arm-atollic-eabi/6.3.1/armv7-m\libgcc.a(_arm_cmpsf2.o)
                0x08000f50                __gesf2
                0x08000f50                __gtsf2
                0x08000f58                __lesf2
                0x08000f58                __ltsf2
                0x08000f60                __nesf2
                0x08000f60                __eqsf2
                0x08000f60                __cmpsf2
                0x08000fc0                __aeabi_cfrcmple
                0x08000fc8                __aeabi_cfcmpeq
                0x08000fc8                __aeabi_cfcmple
                0x08000fd8                __aeabi_fcmpeq
                0x08000fec                __aeabi_fcmplt
                0x08001000                __aeabi_fcmple
                0x08001014                __aeabi_fcmpge
                0x08001028                __aeabi_fcmpgt
 .text          0x0800103c       0x2c c:/program files (x86)/atollic/truestudio for stm32 9.2.0/armtools/bin/../lib/gcc/arm-atollic-eabi/6.3.1/armv7-m\libgcc.a(_arm_unordsf2.o)
                0x0800103c                __unordsf2
                0x0800103c                __aeabi_fcmpun
 .text          0x08001068       0x4c c:/program files (x86)/atollic/truestudio for stm32 9.2.0/armtools/bin/../lib/gcc/arm-atollic-eabi/6.3.1/armv7-m\libgcc.a(_arm_fixsfsi.o)
                0x08001068                __aeabi_f2iz
                0x08001068                __fixsfsi
 .text          0x080010b4       0x40 c:/program files (x86)/atollic/truestudio for stm32 9.2.0/armtools/bin/../lib/gcc/arm-atollic-eabi/6.3.1/armv7-m\libgcc.a(_arm_fixunssfsi.o)
                0x080010b4                __fixunssfsi
                0x080010b4                __aeabi_f2uiz
 *(.text*)
 .text.NVIC_PriorityGroupConfig
                0x080010f4       0x24 Libraries\STM32F10x_StdPeriph_Driver\src\misc.o
                0x080010f4                NVIC_PriorityGroupConfig
 .text.NVIC_Init
                0x08001118       0xc4 Libraries\STM32F10x_StdPeriph_Driver\src\misc.o
                0x08001118                NVIC_Init
 .text.EXTI_Init
                0x080011dc       0xe4 Libraries\STM32F10x_StdPeriph_Driver\src\stm32f10x_exti.o
                0x080011dc                EXTI_Init
 .text.EXTI_GetITStatus
                0x080012c0       0x48 Libraries\STM32F10x_StdPeriph_Driver\src\stm32f10x_exti.o
                0x080012c0                EXTI_GetITStatus
 .text.EXTI_ClearITPendingBit
                0x08001308       0x1c Libraries\STM32F10x_StdPeriph_Driver\src\stm32f10x_exti.o
                0x08001308                EXTI_ClearITPendingBit
 .text.FLASH_Unlock
                0x08001324       0x24 Libraries\STM32F10x_StdPeriph_Driver\src\stm32f10x_flash.o
                0x08001324                FLASH_Unlock
 .text.FLASH_ErasePage
                0x08001348       0x64 Libraries\STM32F10x_StdPeriph_Driver\src\stm32f10x_flash.o
                0x08001348                FLASH_ErasePage
 .text.FLASH_ProgramHalfWord
                0x080013ac       0x5c Libraries\STM32F10x_StdPeriph_Driver\src\stm32f10x_flash.o
                0x080013ac                FLASH_ProgramHalfWord
 .text.FLASH_GetBank1Status
                0x08001408       0x54 Libraries\STM32F10x_StdPeriph_Driver\src\stm32f10x_flash.o
                0x08001408                FLASH_GetBank1Status
 .text.FLASH_WaitForLastOperation
                0x0800145c       0x44 Libraries\STM32F10x_StdPeriph_Driver\src\stm32f10x_flash.o
                0x0800145c                FLASH_WaitForLastOperation
 .text.GPIO_Init
                0x080014a0      0x178 Libraries\STM32F10x_StdPeriph_Driver\src\stm32f10x_gpio.o
                0x080014a0                GPIO_Init
 .text.GPIO_ReadInputData
                0x08001618       0x18 Libraries\STM32F10x_StdPeriph_Driver\src\stm32f10x_gpio.o
                0x08001618                GPIO_ReadInputData
 .text.GPIO_ReadOutputData
                0x08001630       0x18 Libraries\STM32F10x_StdPeriph_Driver\src\stm32f10x_gpio.o
                0x08001630                GPIO_ReadOutputData
 .text.GPIO_SetBits
                0x08001648       0x1c Libraries\STM32F10x_StdPeriph_Driver\src\stm32f10x_gpio.o
                0x08001648                GPIO_SetBits
 .text.GPIO_ResetBits
                0x08001664       0x1c Libraries\STM32F10x_StdPeriph_Driver\src\stm32f10x_gpio.o
                0x08001664                GPIO_ResetBits
 .text.GPIO_WriteBit
                0x08001680       0x2e Libraries\STM32F10x_StdPeriph_Driver\src\stm32f10x_gpio.o
                0x08001680                GPIO_WriteBit
 *fill*         0x080016ae        0x2 
 .text.GPIO_PinRemapConfig
                0x080016b0       0xe0 Libraries\STM32F10x_StdPeriph_Driver\src\stm32f10x_gpio.o
                0x080016b0                GPIO_PinRemapConfig
 .text.GPIO_EXTILineConfig
                0x08001790       0x84 Libraries\STM32F10x_StdPeriph_Driver\src\stm32f10x_gpio.o
                0x08001790                GPIO_EXTILineConfig
 .text.RCC_GetClocksFreq
                0x08001814      0x160 Libraries\STM32F10x_StdPeriph_Driver\src\stm32f10x_rcc.o
                0x08001814                RCC_GetClocksFreq
 .text.RCC_APB2PeriphClockCmd
                0x08001974       0x3c Libraries\STM32F10x_StdPeriph_Driver\src\stm32f10x_rcc.o
                0x08001974                RCC_APB2PeriphClockCmd
 .text.TIM_TimeBaseInit
                0x080019b0       0xf8 Libraries\STM32F10x_StdPeriph_Driver\src\stm32f10x_tim.o
                0x080019b0                TIM_TimeBaseInit
 .text.TIM_OC1Init
                0x08001aa8      0x118 Libraries\STM32F10x_StdPeriph_Driver\src\stm32f10x_tim.o
                0x08001aa8                TIM_OC1Init
 .text.TIM_TimeBaseStructInit
                0x08001bc0       0x32 Libraries\STM32F10x_StdPeriph_Driver\src\stm32f10x_tim.o
                0x08001bc0                TIM_TimeBaseStructInit
 .text.TIM_Cmd  0x08001bf2       0x3e Libraries\STM32F10x_StdPeriph_Driver\src\stm32f10x_tim.o
                0x08001bf2                TIM_Cmd
 .text.TIM_CtrlPWMOutputs
                0x08001c30       0x4a Libraries\STM32F10x_StdPeriph_Driver\src\stm32f10x_tim.o
                0x08001c30                TIM_CtrlPWMOutputs
 .text.TIM_ITConfig
                0x08001c7a       0x46 Libraries\STM32F10x_StdPeriph_Driver\src\stm32f10x_tim.o
                0x08001c7a                TIM_ITConfig
 .text.TIM_OC1PreloadConfig
                0x08001cc0       0x36 Libraries\STM32F10x_StdPeriph_Driver\src\stm32f10x_tim.o
                0x08001cc0                TIM_OC1PreloadConfig
 .text.TIM_ClearITPendingBit
                0x08001cf6       0x20 Libraries\STM32F10x_StdPeriph_Driver\src\stm32f10x_tim.o
                0x08001cf6                TIM_ClearITPendingBit
 *fill*         0x08001d16        0x2 
 .text.USART_Init
                0x08001d18      0x174 Libraries\STM32F10x_StdPeriph_Driver\src\stm32f10x_usart.o
                0x08001d18                USART_Init
 .text.USART_Cmd
                0x08001e8c       0x3e Libraries\STM32F10x_StdPeriph_Driver\src\stm32f10x_usart.o
                0x08001e8c                USART_Cmd
 .text.USART_ITConfig
                0x08001eca       0x8e Libraries\STM32F10x_StdPeriph_Driver\src\stm32f10x_usart.o
                0x08001eca                USART_ITConfig
 .text.USART_SendData
                0x08001f58       0x22 Libraries\STM32F10x_StdPeriph_Driver\src\stm32f10x_usart.o
                0x08001f58                USART_SendData
 *fill*         0x08001f7a        0x2 
 .text.coolant_init
                0x08001f7c       0x54 src\coolant_control.o
                0x08001f7c                coolant_init
 .text.coolant_get_state
                0x08001fd0       0x48 src\coolant_control.o
                0x08001fd0                coolant_get_state
 .text.coolant_stop
                0x08002018       0x1c src\coolant_control.o
                0x08002018                coolant_stop
 .text.coolant_set_state
                0x08002034       0x58 src\coolant_control.o
                0x08002034                coolant_set_state
 .text.coolant_sync
                0x0800208c       0x2c src\coolant_control.o
                0x0800208c                coolant_sync
 .text.eeprom_flush
                0x080020b8       0x98 src\eeprom.o
                0x080020b8                eeprom_flush
 .text.eeprom_init
                0x08002150       0x70 src\eeprom.o
                0x08002150                eeprom_init
 .text.eeprom_get_char
                0x080021c0       0x20 src\eeprom.o
                0x080021c0                eeprom_get_char
 .text.eeprom_put_char
                0x080021e0       0x24 src\eeprom.o
                0x080021e0                eeprom_put_char
 .text.memcpy_to_eeprom_with_checksum
                0x08002204       0x6c src\eeprom.o
                0x08002204                memcpy_to_eeprom_with_checksum
 .text.memcpy_from_eeprom_with_checksum
                0x08002270       0x76 src\eeprom.o
                0x08002270                memcpy_from_eeprom_with_checksum
 *fill*         0x080022e6        0x2 
 .text.gc_init  0x080022e8       0x34 src\gcode.o
                0x080022e8                gc_init
 .text.gc_sync_position
                0x0800231c       0x18 src\gcode.o
                0x0800231c                gc_sync_position
 .text.gc_execute_line
                0x08002334     0x1978 src\gcode.o
                0x08002334                gc_execute_line
 .text.jog_execute
                0x08003cac       0x80 src\jog.o
                0x08003cac                jog_execute
 .text.NVIC_DisableIRQ
                0x08003d2c       0x34 src\limits.o
 .text.NVIC_ClearPendingIRQ
                0x08003d60       0x34 src\limits.o
 .text.limits_init
                0x08003d94       0xb0 src\limits.o
                0x08003d94                limits_init
 .text.limits_disable
                0x08003e44        0xe src\limits.o
                0x08003e44                limits_disable
 *fill*         0x08003e52        0x2 
 .text.limits_get_state
                0x08003e54       0x80 src\limits.o
                0x08003e54                limits_get_state
 .text.EXTI15_10_IRQHandler
                0x08003ed4       0x74 src\limits.o
                0x08003ed4                EXTI15_10_IRQHandler
 .text.limits_go_home
                0x08003f48      0x458 src\limits.o
                0x08003f48                limits_go_home
 .text.limits_soft_check
                0x080043a0       0x5c src\limits.o
                0x080043a0                limits_soft_check
 .text.USART1_Configuration
                0x080043fc       0xb8 src\main.o
                0x080043fc                USART1_Configuration
 .text.main     0x080044b4      0x124 src\main.o
                0x080044b4                main
 .text._delay_ms
                0x080045d8       0x58 src\main.o
                0x080045d8                _delay_ms
 .text.LedBlink
                0x08004630       0x34 src\main.o
                0x08004630                LedBlink
 .text.NVIC_EnableIRQ
                0x08004664       0x30 src\motion_control.o
 .text.NVIC_ClearPendingIRQ
                0x08004694       0x34 src\motion_control.o
 .text.mc_line  0x080046c8       0x98 src\motion_control.o
                0x080046c8                mc_line
 .text.mc_arc   0x08004760      0x480 src\motion_control.o
                0x08004760                mc_arc
 .text.mc_dwell
                0x08004be0       0x2c src\motion_control.o
                0x08004be0                mc_dwell
 .text.mc_homing_cycle
                0x08004c0c       0x50 src\motion_control.o
                0x08004c0c                mc_homing_cycle
 .text.mc_probe_cycle
                0x08004c5c      0x118 src\motion_control.o
                0x08004c5c                mc_probe_cycle
 .text.mc_reset
                0x08004d74       0x6c src\motion_control.o
                0x08004d74                mc_reset
 .text.read_float
                0x08004de0      0x19c src\nuts_bolts.o
                0x08004de0                read_float
 .text.delay_sec
                0x08004f7c       0x74 src\nuts_bolts.o
                0x08004f7c                delay_sec
 .text.delay_ms
                0x08004ff0       0x24 src\nuts_bolts.o
                0x08004ff0                delay_ms
 .text.hypot_f  0x08005014       0x3a src\nuts_bolts.o
                0x08005014                hypot_f
 .text.convert_delta_vector_to_unit_vector
                0x0800504e       0xb2 src\nuts_bolts.o
                0x0800504e                convert_delta_vector_to_unit_vector
 .text.limit_value_by_axis_maximum
                0x08005100       0x9c src\nuts_bolts.o
                0x08005100                limit_value_by_axis_maximum
 .text.plan_next_block_index
                0x0800519c       0x26 src\planner.o
                0x0800519c                plan_next_block_index
 .text.plan_prev_block_index
                0x080051c2       0x26 src\planner.o
 .text.planner_recalculate
                0x080051e8      0x22c src\planner.o
 .text.plan_reset
                0x08005414       0x1c src\planner.o
                0x08005414                plan_reset
 .text.plan_reset_buffer
                0x08005430       0x34 src\planner.o
                0x08005430                plan_reset_buffer
 .text.plan_discard_current_block
                0x08005464       0x4c src\planner.o
                0x08005464                plan_discard_current_block
 .text.plan_get_system_motion_block
                0x080054b0       0x24 src\planner.o
                0x080054b0                plan_get_system_motion_block
 .text.plan_get_current_block
                0x080054d4       0x38 src\planner.o
                0x080054d4                plan_get_current_block
 .text.plan_get_exec_block_exit_speed_sqr
                0x0800550c       0x48 src\planner.o
                0x0800550c                plan_get_exec_block_exit_speed_sqr
 .text.plan_check_full_buffer
                0x08005554       0x28 src\planner.o
                0x08005554                plan_check_full_buffer
 .text.plan_compute_profile_nominal_speed
                0x0800557c       0xac src\planner.o
                0x0800557c                plan_compute_profile_nominal_speed
 .text.plan_compute_profile_parameters
                0x08005628       0x64 src\planner.o
 .text.plan_update_velocity_profile_parameters
                0x0800568c       0x70 src\planner.o
                0x0800568c                plan_update_velocity_profile_parameters
 .text.plan_buffer_line
                0x080056fc      0x43c src\planner.o
                0x080056fc                plan_buffer_line
 .text.plan_sync_position
                0x08005b38       0x3c src\planner.o
                0x08005b38                plan_sync_position
 .text.plan_get_block_buffer_available
                0x08005b74       0x44 src\planner.o
                0x08005b74                plan_get_block_buffer_available
 .text.plan_cycle_reinitialize
                0x08005bb8       0x20 src\planner.o
                0x08005bb8                plan_cycle_reinitialize
 .text.printString
                0x08005bd8       0x28 src\print.o
                0x08005bd8                printString
 .text.print_uint8_base10
                0x08005c00       0xa0 src\print.o
                0x08005c00                print_uint8_base10
 .text.printFloat
                0x08005ca0      0x130 src\print.o
                0x08005ca0                printFloat
 .text.printFloat_CoordValue
                0x08005dd0       0x44 src\print.o
                0x08005dd0                printFloat_CoordValue
 .text.printFloat_RateValue
                0x08005e14       0x44 src\print.o
                0x08005e14                printFloat_RateValue
 .text.probe_init
                0x08005e58       0x38 src\probe.o
                0x08005e58                probe_init
 .text.probe_configure_invert_mask
                0x08005e90       0x50 src\probe.o
                0x08005e90                probe_configure_invert_mask
 .text.probe_get_state
                0x08005ee0       0x2c src\probe.o
                0x08005ee0                probe_get_state
 .text.probe_state_monitor
                0x08005f0c       0x44 src\probe.o
                0x08005f0c                probe_state_monitor
 .text.protocol_main_loop
                0x08005f50      0x1cc src\protocol.o
                0x08005f50                protocol_main_loop
 .text.protocol_buffer_synchronize
                0x0800611c       0x30 src\protocol.o
                0x0800611c                protocol_buffer_synchronize
 .text.protocol_auto_cycle_start
                0x0800614c       0x18 src\protocol.o
                0x0800614c                protocol_auto_cycle_start
 .text.protocol_execute_realtime
                0x08006164       0x1c src\protocol.o
                0x08006164                protocol_execute_realtime
 .text.protocol_exec_rt_system
                0x08006180      0x5a8 src\protocol.o
                0x08006180                protocol_exec_rt_system
 .text.protocol_exec_rt_suspend
                0x08006728      0x290 src\protocol.o
 .text.report_util_setting_prefix
                0x080069b8       0x26 src\report.o
                0x080069b8                report_util_setting_prefix
 *fill*         0x080069de        0x2 
 .text.report_util_line_feed
                0x080069e0       0x14 src\report.o
 .text.report_util_feedback_line_feed
                0x080069f4       0x12 src\report.o
 *fill*         0x08006a06        0x2 
 .text.report_util_gcode_modes_G
                0x08006a08       0x14 src\report.o
 .text.report_util_gcode_modes_M
                0x08006a1c       0x14 src\report.o
 .text.report_util_axis_values
                0x08006a30       0x3e src\report.o
 .text.report_util_uint8_setting
                0x08006a6e       0x2a src\report.o
 .text.report_util_float_setting
                0x08006a98       0x2e src\report.o
 *fill*         0x08006ac6        0x2 
 .text.report_status_message
                0x08006ac8       0x3c src\report.o
                0x08006ac8                report_status_message
 .text.report_alarm_message
                0x08006b04       0x30 src\report.o
                0x08006b04                report_alarm_message
 .text.report_feedback_message
                0x08006b34       0xe0 src\report.o
                0x08006b34                report_feedback_message
 .text.report_init_message
                0x08006c14       0x14 src\report.o
                0x08006c14                report_init_message
 .text.report_grbl_help
                0x08006c28       0x14 src\report.o
                0x08006c28                report_grbl_help
 .text.report_grbl_settings
                0x08006c3c      0x27c src\report.o
                0x08006c3c                report_grbl_settings
 .text.report_probe_parameters
                0x08006eb8       0x48 src\report.o
                0x08006eb8                report_probe_parameters
 .text.report_ngc_parameters
                0x08006f00       0xc0 src\report.o
                0x08006f00                report_ngc_parameters
 .text.report_gcode_modes
                0x08006fc0      0x184 src\report.o
                0x08006fc0                report_gcode_modes
 .text.report_startup_line
                0x08007144       0x38 src\report.o
                0x08007144                report_startup_line
 .text.report_execute_startup_message
                0x0800717c       0x2e src\report.o
                0x0800717c                report_execute_startup_message
 *fill*         0x080071aa        0x2 
 .text.report_build_info
                0x080071ac       0x58 src\report.o
                0x080071ac                report_build_info
 .text.report_realtime_status
                0x08007204      0x4d4 src\report.o
                0x08007204                report_realtime_status
 .text.serial_get_rx_buffer_available
                0x080076d8       0x48 src\serial.o
                0x080076d8                serial_get_rx_buffer_available
 .text.serial_init
                0x08007720        0xc src\serial.o
                0x08007720                serial_init
 .text.serial_write
                0x0800772c       0x40 src\serial.o
                0x0800772c                serial_write
 .text.serial_read
                0x0800776c       0x50 src\serial.o
                0x0800776c                serial_read
 .text.USART1_IRQHandler
                0x080077bc      0x1ec src\serial.o
                0x080077bc                USART1_IRQHandler
 .text.serial_reset_read_buffer
                0x080079a8       0x1c src\serial.o
                0x080079a8                serial_reset_read_buffer
 .text.settings_store_startup_line
                0x080079c4       0x34 src\settings.o
                0x080079c4                settings_store_startup_line
 .text.settings_store_build_info
                0x080079f8       0x1c src\settings.o
                0x080079f8                settings_store_build_info
 .text.settings_write_coord_data
                0x08007a14       0x34 src\settings.o
                0x08007a14                settings_write_coord_data
 .text.write_global_settings
                0x08007a48       0x20 src\settings.o
                0x08007a48                write_global_settings
 .text.settings_restore
                0x08007a68      0x1b8 src\settings.o
                0x08007a68                settings_restore
 .text.settings_read_startup_line
                0x08007c20       0x4c src\settings.o
                0x08007c20                settings_read_startup_line
 .text.settings_read_build_info
                0x08007c6c       0x34 src\settings.o
                0x08007c6c                settings_read_build_info
 .text.settings_read_coord_data
                0x08007ca0       0x62 src\settings.o
                0x08007ca0                settings_read_coord_data
 *fill*         0x08007d02        0x2 
 .text.read_global_settings
                0x08007d04       0x3c src\settings.o
                0x08007d04                read_global_settings
 .text.settings_store_global_setting
                0x08007d40      0x3d4 src\settings.o
                0x08007d40                settings_store_global_setting
 .text.settings_init
                0x08008114       0x22 src\settings.o
                0x08008114                settings_init
 *fill*         0x08008136        0x2 
 .text.spindle_init
                0x08008138      0x130 src\spindle_control.o
                0x08008138                spindle_init
 .text.spindle_get_state
                0x08008268       0x40 src\spindle_control.o
                0x08008268                spindle_get_state
 .text.spindle_stop
                0x080082a8       0x24 src\spindle_control.o
                0x080082a8                spindle_stop
 .text.spindle_set_speed
                0x080082cc       0x34 src\spindle_control.o
                0x080082cc                spindle_set_speed
 .text.spindle_compute_pwm_value
                0x08008300       0xf4 src\spindle_control.o
                0x08008300                spindle_compute_pwm_value
 .text.spindle_set_state
                0x080083f4       0x94 src\spindle_control.o
                0x080083f4                spindle_set_state
 .text.spindle_sync
                0x08008488       0x30 src\spindle_control.o
                0x08008488                spindle_sync
 .text.Reset_Handler
                0x080084b8       0x50 src\startup_stm32f10x_md.o
                0x080084b8                Reset_Handler
 .text.Default_Handler
                0x08008508        0x2 src\startup_stm32f10x_md.o
                0x08008508                EXTI2_IRQHandler
                0x08008508                DebugMon_Handler
                0x08008508                TIM1_CC_IRQHandler
                0x08008508                HardFault_Handler
                0x08008508                SysTick_Handler
                0x08008508                PVD_IRQHandler
                0x08008508                PendSV_Handler
                0x08008508                NMI_Handler
                0x08008508                EXTI3_IRQHandler
                0x08008508                EXTI0_IRQHandler
                0x08008508                I2C2_EV_IRQHandler
                0x08008508                UsageFault_Handler
                0x08008508                ADC1_2_IRQHandler
                0x08008508                SPI1_IRQHandler
                0x08008508                TAMPER_IRQHandler
                0x08008508                DMA1_Channel4_IRQHandler
                0x08008508                USART3_IRQHandler
                0x08008508                RTC_IRQHandler
                0x08008508                DMA1_Channel7_IRQHandler
                0x08008508                CAN1_RX1_IRQHandler
                0x08008508                TIM4_IRQHandler
                0x08008508                I2C1_EV_IRQHandler
                0x08008508                DMA1_Channel6_IRQHandler
                0x08008508                RCC_IRQHandler
                0x08008508                TIM1_TRG_COM_IRQHandler
                0x08008508                DMA1_Channel1_IRQHandler
                0x08008508                Default_Handler
                0x08008508                SPI2_IRQHandler
                0x08008508                MemManage_Handler
                0x08008508                SVC_Handler
                0x08008508                DMA1_Channel5_IRQHandler
                0x08008508                EXTI4_IRQHandler
                0x08008508                USB_LP_CAN1_RX0_IRQHandler
                0x08008508                USB_HP_CAN1_TX_IRQHandler
                0x08008508                DMA1_Channel3_IRQHandler
                0x08008508                TIM1_UP_IRQHandler
                0x08008508                WWDG_IRQHandler
                0x08008508                TIM1_BRK_IRQHandler
                0x08008508                EXTI1_IRQHandler
                0x08008508                RTCAlarm_IRQHandler
                0x08008508                USART2_IRQHandler
                0x08008508                I2C2_ER_IRQHandler
                0x08008508                DMA1_Channel2_IRQHandler
                0x08008508                CAN1_SCE_IRQHandler
                0x08008508                FLASH_IRQHandler
                0x08008508                BusFault_Handler
                0x08008508                I2C1_ER_IRQHandler
                0x08008508                USBWakeUp_IRQHandler
 *fill*         0x0800850a        0x2 
 .text.NVIC_EnableIRQ
                0x0800850c       0x30 src\stepper.o
 .text.NVIC_SetPriority
                0x0800853c       0x54 src\stepper.o
 .text.st_wake_up
                0x08008590       0xb4 src\stepper.o
                0x08008590                st_wake_up
 .text.st_go_idle
                0x08008644       0xb8 src\stepper.o
                0x08008644                st_go_idle
 .text.TIM2_IRQHandler
                0x080086fc      0x364 src\stepper.o
                0x080086fc                TIM2_IRQHandler
 .text.TIM3_IRQHandler
                0x08008a60       0x4c src\stepper.o
                0x08008a60                TIM3_IRQHandler
 .text.st_generate_step_dir_invert_masks
                0x08008aac       0x94 src\stepper.o
                0x08008aac                st_generate_step_dir_invert_masks
 .text.st_reset
                0x08008b40       0xc0 src\stepper.o
                0x08008b40                st_reset
 .text.stepper_init
                0x08008c00      0x10c src\stepper.o
                0x08008c00                stepper_init
 .text.st_update_plan_block_parameters
                0x08008d0c       0x44 src\stepper.o
                0x08008d0c                st_update_plan_block_parameters
 .text.st_next_block_index
                0x08008d50       0x26 src\stepper.o
 *fill*         0x08008d76        0x2 
 .text.st_prep_buffer
                0x08008d78      0xb88 src\stepper.o
                0x08008d78                st_prep_buffer
 .text.st_get_realtime_rate
                0x08009900       0x2c src\stepper.o
                0x08009900                st_get_realtime_rate
 .text.TIM_Configuration
                0x0800992c       0xb0 src\stepper.o
                0x0800992c                TIM_Configuration
 .text.NVIC_ClearPendingIRQ
                0x080099dc       0x34 src\system.o
 .text.system_init
                0x08009a10       0x94 src\system.o
                0x08009a10                system_init
 .text.system_control_get_state
                0x08009aa4       0x78 src\system.o
                0x08009aa4                system_control_get_state
 .text.EXTI9_5_IRQHandler
                0x08009b1c       0x74 src\system.o
                0x08009b1c                EXTI9_5_IRQHandler
 .text.system_check_safety_door_ajar
                0x08009b90       0x14 src\system.o
                0x08009b90                system_check_safety_door_ajar
 .text.system_execute_startup
                0x08009ba4       0x5e src\system.o
                0x08009ba4                system_execute_startup
 *fill*         0x08009c02        0x2 
 .text.system_execute_line
                0x08009c04      0x4e0 src\system.o
                0x08009c04                system_execute_line
 .text.system_flag_wco_change
                0x0800a0e4       0x18 src\system.o
                0x0800a0e4                system_flag_wco_change
 .text.system_convert_axis_steps_to_mpos
                0x0800a0fc       0x3c src\system.o
                0x0800a0fc                system_convert_axis_steps_to_mpos
 .text.system_convert_array_steps_to_mpos
                0x0800a138       0x3a src\system.o
                0x0800a138                system_convert_array_steps_to_mpos
 *fill*         0x0800a172        0x2 
 .text.system_check_travel_limits
                0x0800a174       0x68 src\system.o
                0x0800a174                system_check_travel_limits
 .text.system_set_exec_state_flag
                0x0800a1dc       0x2c src\system.o
                0x0800a1dc                system_set_exec_state_flag
 .text.system_clear_exec_state_flag
                0x0800a208       0x38 src\system.o
                0x0800a208                system_clear_exec_state_flag
 .text.system_set_exec_alarm
                0x0800a240       0x24 src\system.o
                0x0800a240                system_set_exec_alarm
 .text.system_clear_exec_alarm
                0x0800a264       0x1c src\system.o
                0x0800a264                system_clear_exec_alarm
 .text.system_set_exec_motion_override_flag
                0x0800a280       0x2c src\system.o
                0x0800a280                system_set_exec_motion_override_flag
 .text.system_set_exec_accessory_override_flag
                0x0800a2ac       0x2c src\system.o
                0x0800a2ac                system_set_exec_accessory_override_flag
 .text.system_clear_exec_motion_overrides
                0x0800a2d8       0x1c src\system.o
                0x0800a2d8                system_clear_exec_motion_overrides
 .text.system_clear_exec_accessory_overrides
                0x0800a2f4       0x1c src\system.o
                0x0800a2f4                system_clear_exec_accessory_overrides
 .text.SystemInit
                0x0800a310       0x68 src\system_stm32f10x.o
                0x0800a310                SystemInit
 .text.SetSysClock
                0x0800a378        0xc src\system_stm32f10x.o
 .text.SetSysClockTo72
                0x0800a384      0x100 src\system_stm32f10x.o
 .text.__libc_init_array
                0x0800a484       0x48 c:/program files (x86)/atollic/truestudio for stm32 9.2.0/armtools/bin/../lib/gcc/arm-atollic-eabi/6.3.1/../../../../arm-atollic-eabi/lib/armv7-m\libc.a(lib_a-init.o)
                0x0800a484                __libc_init_array
 .text.memcmp   0x0800a4cc       0x1e c:/program files (x86)/atollic/truestudio for stm32 9.2.0/armtools/bin/../lib/gcc/arm-atollic-eabi/6.3.1/../../../../arm-atollic-eabi/lib/armv7-m\libc.a(lib_a-memcmp.o)
                0x0800a4cc                memcmp
 .text.memset   0x0800a4ea       0x10 c:/program files (x86)/atollic/truestudio for stm32 9.2.0/armtools/bin/../lib/gcc/arm-atollic-eabi/6.3.1/../../../../arm-atollic-eabi/lib/armv7-m\libc.a(lib_a-memset.o)
                0x0800a4ea                memset
 *fill*         0x0800a4fa        0x2 
 .text.ceilf    0x0800a4fc       0x80 c:/program files (x86)/atollic/truestudio for stm32 9.2.0/armtools/bin/../lib/gcc/arm-atollic-eabi/6.3.1/../../../../arm-atollic-eabi/lib/armv7-m\libm.a(lib_a-sf_ceil.o)
                0x0800a4fc                ceilf
 .text.cosf     0x0800a57c       0x68 c:/program files (x86)/atollic/truestudio for stm32 9.2.0/armtools/bin/../lib/gcc/arm-atollic-eabi/6.3.1/../../../../arm-atollic-eabi/lib/armv7-m\libm.a(lib_a-sf_cos.o)
                0x0800a57c                cosf
 .text.floorf   0x0800a5e4       0x80 c:/program files (x86)/atollic/truestudio for stm32 9.2.0/armtools/bin/../lib/gcc/arm-atollic-eabi/6.3.1/../../../../arm-atollic-eabi/lib/armv7-m\libm.a(lib_a-sf_floor.o)
                0x0800a5e4                floorf
 .text.lroundf  0x0800a664       0x58 c:/program files (x86)/atollic/truestudio for stm32 9.2.0/armtools/bin/../lib/gcc/arm-atollic-eabi/6.3.1/../../../../arm-atollic-eabi/lib/armv7-m\libm.a(lib_a-sf_lround.o)
                0x0800a664                lroundf
 .text.sinf     0x0800a6bc       0x6c c:/program files (x86)/atollic/truestudio for stm32 9.2.0/armtools/bin/../lib/gcc/arm-atollic-eabi/6.3.1/../../../../arm-atollic-eabi/lib/armv7-m\libm.a(lib_a-sf_sin.o)
                0x0800a6bc                sinf
 .text.truncf   0x0800a728       0x24 c:/program files (x86)/atollic/truestudio for stm32 9.2.0/armtools/bin/../lib/gcc/arm-atollic-eabi/6.3.1/../../../../arm-atollic-eabi/lib/armv7-m\libm.a(lib_a-sf_trunc.o)
                0x0800a728                truncf
 .text.atan2f   0x0800a74c        0x4 c:/program files (x86)/atollic/truestudio for stm32 9.2.0/armtools/bin/../lib/gcc/arm-atollic-eabi/6.3.1/../../../../arm-atollic-eabi/lib/armv7-m\libm.a(lib_a-wf_atan2.o)
                0x0800a74c                atan2f
 .text.sqrtf    0x0800a750       0x94 c:/program files (x86)/atollic/truestudio for stm32 9.2.0/armtools/bin/../lib/gcc/arm-atollic-eabi/6.3.1/../../../../arm-atollic-eabi/lib/armv7-m\libm.a(lib_a-wf_sqrt.o)
                0x0800a750                sqrtf
 .text.__ieee754_atan2f
                0x0800a7e4      0x120 c:/program files (x86)/atollic/truestudio for stm32 9.2.0/armtools/bin/../lib/gcc/arm-atollic-eabi/6.3.1/../../../../arm-atollic-eabi/lib/armv7-m\libm.a(lib_a-ef_atan2.o)
                0x0800a7e4                __ieee754_atan2f
 .text.__ieee754_rem_pio2f
                0x0800a904      0x2b0 c:/program files (x86)/atollic/truestudio for stm32 9.2.0/armtools/bin/../lib/gcc/arm-atollic-eabi/6.3.1/../../../../arm-atollic-eabi/lib/armv7-m\libm.a(lib_a-ef_rem_pio2.o)
                0x0800a904                __ieee754_rem_pio2f
 .text.__ieee754_sqrtf
                0x0800abb4       0xa4 c:/program files (x86)/atollic/truestudio for stm32 9.2.0/armtools/bin/../lib/gcc/arm-atollic-eabi/6.3.1/../../../../arm-atollic-eabi/lib/armv7-m\libm.a(lib_a-ef_sqrt.o)
                0x0800abb4                __ieee754_sqrtf
 .text.__kernel_cosf
                0x0800ac58      0x128 c:/program files (x86)/atollic/truestudio for stm32 9.2.0/armtools/bin/../lib/gcc/arm-atollic-eabi/6.3.1/../../../../arm-atollic-eabi/lib/armv7-m\libm.a(lib_a-kf_cos.o)
                0x0800ac58                __kernel_cosf
 .text.__kernel_rem_pio2f
                0x0800ad80      0x51c c:/program files (x86)/atollic/truestudio for stm32 9.2.0/armtools/bin/../lib/gcc/arm-atollic-eabi/6.3.1/../../../../arm-atollic-eabi/lib/armv7-m\libm.a(lib_a-kf_rem_pio2.o)
                0x0800ad80                __kernel_rem_pio2f
 .text.__kernel_sinf
                0x0800b29c       0xec c:/program files (x86)/atollic/truestudio for stm32 9.2.0/armtools/bin/../lib/gcc/arm-atollic-eabi/6.3.1/../../../../arm-atollic-eabi/lib/armv7-m\libm.a(lib_a-kf_sin.o)
                0x0800b29c                __kernel_sinf
 .text.matherr  0x0800b388        0x4 c:/program files (x86)/atollic/truestudio for stm32 9.2.0/armtools/bin/../lib/gcc/arm-atollic-eabi/6.3.1/../../../../arm-atollic-eabi/lib/armv7-m\libm.a(lib_a-s_matherr.o)
                0x0800b388                matherr
 .text.atanf    0x0800b38c      0x220 c:/program files (x86)/atollic/truestudio for stm32 9.2.0/armtools/bin/../lib/gcc/arm-atollic-eabi/6.3.1/../../../../arm-atollic-eabi/lib/armv7-m\libm.a(lib_a-sf_atan.o)
                0x0800b38c                atanf
 .text.fabsf    0x0800b5ac        0x6 c:/program files (x86)/atollic/truestudio for stm32 9.2.0/armtools/bin/../lib/gcc/arm-atollic-eabi/6.3.1/../../../../arm-atollic-eabi/lib/armv7-m\libm.a(lib_a-sf_fabs.o)
                0x0800b5ac                fabsf
 *fill*         0x0800b5b2        0x2 
 .text.scalbnf  0x0800b5b4       0x98 c:/program files (x86)/atollic/truestudio for stm32 9.2.0/armtools/bin/../lib/gcc/arm-atollic-eabi/6.3.1/../../../../arm-atollic-eabi/lib/armv7-m\libm.a(lib_a-sf_scalbn.o)
                0x0800b5b4                scalbnf
 .text.copysignf
                0x0800b64c        0xc c:/program files (x86)/atollic/truestudio for stm32 9.2.0/armtools/bin/../lib/gcc/arm-atollic-eabi/6.3.1/../../../../arm-atollic-eabi/lib/armv7-m\libm.a(lib_a-sf_copysign.o)
                0x0800b64c                copysignf
 .text.__errno  0x0800b658        0xc c:/program files (x86)/atollic/truestudio for stm32 9.2.0/armtools/bin/../lib/gcc/arm-atollic-eabi/6.3.1/../../../../arm-atollic-eabi/lib/armv7-m\libc.a(lib_a-errno.o)
                0x0800b658                __errno
 *(.glue_7)
 .glue_7        0x0800b664        0x0 linker stubs
 *(.glue_7t)
 .glue_7t       0x0800b664        0x0 linker stubs
 *(.eh_frame)
 .eh_frame      0x0800b664        0x0 c:/program files (x86)/atollic/truestudio for stm32 9.2.0/armtools/bin/../lib/gcc/arm-atollic-eabi/6.3.1/armv7-m/crtbegin.o
 *(.init)
 .init          0x0800b664        0x4 c:/program files (x86)/atollic/truestudio for stm32 9.2.0/armtools/bin/../lib/gcc/arm-atollic-eabi/6.3.1/armv7-m/crti.o
                0x0800b664                _init
 .init          0x0800b668        0x8 c:/program files (x86)/atollic/truestudio for stm32 9.2.0/armtools/bin/../lib/gcc/arm-atollic-eabi/6.3.1/armv7-m/crtn.o
 *(.fini)
 .fini          0x0800b670        0x4 c:/program files (x86)/atollic/truestudio for stm32 9.2.0/armtools/bin/../lib/gcc/arm-atollic-eabi/6.3.1/armv7-m/crti.o
                0x0800b670                _fini
 .fini          0x0800b674        0x8 c:/program files (x86)/atollic/truestudio for stm32 9.2.0/armtools/bin/../lib/gcc/arm-atollic-eabi/6.3.1/armv7-m/crtn.o
                0x0800b67c                . = ALIGN (0x4)
                0x0800b67c                _etext = .

.vfp11_veneer   0x0800b67c        0x0
 .vfp11_veneer  0x0800b67c        0x0 linker stubs

.v4_bx          0x0800b67c        0x0
 .v4_bx         0x0800b67c        0x0 linker stubs

.iplt           0x0800b67c        0x0
 .iplt          0x0800b67c        0x0 c:/program files (x86)/atollic/truestudio for stm32 9.2.0/armtools/bin/../lib/gcc/arm-atollic-eabi/6.3.1/armv7-m/crtbegin.o

.rodata         0x0800b67c      0x62c
                0x0800b67c                . = ALIGN (0x4)
 *(.rodata)
 .rodata        0x0800b67c      0x220 src\report.o
 *(.rodata*)
 .rodata.step_pin_mask
                0x0800b89c        0x6 src\stepper.o
                0x0800b89c                step_pin_mask
 *fill*         0x0800b8a2        0x2 
 .rodata.direction_pin_mask
                0x0800b8a4        0x6 src\stepper.o
                0x0800b8a4                direction_pin_mask
 *fill*         0x0800b8aa        0x2 
 .rodata.limit_pin_mask
                0x0800b8ac        0x6 src\stepper.o
                0x0800b8ac                limit_pin_mask
 .rodata.sqrtf.str1.1
                0x0800b8b2        0x6 c:/program files (x86)/atollic/truestudio for stm32 9.2.0/armtools/bin/../lib/gcc/arm-atollic-eabi/6.3.1/../../../../arm-atollic-eabi/lib/armv7-m\libm.a(lib_a-wf_sqrt.o)
 .rodata.npio2_hw
                0x0800b8b8       0x80 c:/program files (x86)/atollic/truestudio for stm32 9.2.0/armtools/bin/../lib/gcc/arm-atollic-eabi/6.3.1/../../../../arm-atollic-eabi/lib/armv7-m\libm.a(lib_a-ef_rem_pio2.o)
 .rodata.two_over_pi
                0x0800b938      0x318 c:/program files (x86)/atollic/truestudio for stm32 9.2.0/armtools/bin/../lib/gcc/arm-atollic-eabi/6.3.1/../../../../arm-atollic-eabi/lib/armv7-m\libm.a(lib_a-ef_rem_pio2.o)
 .rodata.PIo2   0x0800bc50       0x2c c:/program files (x86)/atollic/truestudio for stm32 9.2.0/armtools/bin/../lib/gcc/arm-atollic-eabi/6.3.1/../../../../arm-atollic-eabi/lib/armv7-m\libm.a(lib_a-kf_rem_pio2.o)
 .rodata.init_jk
                0x0800bc7c        0xc c:/program files (x86)/atollic/truestudio for stm32 9.2.0/armtools/bin/../lib/gcc/arm-atollic-eabi/6.3.1/../../../../arm-atollic-eabi/lib/armv7-m\libm.a(lib_a-kf_rem_pio2.o)
 .rodata.atanhi
                0x0800bc88       0x10 c:/program files (x86)/atollic/truestudio for stm32 9.2.0/armtools/bin/../lib/gcc/arm-atollic-eabi/6.3.1/../../../../arm-atollic-eabi/lib/armv7-m\libm.a(lib_a-sf_atan.o)
 .rodata.atanlo
                0x0800bc98       0x10 c:/program files (x86)/atollic/truestudio for stm32 9.2.0/armtools/bin/../lib/gcc/arm-atollic-eabi/6.3.1/../../../../arm-atollic-eabi/lib/armv7-m\libm.a(lib_a-sf_atan.o)
                0x0800bca8                . = ALIGN (0x4)

.rel.dyn        0x0800bca8        0x0
 .rel.iplt      0x0800bca8        0x0 c:/program files (x86)/atollic/truestudio for stm32 9.2.0/armtools/bin/../lib/gcc/arm-atollic-eabi/6.3.1/armv7-m/crtbegin.o

.ARM.extab
 *(.ARM.extab* .gnu.linkonce.armextab.*)

.ARM            0x0800bca8        0x0
                0x0800bca8                __exidx_start = .
 *(.ARM.exidx*)
                0x0800bca8                __exidx_end = .

.preinit_array  0x0800bca8        0x0
                0x0800bca8                PROVIDE (__preinit_array_start, .)
 *(.preinit_array*)
                0x0800bca8                PROVIDE (__preinit_array_end, .)

.init_array     0x0800bca8        0x4
                0x0800bca8                PROVIDE (__init_array_start, .)
 *(SORT(.init_array.*))
 *(.init_array*)
 .init_array    0x0800bca8        0x4 c:/program files (x86)/atollic/truestudio for stm32 9.2.0/armtools/bin/../lib/gcc/arm-atollic-eabi/6.3.1/armv7-m/crtbegin.o
                0x0800bcac                PROVIDE (__init_array_end, .)

.fini_array     0x0800bcac        0x4
                [!provide]                PROVIDE (__fini_array_start, .)
 *(SORT(.fini_array.*))
 *(.fini_array*)
 .fini_array    0x0800bcac        0x4 c:/program files (x86)/atollic/truestudio for stm32 9.2.0/armtools/bin/../lib/gcc/arm-atollic-eabi/6.3.1/armv7-m/crtbegin.o
                [!provide]                PROVIDE (__fini_array_end, .)
                0x0800bcb0                _sidata = LOADADDR (.data)

.data           0x20000000      0x114 load address 0x0800bcb0
                0x20000000                . = ALIGN (0x4)
                0x20000000                _sdata = .
 *(.data)
 *(.data*)
 .data.APBAHBPrescTable
                0x20000000       0x10 Libraries\STM32F10x_StdPeriph_Driver\src\stm32f10x_rcc.o
 .data.ADCPrescTable
                0x20000010        0x4 Libraries\STM32F10x_StdPeriph_Driver\src\stm32f10x_rcc.o
 .data.nOnFlag.8658
                0x20000014        0x1 src\main.o
 *fill*         0x20000015        0x3 
 .data.SystemCoreClock
                0x20000018        0x4 src\system_stm32f10x.o
                0x20000018                SystemCoreClock
 .data.__fdlib_version
                0x2000001c        0x1 c:/program files (x86)/atollic/truestudio for stm32 9.2.0/armtools/bin/../lib/gcc/arm-atollic-eabi/6.3.1/../../../../arm-atollic-eabi/lib/armv7-m\libm.a(lib_a-s_lib_ver.o)
                0x2000001c                __fdlib_version
 *fill*         0x2000001d        0x3 
 .data._impure_ptr
                0x20000020        0x4 c:/program files (x86)/atollic/truestudio for stm32 9.2.0/armtools/bin/../lib/gcc/arm-atollic-eabi/6.3.1/../../../../arm-atollic-eabi/lib/armv7-m\libc.a(lib_a-impure.o)
                0x20000020                _impure_ptr
 .data.impure_data
                0x20000024       0xf0 c:/program files (x86)/atollic/truestudio for stm32 9.2.0/armtools/bin/../lib/gcc/arm-atollic-eabi/6.3.1/../../../../arm-atollic-eabi/lib/armv7-m\libc.a(lib_a-impure.o)
                0x20000114                . = ALIGN (0x4)
                0x20000114                _edata = .

.igot.plt       0x20000114        0x0 load address 0x0800bdc4
 .igot.plt      0x20000114        0x0 c:/program files (x86)/atollic/truestudio for stm32 9.2.0/armtools/bin/../lib/gcc/arm-atollic-eabi/6.3.1/armv7-m/crtbegin.o
                0x20000114                . = ALIGN (0x4)

.bss            0x20000114      0xff8 load address 0x0800bdc4
                0x20000114                _sbss = .
                0x20000114                __bss_start__ = _sbss
 *(.bss)
 .bss           0x20000114       0x1c c:/program files (x86)/atollic/truestudio for stm32 9.2.0/armtools/bin/../lib/gcc/arm-atollic-eabi/6.3.1/armv7-m/crtbegin.o
 *(.bss*)
 .bss.block_buffer
                0x20000130      0x750 src\planner.o
 .bss.block_buffer_tail
                0x20000880        0x1 src\planner.o
 .bss.block_buffer_head
                0x20000881        0x1 src\planner.o
 .bss.next_buffer_head
                0x20000882        0x1 src\planner.o
 .bss.block_buffer_planned
                0x20000883        0x1 src\planner.o
 .bss.pl        0x20000884       0x1c src\planner.o
 .bss.line      0x200008a0       0x50 src\protocol.o
 .bss.serial_rx_buffer_head
                0x200008f0        0x1 src\serial.o
                0x200008f0                serial_rx_buffer_head
 .bss.serial_rx_buffer_tail
                0x200008f1        0x1 src\serial.o
                0x200008f1                serial_rx_buffer_tail
 .bss.serial_tx_buffer_head
                0x200008f2        0x1 src\serial.o
                0x200008f2                serial_tx_buffer_head
 *fill*         0x200008f3        0x1 
 .bss.pwm_gradient
                0x200008f4        0x4 src\spindle_control.o
 .bss.st_block_buffer
                0x200008f8       0xb4 src\stepper.o
 .bss.segment_buffer
                0x200009ac       0x50 src\stepper.o
 .bss.st        0x200009fc       0x2c src\stepper.o
 .bss.segment_buffer_tail
                0x20000a28        0x1 src\stepper.o
 .bss.segment_buffer_head
                0x20000a29        0x1 src\stepper.o
 .bss.segment_next_head
                0x20000a2a        0x1 src\stepper.o
 *fill*         0x20000a2b        0x1 
 .bss.step_port_invert_mask
                0x20000a2c        0x2 src\stepper.o
 .bss.dir_port_invert_mask
                0x20000a2e        0x2 src\stepper.o
 .bss.busy      0x20000a30        0x1 src\stepper.o
 *fill*         0x20000a31        0x3 
 .bss.pl_block  0x20000a34        0x4 src\stepper.o
 .bss.st_prep_block
                0x20000a38        0x4 src\stepper.o
 .bss.prep      0x20000a3c       0x38 src\stepper.o
 *(COMMON)
 COMMON         0x20000a74      0x400 src\eeprom.o
                0x20000a74                EE_Buffer
 COMMON         0x20000e74       0x84 src\gcode.o
                0x20000e74                gc_state
                0x20000eb8                gc_block
 COMMON         0x20000ef8       0x35 src\main.o
                0x20000ef8                sys_rt_exec_motion_override
                0x20000efc                sys
                0x20000f10                sys_rt_exec_accessory_override
                0x20000f11                sys_rt_exec_state
                0x20000f12                sys_probe_state
                0x20000f14                sys_probe_position
                0x20000f20                sys_position
                0x20000f2c                sys_rt_exec_alarm
 *fill*         0x20000f2d        0x1 
 COMMON         0x20000f2e        0x2 src\probe.o
                0x20000f2e                probe_invert_mask
 COMMON         0x20000f30      0x17e src\serial.o
                0x20000f30                serial_tx_buffer
                0x20000fb0                serial_rx_buffer
 *fill*         0x200010ae        0x2 
 COMMON         0x200010b0       0x5c src\settings.o
                0x200010b0                settings
                0x2000110c                . = ALIGN (0x4)
                0x2000110c                _ebss = .
                0x2000110c                __bss_end__ = _ebss

._user_heap_stack
                0x2000110c      0x280 load address 0x0800bdc4
                0x2000110c                . = ALIGN (0x4)
                [!provide]                PROVIDE (end, .)
                [!provide]                PROVIDE (_end, .)
                0x2000118c                . = (. + _Min_Heap_Size)
 *fill*         0x2000110c       0x80 
                0x2000138c                . = (. + _Min_Stack_Size)
 *fill*         0x2000118c      0x200 
                0x2000138c                . = ALIGN (0x4)

.memory_b1_text
 *(.mb1text)
 *(.mb1text*)
 *(.mb1rodata)
 *(.mb1rodata*)

/DISCARD/
 libc.a(*)
 libm.a(*)
 libgcc.a(*)

.ARM.attributes
                0x00000000       0x29
 *(.ARM.attributes)
 .ARM.attributes
                0x00000000       0x1d c:/program files (x86)/atollic/truestudio for stm32 9.2.0/armtools/bin/../lib/gcc/arm-atollic-eabi/6.3.1/armv7-m/crti.o
 .ARM.attributes
                0x0000001d       0x2d c:/program files (x86)/atollic/truestudio for stm32 9.2.0/armtools/bin/../lib/gcc/arm-atollic-eabi/6.3.1/armv7-m/crtbegin.o
 .ARM.attributes
                0x0000004a       0x33 Libraries\STM32F10x_StdPeriph_Driver\src\misc.o
 .ARM.attributes
                0x0000007d       0x33 Libraries\STM32F10x_StdPeriph_Driver\src\stm32f10x_exti.o
 .ARM.attributes
                0x000000b0       0x33 Libraries\STM32F10x_StdPeriph_Driver\src\stm32f10x_flash.o
 .ARM.attributes
                0x000000e3       0x33 Libraries\STM32F10x_StdPeriph_Driver\src\stm32f10x_gpio.o
 .ARM.attributes
                0x00000116       0x33 Libraries\STM32F10x_StdPeriph_Driver\src\stm32f10x_rcc.o
 .ARM.attributes
                0x00000149       0x33 Libraries\STM32F10x_StdPeriph_Driver\src\stm32f10x_tim.o
 .ARM.attributes
                0x0000017c       0x33 Libraries\STM32F10x_StdPeriph_Driver\src\stm32f10x_usart.o
 .ARM.attributes
                0x000001af       0x33 src\coolant_control.o
 .ARM.attributes
                0x000001e2       0x33 src\eeprom.o
 .ARM.attributes
                0x00000215       0x33 src\gcode.o
 .ARM.attributes
                0x00000248       0x33 src\jog.o
 .ARM.attributes
                0x0000027b       0x33 src\limits.o
 .ARM.attributes
                0x000002ae       0x33 src\main.o
 .ARM.attributes
                0x000002e1       0x33 src\motion_control.o
 .ARM.attributes
                0x00000314       0x33 src\nuts_bolts.o
 .ARM.attributes
                0x00000347       0x33 src\planner.o
 .ARM.attributes
                0x0000037a       0x33 src\print.o
 .ARM.attributes
                0x000003ad       0x33 src\probe.o
 .ARM.attributes
                0x000003e0       0x33 src\protocol.o
 .ARM.attributes
                0x00000413       0x33 src\report.o
 .ARM.attributes
                0x00000446       0x33 src\serial.o
 .ARM.attributes
                0x00000479       0x33 src\settings.o
 .ARM.attributes
                0x000004ac       0x33 src\spindle_control.o
 .ARM.attributes
                0x000004df       0x21 src\startup_stm32f10x_md.o
 .ARM.attributes
                0x00000500       0x33 src\stepper.o
 .ARM.attributes
                0x00000533       0x33 src\system.o
 .ARM.attributes
                0x00000566       0x33 src\system_stm32f10x.o
 .ARM.attributes
                0x00000599       0x2d c:/program files (x86)/atollic/truestudio for stm32 9.2.0/armtools/bin/../lib/gcc/arm-atollic-eabi/6.3.1/../../../../arm-atollic-eabi/lib/armv7-m\libc.a(lib_a-init.o)
 .ARM.attributes
                0x000005c6       0x2d c:/program files (x86)/atollic/truestudio for stm32 9.2.0/armtools/bin/../lib/gcc/arm-atollic-eabi/6.3.1/../../../../arm-atollic-eabi/lib/armv7-m\libc.a(lib_a-memcmp.o)
 .ARM.attributes
                0x000005f3       0x2d c:/program files (x86)/atollic/truestudio for stm32 9.2.0/armtools/bin/../lib/gcc/arm-atollic-eabi/6.3.1/../../../../arm-atollic-eabi/lib/armv7-m\libc.a(lib_a-memset.o)
 .ARM.attributes
                0x00000620       0x2d c:/program files (x86)/atollic/truestudio for stm32 9.2.0/armtools/bin/../lib/gcc/arm-atollic-eabi/6.3.1/../../../../arm-atollic-eabi/lib/armv7-m\libm.a(lib_a-sf_ceil.o)
 .ARM.attributes
                0x0000064d       0x2d c:/program files (x86)/atollic/truestudio for stm32 9.2.0/armtools/bin/../lib/gcc/arm-atollic-eabi/6.3.1/../../../../arm-atollic-eabi/lib/armv7-m\libm.a(lib_a-sf_cos.o)
 .ARM.attributes
                0x0000067a       0x2d c:/program files (x86)/atollic/truestudio for stm32 9.2.0/armtools/bin/../lib/gcc/arm-atollic-eabi/6.3.1/../../../../arm-atollic-eabi/lib/armv7-m\libm.a(lib_a-sf_floor.o)
 .ARM.attributes
                0x000006a7       0x2d c:/program files (x86)/atollic/truestudio for stm32 9.2.0/armtools/bin/../lib/gcc/arm-atollic-eabi/6.3.1/../../../../arm-atollic-eabi/lib/armv7-m\libm.a(lib_a-sf_lround.o)
 .ARM.attributes
                0x000006d4       0x2d c:/program files (x86)/atollic/truestudio for stm32 9.2.0/armtools/bin/../lib/gcc/arm-atollic-eabi/6.3.1/../../../../arm-atollic-eabi/lib/armv7-m\libm.a(lib_a-sf_sin.o)
 .ARM.attributes
                0x00000701       0x2d c:/program files (x86)/atollic/truestudio for stm32 9.2.0/armtools/bin/../lib/gcc/arm-atollic-eabi/6.3.1/../../../../arm-atollic-eabi/lib/armv7-m\libm.a(lib_a-sf_trunc.o)
 .ARM.attributes
                0x0000072e       0x2d c:/program files (x86)/atollic/truestudio for stm32 9.2.0/armtools/bin/../lib/gcc/arm-atollic-eabi/6.3.1/../../../../arm-atollic-eabi/lib/armv7-m\libm.a(lib_a-wf_atan2.o)
 .ARM.attributes
                0x0000075b       0x2d c:/program files (x86)/atollic/truestudio for stm32 9.2.0/armtools/bin/../lib/gcc/arm-atollic-eabi/6.3.1/../../../../arm-atollic-eabi/lib/armv7-m\libm.a(lib_a-wf_sqrt.o)
 .ARM.attributes
                0x00000788       0x2d c:/program files (x86)/atollic/truestudio for stm32 9.2.0/armtools/bin/../lib/gcc/arm-atollic-eabi/6.3.1/../../../../arm-atollic-eabi/lib/armv7-m\libm.a(lib_a-ef_atan2.o)
 .ARM.attributes
                0x000007b5       0x2d c:/program files (x86)/atollic/truestudio for stm32 9.2.0/armtools/bin/../lib/gcc/arm-atollic-eabi/6.3.1/../../../../arm-atollic-eabi/lib/armv7-m\libm.a(lib_a-ef_rem_pio2.o)
 .ARM.attributes
                0x000007e2       0x2d c:/program files (x86)/atollic/truestudio for stm32 9.2.0/armtools/bin/../lib/gcc/arm-atollic-eabi/6.3.1/../../../../arm-atollic-eabi/lib/armv7-m\libm.a(lib_a-ef_sqrt.o)
 .ARM.attributes
                0x0000080f       0x2d c:/program files (x86)/atollic/truestudio for stm32 9.2.0/armtools/bin/../lib/gcc/arm-atollic-eabi/6.3.1/../../../../arm-atollic-eabi/lib/armv7-m\libm.a(lib_a-kf_cos.o)
 .ARM.attributes
                0x0000083c       0x2d c:/program files (x86)/atollic/truestudio for stm32 9.2.0/armtools/bin/../lib/gcc/arm-atollic-eabi/6.3.1/../../../../arm-atollic-eabi/lib/armv7-m\libm.a(lib_a-kf_rem_pio2.o)
 .ARM.attributes
                0x00000869       0x2d c:/program files (x86)/atollic/truestudio for stm32 9.2.0/armtools/bin/../lib/gcc/arm-atollic-eabi/6.3.1/../../../../arm-atollic-eabi/lib/armv7-m\libm.a(lib_a-kf_sin.o)
 .ARM.attributes
                0x00000896       0x2d c:/program files (x86)/atollic/truestudio for stm32 9.2.0/armtools/bin/../lib/gcc/arm-atollic-eabi/6.3.1/../../../../arm-atollic-eabi/lib/armv7-m\libm.a(lib_a-s_lib_ver.o)
 .ARM.attributes
                0x000008c3       0x2d c:/program files (x86)/atollic/truestudio for stm32 9.2.0/armtools/bin/../lib/gcc/arm-atollic-eabi/6.3.1/../../../../arm-atollic-eabi/lib/armv7-m\libm.a(lib_a-s_matherr.o)
 .ARM.attributes
                0x000008f0       0x2d c:/program files (x86)/atollic/truestudio for stm32 9.2.0/armtools/bin/../lib/gcc/arm-atollic-eabi/6.3.1/../../../../arm-atollic-eabi/lib/armv7-m\libm.a(lib_a-sf_atan.o)
 .ARM.attributes
                0x0000091d       0x2d c:/program files (x86)/atollic/truestudio for stm32 9.2.0/armtools/bin/../lib/gcc/arm-atollic-eabi/6.3.1/../../../../arm-atollic-eabi/lib/armv7-m\libm.a(lib_a-sf_fabs.o)
 .ARM.attributes
                0x0000094a       0x2d c:/program files (x86)/atollic/truestudio for stm32 9.2.0/armtools/bin/../lib/gcc/arm-atollic-eabi/6.3.1/../../../../arm-atollic-eabi/lib/armv7-m\libm.a(lib_a-sf_scalbn.o)
 .ARM.attributes
                0x00000977       0x2d c:/program files (x86)/atollic/truestudio for stm32 9.2.0/armtools/bin/../lib/gcc/arm-atollic-eabi/6.3.1/../../../../arm-atollic-eabi/lib/armv7-m\libm.a(lib_a-sf_copysign.o)
 .ARM.attributes
                0x000009a4       0x2d c:/program files (x86)/atollic/truestudio for stm32 9.2.0/armtools/bin/../lib/gcc/arm-atollic-eabi/6.3.1/../../../../arm-atollic-eabi/lib/armv7-m\libc.a(lib_a-errno.o)
 .ARM.attributes
                0x000009d1       0x2d c:/program files (x86)/atollic/truestudio for stm32 9.2.0/armtools/bin/../lib/gcc/arm-atollic-eabi/6.3.1/../../../../arm-atollic-eabi/lib/armv7-m\libc.a(lib_a-impure.o)
 .ARM.attributes
                0x000009fe       0x1d c:/program files (x86)/atollic/truestudio for stm32 9.2.0/armtools/bin/../lib/gcc/arm-atollic-eabi/6.3.1/armv7-m\libgcc.a(_arm_addsubdf3.o)
 .ARM.attributes
                0x00000a1b       0x1d c:/program files (x86)/atollic/truestudio for stm32 9.2.0/armtools/bin/../lib/gcc/arm-atollic-eabi/6.3.1/armv7-m\libgcc.a(_arm_muldivdf3.o)
 .ARM.attributes
                0x00000a38       0x1d c:/program files (x86)/atollic/truestudio for stm32 9.2.0/armtools/bin/../lib/gcc/arm-atollic-eabi/6.3.1/armv7-m\libgcc.a(_arm_cmpdf2.o)
 .ARM.attributes
                0x00000a55       0x1d c:/program files (x86)/atollic/truestudio for stm32 9.2.0/armtools/bin/../lib/gcc/arm-atollic-eabi/6.3.1/armv7-m\libgcc.a(_arm_truncdfsf2.o)
 .ARM.attributes
                0x00000a72       0x1d c:/program files (x86)/atollic/truestudio for stm32 9.2.0/armtools/bin/../lib/gcc/arm-atollic-eabi/6.3.1/armv7-m\libgcc.a(_arm_addsubsf3.o)
 .ARM.attributes
                0x00000a8f       0x1d c:/program files (x86)/atollic/truestudio for stm32 9.2.0/armtools/bin/../lib/gcc/arm-atollic-eabi/6.3.1/armv7-m\libgcc.a(_arm_muldivsf3.o)
 .ARM.attributes
                0x00000aac       0x1d c:/program files (x86)/atollic/truestudio for stm32 9.2.0/armtools/bin/../lib/gcc/arm-atollic-eabi/6.3.1/armv7-m\libgcc.a(_arm_cmpsf2.o)
 .ARM.attributes
                0x00000ac9       0x1d c:/program files (x86)/atollic/truestudio for stm32 9.2.0/armtools/bin/../lib/gcc/arm-atollic-eabi/6.3.1/armv7-m\libgcc.a(_arm_unordsf2.o)
 .ARM.attributes
                0x00000ae6       0x1d c:/program files (x86)/atollic/truestudio for stm32 9.2.0/armtools/bin/../lib/gcc/arm-atollic-eabi/6.3.1/armv7-m\libgcc.a(_arm_fixsfsi.o)
 .ARM.attributes
                0x00000b03       0x1d c:/program files (x86)/atollic/truestudio for stm32 9.2.0/armtools/bin/../lib/gcc/arm-atollic-eabi/6.3.1/armv7-m\libgcc.a(_arm_fixunssfsi.o)
 .ARM.attributes
                0x00000b20       0x1d c:/program files (x86)/atollic/truestudio for stm32 9.2.0/armtools/bin/../lib/gcc/arm-atollic-eabi/6.3.1/armv7-m/crtn.o
OUTPUT(stm32grbl11.elf elf32-littlearm)

.debug_info     0x00000000    0x18976
 .debug_info    0x00000000      0x551 Libraries\STM32F10x_StdPeriph_Driver\src\misc.o
 .debug_info    0x00000551      0x364 Libraries\STM32F10x_StdPeriph_Driver\src\stm32f10x_exti.o
 .debug_info    0x000008b5      0x7cc Libraries\STM32F10x_StdPeriph_Driver\src\stm32f10x_flash.o
 .debug_info    0x00001081      0x705 Libraries\STM32F10x_StdPeriph_Driver\src\stm32f10x_gpio.o
 .debug_info    0x00001786      0x8b6 Libraries\STM32F10x_StdPeriph_Driver\src\stm32f10x_rcc.o
 .debug_info    0x0000203c     0x1c6f Libraries\STM32F10x_StdPeriph_Driver\src\stm32f10x_tim.o
 .debug_info    0x00003cab      0x9ff Libraries\STM32F10x_StdPeriph_Driver\src\stm32f10x_usart.o
 .debug_info    0x000046aa      0xeec src\coolant_control.o
 .debug_info    0x00005596      0xf03 src\eeprom.o
 .debug_info    0x00006499     0x1022 src\gcode.o
 .debug_info    0x000074bb      0xe35 src\jog.o
 .debug_info    0x000082f0     0x1444 src\limits.o
 .debug_info    0x00009734     0x167c src\main.o
 .debug_info    0x0000adb0     0x1294 src\motion_control.o
 .debug_info    0x0000c044      0xf27 src\nuts_bolts.o
 .debug_info    0x0000cf6b     0x1246 src\planner.o
 .debug_info    0x0000e1b1      0xef1 src\print.o
 .debug_info    0x0000f0a2      0xec6 src\probe.o
 .debug_info    0x0000ff68      0xf21 src\protocol.o
 .debug_info    0x00010e89     0x10ab src\report.o
 .debug_info    0x00011f34      0xfbb src\serial.o
 .debug_info    0x00012eef      0xf6c src\settings.o
 .debug_info    0x00013e5b     0x1297 src\spindle_control.o
 .debug_info    0x000150f2       0x83 src\startup_stm32f10x_md.o
 .debug_info    0x00015175     0x1d42 src\stepper.o
 .debug_info    0x00016eb7     0x1614 src\system.o
 .debug_info    0x000184cb      0x4ab src\system_stm32f10x.o

.debug_abbrev   0x00000000     0x3c20
 .debug_abbrev  0x00000000      0x175 Libraries\STM32F10x_StdPeriph_Driver\src\misc.o
 .debug_abbrev  0x00000175      0x16b Libraries\STM32F10x_StdPeriph_Driver\src\stm32f10x_exti.o
 .debug_abbrev  0x000002e0      0x1a3 Libraries\STM32F10x_StdPeriph_Driver\src\stm32f10x_flash.o
 .debug_abbrev  0x00000483      0x1e0 Libraries\STM32F10x_StdPeriph_Driver\src\stm32f10x_gpio.o
 .debug_abbrev  0x00000663      0x1d2 Libraries\STM32F10x_StdPeriph_Driver\src\stm32f10x_rcc.o
 .debug_abbrev  0x00000835      0x1c6 Libraries\STM32F10x_StdPeriph_Driver\src\stm32f10x_tim.o
 .debug_abbrev  0x000009fb      0x192 Libraries\STM32F10x_StdPeriph_Driver\src\stm32f10x_usart.o
 .debug_abbrev  0x00000b8d      0x240 src\coolant_control.o
 .debug_abbrev  0x00000dcd      0x298 src\eeprom.o
 .debug_abbrev  0x00001065      0x23e src\gcode.o
 .debug_abbrev  0x000012a3      0x1c2 src\jog.o
 .debug_abbrev  0x00001465      0x30c src\limits.o
 .debug_abbrev  0x00001771      0x2a7 src\main.o
 .debug_abbrev  0x00001a18      0x2a8 src\motion_control.o
 .debug_abbrev  0x00001cc0      0x209 src\nuts_bolts.o
 .debug_abbrev  0x00001ec9      0x357 src\planner.o
 .debug_abbrev  0x00002220      0x20e src\print.o
 .debug_abbrev  0x0000242e      0x24f src\probe.o
 .debug_abbrev  0x0000267d      0x232 src\protocol.o
 .debug_abbrev  0x000028af      0x2ec src\report.o
 .debug_abbrev  0x00002b9b      0x2a6 src\serial.o
 .debug_abbrev  0x00002e41      0x295 src\settings.o
 .debug_abbrev  0x000030d6      0x2b2 src\spindle_control.o
 .debug_abbrev  0x00003388       0x12 src\startup_stm32f10x_md.o
 .debug_abbrev  0x0000339a      0x377 src\stepper.o
 .debug_abbrev  0x00003711      0x39e src\system.o
 .debug_abbrev  0x00003aaf      0x171 src\system_stm32f10x.o

.debug_aranges  0x00000000      0xe40
 .debug_aranges
                0x00000000       0x40 Libraries\STM32F10x_StdPeriph_Driver\src\misc.o
 .debug_aranges
                0x00000040       0x58 Libraries\STM32F10x_StdPeriph_Driver\src\stm32f10x_exti.o
 .debug_aranges
                0x00000098       0xf8 Libraries\STM32F10x_StdPeriph_Driver\src\stm32f10x_flash.o
 .debug_aranges
                0x00000190       0xa8 Libraries\STM32F10x_StdPeriph_Driver\src\stm32f10x_gpio.o
 .debug_aranges
                0x00000238      0x118 Libraries\STM32F10x_StdPeriph_Driver\src\stm32f10x_rcc.o
 .debug_aranges
                0x00000350      0x2f0 Libraries\STM32F10x_StdPeriph_Driver\src\stm32f10x_tim.o
 .debug_aranges
                0x00000640      0x100 Libraries\STM32F10x_StdPeriph_Driver\src\stm32f10x_usart.o
 .debug_aranges
                0x00000740       0x40 src\coolant_control.o
 .debug_aranges
                0x00000780       0x48 src\eeprom.o
 .debug_aranges
                0x000007c8       0x30 src\gcode.o
 .debug_aranges
                0x000007f8       0x20 src\jog.o
 .debug_aranges
                0x00000818       0x58 src\limits.o
 .debug_aranges
                0x00000870       0x38 src\main.o
 .debug_aranges
                0x000008a8       0x58 src\motion_control.o
 .debug_aranges
                0x00000900       0x48 src\nuts_bolts.o
 .debug_aranges
                0x00000948       0xa8 src\planner.o
 .debug_aranges
                0x000009f0       0x58 src\print.o
 .debug_aranges
                0x00000a48       0x38 src\probe.o
 .debug_aranges
                0x00000a80       0x48 src\protocol.o
 .debug_aranges
                0x00000ac8       0xc8 src\report.o
 .debug_aranges
                0x00000b90       0x58 src\serial.o
 .debug_aranges
                0x00000be8       0x70 src\settings.o
 .debug_aranges
                0x00000c58       0x50 src\spindle_control.o
 .debug_aranges
                0x00000ca8       0x28 src\startup_stm32f10x_md.o
 .debug_aranges
                0x00000cd0       0x88 src\stepper.o
 .debug_aranges
                0x00000d58       0xb0 src\system.o
 .debug_aranges
                0x00000e08       0x38 src\system_stm32f10x.o

.debug_ranges   0x00000000      0xd18
 .debug_ranges  0x00000000       0x30 Libraries\STM32F10x_StdPeriph_Driver\src\misc.o
 .debug_ranges  0x00000030       0x48 Libraries\STM32F10x_StdPeriph_Driver\src\stm32f10x_exti.o
 .debug_ranges  0x00000078       0xe8 Libraries\STM32F10x_StdPeriph_Driver\src\stm32f10x_flash.o
 .debug_ranges  0x00000160       0x98 Libraries\STM32F10x_StdPeriph_Driver\src\stm32f10x_gpio.o
 .debug_ranges  0x000001f8      0x108 Libraries\STM32F10x_StdPeriph_Driver\src\stm32f10x_rcc.o
 .debug_ranges  0x00000300      0x2e0 Libraries\STM32F10x_StdPeriph_Driver\src\stm32f10x_tim.o
 .debug_ranges  0x000005e0       0xf0 Libraries\STM32F10x_StdPeriph_Driver\src\stm32f10x_usart.o
 .debug_ranges  0x000006d0       0x30 src\coolant_control.o
 .debug_ranges  0x00000700       0x38 src\eeprom.o
 .debug_ranges  0x00000738       0x40 src\gcode.o
 .debug_ranges  0x00000778       0x10 src\jog.o
 .debug_ranges  0x00000788       0x48 src\limits.o
 .debug_ranges  0x000007d0       0x28 src\main.o
 .debug_ranges  0x000007f8       0x60 src\motion_control.o
 .debug_ranges  0x00000858       0x38 src\nuts_bolts.o
 .debug_ranges  0x00000890       0x98 src\planner.o
 .debug_ranges  0x00000928       0x48 src\print.o
 .debug_ranges  0x00000970       0x28 src\probe.o
 .debug_ranges  0x00000998       0x38 src\protocol.o
 .debug_ranges  0x000009d0       0xb8 src\report.o
 .debug_ranges  0x00000a88       0x48 src\serial.o
 .debug_ranges  0x00000ad0       0x78 src\settings.o
 .debug_ranges  0x00000b48       0x40 src\spindle_control.o
 .debug_ranges  0x00000b88       0x20 src\startup_stm32f10x_md.o
 .debug_ranges  0x00000ba8       0xa8 src\stepper.o
 .debug_ranges  0x00000c50       0xa0 src\system.o
 .debug_ranges  0x00000cf0       0x28 src\system_stm32f10x.o

.debug_macro    0x00000000    0x143cd
 .debug_macro   0x00000000      0x19e Libraries\STM32F10x_StdPeriph_Driver\src\misc.o
 .debug_macro   0x0000019e      0x8ce Libraries\STM32F10x_StdPeriph_Driver\src\misc.o
 .debug_macro   0x00000a6c       0x5d Libraries\STM32F10x_StdPeriph_Driver\src\misc.o
 .debug_macro   0x00000ac9       0x34 Libraries\STM32F10x_StdPeriph_Driver\src\misc.o
 .debug_macro   0x00000afd       0x22 Libraries\STM32F10x_StdPeriph_Driver\src\misc.o
 .debug_macro   0x00000b1f       0x87 Libraries\STM32F10x_StdPeriph_Driver\src\misc.o
 .debug_macro   0x00000ba6       0x51 Libraries\STM32F10x_StdPeriph_Driver\src\misc.o
 .debug_macro   0x00000bf7       0xef Libraries\STM32F10x_StdPeriph_Driver\src\misc.o
 .debug_macro   0x00000ce6       0x6a Libraries\STM32F10x_StdPeriph_Driver\src\misc.o
 .debug_macro   0x00000d50      0x1df Libraries\STM32F10x_StdPeriph_Driver\src\misc.o
 .debug_macro   0x00000f2f       0x18 Libraries\STM32F10x_StdPeriph_Driver\src\misc.o
 .debug_macro   0x00000f47      0x663 Libraries\STM32F10x_StdPeriph_Driver\src\misc.o
 .debug_macro   0x000015aa     0x7eb3 Libraries\STM32F10x_StdPeriph_Driver\src\misc.o
 .debug_macro   0x0000945d      0x2e4 Libraries\STM32F10x_StdPeriph_Driver\src\misc.o
 .debug_macro   0x00009741      0x14a Libraries\STM32F10x_StdPeriph_Driver\src\misc.o
 .debug_macro   0x0000988b      0x3cf Libraries\STM32F10x_StdPeriph_Driver\src\misc.o
 .debug_macro   0x00009c5a       0xc8 Libraries\STM32F10x_StdPeriph_Driver\src\misc.o
 .debug_macro   0x00009d22      0x17b Libraries\STM32F10x_StdPeriph_Driver\src\misc.o
 .debug_macro   0x00009e9d       0xac Libraries\STM32F10x_StdPeriph_Driver\src\misc.o
 .debug_macro   0x00009f49      0x3b0 Libraries\STM32F10x_StdPeriph_Driver\src\misc.o
 .debug_macro   0x0000a2f9       0x9d Libraries\STM32F10x_StdPeriph_Driver\src\misc.o
 .debug_macro   0x0000a396      0x2d5 Libraries\STM32F10x_StdPeriph_Driver\src\misc.o
 .debug_macro   0x0000a66b      0x279 Libraries\STM32F10x_StdPeriph_Driver\src\misc.o
 .debug_macro   0x0000a8e4      0x2ad Libraries\STM32F10x_StdPeriph_Driver\src\misc.o
 .debug_macro   0x0000ab91      0x2b4 Libraries\STM32F10x_StdPeriph_Driver\src\misc.o
 .debug_macro   0x0000ae45       0x64 Libraries\STM32F10x_StdPeriph_Driver\src\misc.o
 .debug_macro   0x0000aea9       0x82 Libraries\STM32F10x_StdPeriph_Driver\src\misc.o
 .debug_macro   0x0000af2b      0x3e2 Libraries\STM32F10x_StdPeriph_Driver\src\misc.o
 .debug_macro   0x0000b30d       0x58 Libraries\STM32F10x_StdPeriph_Driver\src\misc.o
 .debug_macro   0x0000b365      0x344 Libraries\STM32F10x_StdPeriph_Driver\src\misc.o
 .debug_macro   0x0000b6a9      0x2c4 Libraries\STM32F10x_StdPeriph_Driver\src\misc.o
 .debug_macro   0x0000b96d      0x711 Libraries\STM32F10x_StdPeriph_Driver\src\misc.o
 .debug_macro   0x0000c07e      0x229 Libraries\STM32F10x_StdPeriph_Driver\src\misc.o
 .debug_macro   0x0000c2a7       0x34 Libraries\STM32F10x_StdPeriph_Driver\src\misc.o
 .debug_macro   0x0000c2db       0x35 Libraries\STM32F10x_StdPeriph_Driver\src\misc.o
 .debug_macro   0x0000c310       0x86 Libraries\STM32F10x_StdPeriph_Driver\src\misc.o
 .debug_macro   0x0000c396      0x19e Libraries\STM32F10x_StdPeriph_Driver\src\stm32f10x_exti.o
 .debug_macro   0x0000c534       0x97 Libraries\STM32F10x_StdPeriph_Driver\src\stm32f10x_exti.o
 .debug_macro   0x0000c5cb      0x22e Libraries\STM32F10x_StdPeriph_Driver\src\stm32f10x_flash.o
 .debug_macro   0x0000c7f9      0x2cf Libraries\STM32F10x_StdPeriph_Driver\src\stm32f10x_flash.o
 .debug_macro   0x0000cac8      0x1e6 Libraries\STM32F10x_StdPeriph_Driver\src\stm32f10x_gpio.o
 .debug_macro   0x0000ccae      0x2a7 Libraries\STM32F10x_StdPeriph_Driver\src\stm32f10x_gpio.o
 .debug_macro   0x0000cf55      0x2b8 Libraries\STM32F10x_StdPeriph_Driver\src\stm32f10x_rcc.o
 .debug_macro   0x0000d20d      0x3dc Libraries\STM32F10x_StdPeriph_Driver\src\stm32f10x_rcc.o
 .debug_macro   0x0000d5e9      0x1b0 Libraries\STM32F10x_StdPeriph_Driver\src\stm32f10x_tim.o
 .debug_macro   0x0000d799      0x70b Libraries\STM32F10x_StdPeriph_Driver\src\stm32f10x_tim.o
 .debug_macro   0x0000dea4      0x24c Libraries\STM32F10x_StdPeriph_Driver\src\stm32f10x_usart.o
 .debug_macro   0x0000e0f0      0x223 Libraries\STM32F10x_StdPeriph_Driver\src\stm32f10x_usart.o
 .debug_macro   0x0000e313      0x364 src\coolant_control.o
 .debug_macro   0x0000e677       0x16 src\coolant_control.o
 .debug_macro   0x0000e68d       0x52 src\coolant_control.o
 .debug_macro   0x0000e6df       0x8d src\coolant_control.o
 .debug_macro   0x0000e76c       0x3c src\coolant_control.o
 .debug_macro   0x0000e7a8       0x9c src\coolant_control.o
 .debug_macro   0x0000e844      0x174 src\coolant_control.o
 .debug_macro   0x0000e9b8       0x57 src\coolant_control.o
 .debug_macro   0x0000ea0f       0x58 src\coolant_control.o
 .debug_macro   0x0000ea67       0x1f src\coolant_control.o
 .debug_macro   0x0000ea86       0x43 src\coolant_control.o
 .debug_macro   0x0000eac9       0x20 src\coolant_control.o
 .debug_macro   0x0000eae9      0x1a3 src\coolant_control.o
 .debug_macro   0x0000ec8c      0x30d src\coolant_control.o
 .debug_macro   0x0000ef99      0x1e1 src\coolant_control.o
 .debug_macro   0x0000f17a       0x28 src\coolant_control.o
 .debug_macro   0x0000f1a2       0x16 src\coolant_control.o
 .debug_macro   0x0000f1b8       0x35 src\coolant_control.o
 .debug_macro   0x0000f1ed       0x20 src\coolant_control.o
 .debug_macro   0x0000f20d       0x16 src\coolant_control.o
 .debug_macro   0x0000f223       0x16 src\coolant_control.o
 .debug_macro   0x0000f239       0x29 src\coolant_control.o
 .debug_macro   0x0000f262      0x2c1 src\coolant_control.o
 .debug_macro   0x0000f523      0x201 src\coolant_control.o
 .debug_macro   0x0000f724       0x8e src\coolant_control.o
 .debug_macro   0x0000f7b2       0xac src\coolant_control.o
 .debug_macro   0x0000f85e      0x196 src\coolant_control.o
 .debug_macro   0x0000f9f4       0xf2 src\coolant_control.o
 .debug_macro   0x0000fae6      0x1ca src\coolant_control.o
 .debug_macro   0x0000fcb0       0x58 src\coolant_control.o
 .debug_macro   0x0000fd08       0x28 src\coolant_control.o
 .debug_macro   0x0000fd30      0x24c src\coolant_control.o
 .debug_macro   0x0000ff7c       0x2e src\coolant_control.o
 .debug_macro   0x0000ffaa       0x16 src\coolant_control.o
 .debug_macro   0x0000ffc0       0x10 src\coolant_control.o
 .debug_macro   0x0000ffd0      0x160 src\coolant_control.o
 .debug_macro   0x00010130       0x22 src\coolant_control.o
 .debug_macro   0x00010152       0x2e src\coolant_control.o
 .debug_macro   0x00010180       0x10 src\coolant_control.o
 .debug_macro   0x00010190       0x10 src\coolant_control.o
 .debug_macro   0x000101a0      0x371 src\eeprom.o
 .debug_macro   0x00010511       0x16 src\eeprom.o
 .debug_macro   0x00010527      0x38e src\gcode.o
 .debug_macro   0x000108b5      0x364 src\jog.o
 .debug_macro   0x00010c19      0x370 src\limits.o
 .debug_macro   0x00010f89      0x3e5 src\main.o
 .debug_macro   0x0001136e       0x94 src\main.o
 .debug_macro   0x00011402       0x10 src\main.o
 .debug_macro   0x00011412      0x44c src\main.o
 .debug_macro   0x0001185e       0x28 src\main.o
 .debug_macro   0x00011886       0x5e src\main.o
 .debug_macro   0x000118e4       0x22 src\main.o
 .debug_macro   0x00011906      0x364 src\motion_control.o
 .debug_macro   0x00011c6a      0x36a src\nuts_bolts.o
 .debug_macro   0x00011fd4      0x364 src\planner.o
 .debug_macro   0x00012338      0x364 src\print.o
 .debug_macro   0x0001269c      0x364 src\probe.o
 .debug_macro   0x00012a00      0x376 src\protocol.o
 .debug_macro   0x00012d76      0x364 src\report.o
 .debug_macro   0x000130da      0x374 src\serial.o
 .debug_macro   0x0001344e      0x364 src\settings.o
 .debug_macro   0x000137b2      0x364 src\spindle_control.o
 .debug_macro   0x00013b16      0x3b8 src\stepper.o
 .debug_macro   0x00013ece      0x364 src\system.o
 .debug_macro   0x00014232      0x19b src\system_stm32f10x.o

.debug_line     0x00000000     0xdee6
 .debug_line    0x00000000      0x58e Libraries\STM32F10x_StdPeriph_Driver\src\misc.o
 .debug_line    0x0000058e      0x5e7 Libraries\STM32F10x_StdPeriph_Driver\src\stm32f10x_exti.o
 .debug_line    0x00000b75      0x80c Libraries\STM32F10x_StdPeriph_Driver\src\stm32f10x_flash.o
 .debug_line    0x00001381      0x711 Libraries\STM32F10x_StdPeriph_Driver\src\stm32f10x_gpio.o
 .debug_line    0x00001a92      0x80d Libraries\STM32F10x_StdPeriph_Driver\src\stm32f10x_rcc.o
 .debug_line    0x0000229f      0xe92 Libraries\STM32F10x_StdPeriph_Driver\src\stm32f10x_tim.o
 .debug_line    0x00003131      0x7df Libraries\STM32F10x_StdPeriph_Driver\src\stm32f10x_usart.o
 .debug_line    0x00003910      0x774 src\coolant_control.o
 .debug_line    0x00004084      0x83f src\eeprom.o
 .debug_line    0x000048c3      0xbcc src\gcode.o
 .debug_line    0x0000548f      0x705 src\jog.o
 .debug_line    0x00005b94      0x8b2 src\limits.o
 .debug_line    0x00006446      0x960 src\main.o
 .debug_line    0x00006da6      0x877 src\motion_control.o
 .debug_line    0x0000761d      0x7fe src\nuts_bolts.o
 .debug_line    0x00007e1b      0x9b9 src\planner.o
 .debug_line    0x000087d4      0x80b src\print.o
 .debug_line    0x00008fdf      0x745 src\probe.o
 .debug_line    0x00009724      0x98d src\protocol.o
 .debug_line    0x0000a0b1      0xa4d src\report.o
 .debug_line    0x0000aafe      0x7dc src\serial.o
 .debug_line    0x0000b2da      0x8bd src\settings.o
 .debug_line    0x0000bb97      0x7d9 src\spindle_control.o
 .debug_line    0x0000c370       0x7c src\startup_stm32f10x_md.o
 .debug_line    0x0000c3ec      0xa5f src\stepper.o
 .debug_line    0x0000ce4b      0xae9 src\system.o
 .debug_line    0x0000d934      0x5b2 src\system_stm32f10x.o

.debug_str      0x00000000    0x5c6ba
 .debug_str     0x00000000    0x4d107 Libraries\STM32F10x_StdPeriph_Driver\src\misc.o
                              0x4d297 (size before relaxing)
 .debug_str     0x0004d107      0x1f9 Libraries\STM32F10x_StdPeriph_Driver\src\stm32f10x_exti.o
                              0x4d21a (size before relaxing)
 .debug_str     0x0004d300      0x7bd Libraries\STM32F10x_StdPeriph_Driver\src\stm32f10x_flash.o
                              0x4d81c (size before relaxing)
 .debug_str     0x0004dabd      0x5b8 Libraries\STM32F10x_StdPeriph_Driver\src\stm32f10x_gpio.o
                              0x4d609 (size before relaxing)
 .debug_str     0x0004e075      0xb65 Libraries\STM32F10x_StdPeriph_Driver\src\stm32f10x_rcc.o
                              0x4dbef (size before relaxing)
 .debug_str     0x0004ebda      0xc29 Libraries\STM32F10x_StdPeriph_Driver\src\stm32f10x_tim.o
                              0x4dd0d (size before relaxing)
 .debug_str     0x0004f803      0x804 Libraries\STM32F10x_StdPeriph_Driver\src\stm32f10x_usart.o
                              0x4d919 (size before relaxing)
 .debug_str     0x00050007     0x8134 src\coolant_control.o
                              0x5552b (size before relaxing)
 .debug_str     0x0005813b      0x12f src\eeprom.o
                              0x55517 (size before relaxing)
 .debug_str     0x0005826a      0x218 src\gcode.o
                              0x555b5 (size before relaxing)
 .debug_str     0x00058482       0x19 src\jog.o
                              0x553f3 (size before relaxing)
 .debug_str     0x0005849b      0x444 src\limits.o
                              0x55ae6 (size before relaxing)
 .debug_str     0x000588df     0x276b src\main.o
                              0x5816c (size before relaxing)
 .debug_str     0x0005b04a      0x124 src\motion_control.o
                              0x5586b (size before relaxing)
 .debug_str     0x0005b16e       0xda src\nuts_bolts.o
                              0x554a9 (size before relaxing)
 .debug_str     0x0005b248      0x35e src\planner.o
                              0x55753 (size before relaxing)
 .debug_str     0x0005b5a6       0xc1 src\print.o
                              0x55447 (size before relaxing)
 .debug_str     0x0005b667       0x6c src\probe.o
                              0x55533 (size before relaxing)
 .debug_str     0x0005b6d3      0x177 src\protocol.o
                              0x555b0 (size before relaxing)
 .debug_str     0x0005b84a      0x2a9 src\report.o
                              0x5563c (size before relaxing)
 .debug_str     0x0005baf3      0x17b src\serial.o
                              0x55562 (size before relaxing)
 .debug_str     0x0005bc6e      0x12e src\settings.o
                              0x554dd (size before relaxing)
 .debug_str     0x0005bd9c       0xc2 src\spindle_control.o
                              0x5579f (size before relaxing)
 .debug_str     0x0005be5e      0x59e src\stepper.o
                              0x56131 (size before relaxing)
 .debug_str     0x0005c3fc      0x238 src\system.o
                              0x55bf6 (size before relaxing)
 .debug_str     0x0005c634       0x86 src\system_stm32f10x.o
                              0x4d199 (size before relaxing)

.comment        0x00000000       0x7c
 .comment       0x00000000       0x7c Libraries\STM32F10x_StdPeriph_Driver\src\misc.o
                                 0x7d (size before relaxing)
 .comment       0x0000007c       0x7d Libraries\STM32F10x_StdPeriph_Driver\src\stm32f10x_exti.o
 .comment       0x0000007c       0x7d Libraries\STM32F10x_StdPeriph_Driver\src\stm32f10x_flash.o
 .comment       0x0000007c       0x7d Libraries\STM32F10x_StdPeriph_Driver\src\stm32f10x_gpio.o
 .comment       0x0000007c       0x7d Libraries\STM32F10x_StdPeriph_Driver\src\stm32f10x_rcc.o
 .comment       0x0000007c       0x7d Libraries\STM32F10x_StdPeriph_Driver\src\stm32f10x_tim.o
 .comment       0x0000007c       0x7d Libraries\STM32F10x_StdPeriph_Driver\src\stm32f10x_usart.o
 .comment       0x0000007c       0x7d src\coolant_control.o
 .comment       0x0000007c       0x7d src\eeprom.o
 .comment       0x0000007c       0x7d src\gcode.o
 .comment       0x0000007c       0x7d src\jog.o
 .comment       0x0000007c       0x7d src\limits.o
 .comment       0x0000007c       0x7d src\main.o
 .comment       0x0000007c       0x7d src\motion_control.o
 .comment       0x0000007c       0x7d src\nuts_bolts.o
 .comment       0x0000007c       0x7d src\planner.o
 .comment       0x0000007c       0x7d src\print.o
 .comment       0x0000007c       0x7d src\probe.o
 .comment       0x0000007c       0x7d src\protocol.o
 .comment       0x0000007c       0x7d src\report.o
 .comment       0x0000007c       0x7d src\serial.o
 .comment       0x0000007c       0x7d src\settings.o
 .comment       0x0000007c       0x7d src\spindle_control.o
 .comment       0x0000007c       0x7d src\stepper.o
 .comment       0x0000007c       0x7d src\system.o
 .comment       0x0000007c       0x7d src\system_stm32f10x.o

.debug_frame    0x00000000     0x3fc8
 .debug_frame   0x00000000       0xd8 Libraries\STM32F10x_StdPeriph_Driver\src\misc.o
 .debug_frame   0x000000d8      0x148 Libraries\STM32F10x_StdPeriph_Driver\src\stm32f10x_exti.o
 .debug_frame   0x00000220      0x410 Libraries\STM32F10x_StdPeriph_Driver\src\stm32f10x_flash.o
 .debug_frame   0x00000630      0x2d0 Libraries\STM32F10x_StdPeriph_Driver\src\stm32f10x_gpio.o
 .debug_frame   0x00000900      0x4f4 Libraries\STM32F10x_StdPeriph_Driver\src\stm32f10x_rcc.o
 .debug_frame   0x00000df4      0xe2c Libraries\STM32F10x_StdPeriph_Driver\src\stm32f10x_tim.o
 .debug_frame   0x00001c20      0x490 Libraries\STM32F10x_StdPeriph_Driver\src\stm32f10x_usart.o
 .debug_frame   0x000020b0       0xbc src\coolant_control.o
 .debug_frame   0x0000216c       0xf4 src\eeprom.o
 .debug_frame   0x00002260       0x74 src\gcode.o
 .debug_frame   0x000022d4       0x34 src\jog.o
 .debug_frame   0x00002308      0x12c src\limits.o
 .debug_frame   0x00002434       0x98 src\main.o
 .debug_frame   0x000024cc      0x138 src\motion_control.o
 .debug_frame   0x00002604       0xf0 src\nuts_bolts.o
 .debug_frame   0x000026f4      0x284 src\planner.o
 .debug_frame   0x00002978      0x138 src\print.o
 .debug_frame   0x00002ab0       0x94 src\probe.o
 .debug_frame   0x00002b44       0xd8 src\protocol.o
 .debug_frame   0x00002c1c      0x2f8 src\report.o
 .debug_frame   0x00002f14      0x138 src\serial.o
 .debug_frame   0x0000304c      0x190 src\settings.o
 .debug_frame   0x000031dc      0x104 src\spindle_control.o
 .debug_frame   0x000032e0      0x204 src\stepper.o
 .debug_frame   0x000034e4      0x2c0 src\system.o
 .debug_frame   0x000037a4       0x98 src\system_stm32f10x.o
 .debug_frame   0x0000383c       0x2c c:/program files (x86)/atollic/truestudio for stm32 9.2.0/armtools/bin/../lib/gcc/arm-atollic-eabi/6.3.1/../../../../arm-atollic-eabi/lib/armv7-m\libc.a(lib_a-init.o)
 .debug_frame   0x00003868       0x28 c:/program files (x86)/atollic/truestudio for stm32 9.2.0/armtools/bin/../lib/gcc/arm-atollic-eabi/6.3.1/../../../../arm-atollic-eabi/lib/armv7-m\libc.a(lib_a-memcmp.o)
 .debug_frame   0x00003890       0x20 c:/program files (x86)/atollic/truestudio for stm32 9.2.0/armtools/bin/../lib/gcc/arm-atollic-eabi/6.3.1/../../../../arm-atollic-eabi/lib/armv7-m\libc.a(lib_a-memset.o)
 .debug_frame   0x000038b0       0x2c c:/program files (x86)/atollic/truestudio for stm32 9.2.0/armtools/bin/../lib/gcc/arm-atollic-eabi/6.3.1/../../../../arm-atollic-eabi/lib/armv7-m\libm.a(lib_a-sf_ceil.o)
 .debug_frame   0x000038dc       0x2c c:/program files (x86)/atollic/truestudio for stm32 9.2.0/armtools/bin/../lib/gcc/arm-atollic-eabi/6.3.1/../../../../arm-atollic-eabi/lib/armv7-m\libm.a(lib_a-sf_cos.o)
 .debug_frame   0x00003908       0x2c c:/program files (x86)/atollic/truestudio for stm32 9.2.0/armtools/bin/../lib/gcc/arm-atollic-eabi/6.3.1/../../../../arm-atollic-eabi/lib/armv7-m\libm.a(lib_a-sf_floor.o)
 .debug_frame   0x00003934       0x28 c:/program files (x86)/atollic/truestudio for stm32 9.2.0/armtools/bin/../lib/gcc/arm-atollic-eabi/6.3.1/../../../../arm-atollic-eabi/lib/armv7-m\libm.a(lib_a-sf_lround.o)
 .debug_frame   0x0000395c       0x2c c:/program files (x86)/atollic/truestudio for stm32 9.2.0/armtools/bin/../lib/gcc/arm-atollic-eabi/6.3.1/../../../../arm-atollic-eabi/lib/armv7-m\libm.a(lib_a-sf_sin.o)
 .debug_frame   0x00003988       0x20 c:/program files (x86)/atollic/truestudio for stm32 9.2.0/armtools/bin/../lib/gcc/arm-atollic-eabi/6.3.1/../../../../arm-atollic-eabi/lib/armv7-m\libm.a(lib_a-sf_trunc.o)