Archive member included to satisfy reference by file (symbol)

c:/program files (x86)/atollic/truestudio for stm32 9.2.0/armtools/bin/../lib/gcc/arm-atollic-eabi/6.3.1/../../../../arm-atollic-eabi/lib/armv7-m\libc.a(lib_a-init.o)
                              src\startup_stm32f10x_md.o (__libc_init_array)
c:/program files (x86)/atollic/truestudio for stm32 9.2.0/armtools/bin/../lib/gcc/arm-atollic-eabi/6.3.1/../../../../arm-atollic-eabi/lib/armv7-m\libc.a(lib_a-memcmp.o)
                              src\gcode.o (memcmp)
c:/program files (x86)/atollic/truestudio for stm32 9.2.0/armtools/bin/../lib/gcc/arm-atollic-eabi/6.3.1/../../../../arm-atollic-eabi/lib/armv7-m\libc.a(lib_a-memset.o)
                              src\eeprom.o (memset)
c:/program files (x86)/atollic/truestudio for stm32 9.2.0/armtools/bin/../lib/gcc/arm-atollic-eabi/6.3.1/../../../../arm-atollic-eabi/lib/armv7-m\libm.a(lib_a-sf_ceil.o)
                              src\nuts_bolts.o (ceilf)
c:/program files (x86)/atollic/truestudio for stm32 9.2.0/armtools/bin/../lib/gcc/arm-atollic-eabi/6.3.1/../../../../arm-atollic-eabi/lib/armv7-m\libm.a(lib_a-sf_cos.o)
                              src\motion_control.o (cosf)
c:/program files (x86)/atollic/truestudio for stm32 9.2.0/armtools/bin/../lib/gcc/arm-atollic-eabi/6.3.1/../../../../arm-atollic-eabi/lib/armv7-m\libm.a(lib_a-sf_floor.o)
                              src\motion_control.o (floorf)
c:/program files (x86)/atollic/truestudio for stm32 9.2.0/armtools/bin/../lib/gcc/arm-atollic-eabi/6.3.1/../../../../arm-atollic-eabi/lib/armv7-m\libm.a(lib_a-sf_lround.o)
                              src\gcode.o (lroundf)
c:/program files (x86)/atollic/truestudio for stm32 9.2.0/armtools/bin/../lib/gcc/arm-atollic-eabi/6.3.1/../../../../arm-atollic-eabi/lib/armv7-m\libm.a(lib_a-sf_sin.o)
                              src\motion_control.o (sinf)
c:/program files (x86)/atollic/truestudio for stm32 9.2.0/armtools/bin/../lib/gcc/arm-atollic-eabi/6.3.1/../../../../arm-atollic-eabi/lib/armv7-m\libm.a(lib_a-wf_atan2.o)
                              src\motion_control.o (atan2f)
c:/program files (x86)/atollic/truestudio for stm32 9.2.0/armtools/bin/../lib/gcc/arm-atollic-eabi/6.3.1/../../../../arm-atollic-eabi/lib/armv7-m\libm.a(lib_a-wf_sqrt.o)
                              src\gcode.o (sqrtf)
c:/program files (x86)/atollic/truestudio for stm32 9.2.0/armtools/bin/../lib/gcc/arm-atollic-eabi/6.3.1/../../../../arm-atollic-eabi/lib/armv7-m\libm.a(lib_a-ef_atan2.o)
                              c:/program files (x86)/atollic/truestudio for stm32 9.2.0/armtools/bin/../lib/gcc/arm-atollic-eabi/6.3.1/../../../../arm-atollic-eabi/lib/armv7-m\libm.a(lib_a-wf_atan2.o) (__ieee754_atan2f)
c:/program files (x86)/atollic/truestudio for stm32 9.2.0/armtools/bin/../lib/gcc/arm-atollic-eabi/6.3.1/../../../../arm-atollic-eabi/lib/armv7-m\libm.a(lib_a-ef_rem_pio2.o)
                              c:/program files (x86)/atollic/truestudio for stm32 9.2.0/armtools/bin/../lib/gcc/arm-atollic-eabi/6.3.1/../../../../arm-atollic-eabi/lib/armv7-m\libm.a(lib_a-sf_cos.o) (__ieee754_rem_pio2f)
c:/program files (x86)/atollic/truestudio for stm32 9.2.0/armtools/bin/../lib/gcc/arm-atollic-eabi/6.3.1/../../../../arm-atollic-eabi/lib/armv7-m\libm.a(lib_a-ef_sqrt.o)
                              c:/program files (x86)/atollic/truestudio for stm32 9.2.0/armtools/bin/../lib/gcc/arm-atollic-eabi/6.3.1/../../../../arm-atollic-eabi/lib/armv7-m\libm.a(lib_a-wf_sqrt.o) (__ieee754_sqrtf)
c:/program files (x86)/atollic/truestudio for stm32 9.2.0/armtools/bin/../lib/gcc/arm-atollic-eabi/6.3.1/../../../../arm-atollic-eabi/lib/armv7-m\libm.a(lib_a-kf_cos.o)
                              c:/program files (x86)/atollic/truestudio for stm32 9.2.0/armtools/bin/../lib/gcc/arm-atollic-eabi/6.3.1/../../../../arm-atollic-eabi/lib/armv7-m\libm.a(lib_a-sf_cos.o) (__kernel_cosf)
c:/program files (x86)/atollic/truestudio for stm32 9.2.0/armtools/bin/../lib/gcc/arm-atollic-eabi/6.3.1/../../../../arm-atollic-eabi/lib/armv7-m\libm.a(lib_a-kf_rem_pio2.o)
                              c:/program files (x86)/atollic/truestudio for stm32 9.2.0/armtools/bin/../lib/gcc/arm-atollic-eabi/6.3.1/../../../../arm-atollic-eabi/lib/armv7-m\libm.a(lib_a-ef_rem_pio2.o) (__kernel_rem_pio2f)
c:/program files (x86)/atollic/truestudio for stm32 9.2.0/armtools/bin/../lib/gcc/arm-atollic-eabi/6.3.1/../../../../arm-atollic-eabi/lib/armv7-m\libm.a(lib_a-kf_sin.o)
                              c:/program files (x86)/atollic/truestudio for stm32 9.2.0/armtools/bin/../lib/gcc/arm-atollic-eabi/6.3.1/../../../../arm-atollic-eabi/lib/armv7-m\libm.a(lib_a-sf_cos.o) (__kernel_sinf)
c:/program files (x86)/atollic/truestudio for stm32 9.2.0/armtools/bin/../lib/gcc/arm-atollic-eabi/6.3.1/../../../../arm-atollic-eabi/lib/armv7-m\libm.a(lib_a-s_lib_ver.o)
[...]
Memory Configuration

Name             Origin             Length             Attributes
FLASH            0x08000000         0x00010000         xr
RAM              0x20000000         0x00005000         xrw
MEMORY_B1        0x60000000         0x00000000         xr
*default*        0x00000000         0xffffffff

Linker script and memory map

LOAD c:/program files (x86)/atollic/truestudio for stm32 9.2.0/armtools/bin/../lib/gcc/arm-atollic-eabi/6.3.1/armv7-m/crti.o
LOAD c:/program files (x86)/atollic/truestudio for stm32 9.2.0/armtools/bin/../lib/gcc/arm-atollic-eabi/6.3.1/armv7-m/crtbegin.o
LOAD Libraries\STM32F10x_StdPeriph_Driver\src\misc.o
LOAD Libraries\STM32F10x_StdPeriph_Driver\src\stm32f10x_adc.o
LOAD Libraries\STM32F10x_StdPeriph_Driver\src\stm32f10x_bkp.o
LOAD Libraries\STM32F10x_StdPeriph_Driver\src\stm32f10x_can.o
LOAD Libraries\STM32F10x_StdPeriph_Driver\src\stm32f10x_cec.o
LOAD Libraries\STM32F10x_StdPeriph_Driver\src\stm32f10x_crc.o
LOAD Libraries\STM32F10x_StdPeriph_Driver\src\stm32f10x_dac.o
LOAD Libraries\STM32F10x_StdPeriph_Driver\src\stm32f10x_dbgmcu.o
LOAD Libraries\STM32F10x_StdPeriph_Driver\src\stm32f10x_dma.o
LOAD Libraries\STM32F10x_StdPeriph_Driver\src\stm32f10x_exti.o
LOAD Libraries\STM32F10x_StdPeriph_Driver\src\stm32f10x_flash.o
LOAD Libraries\STM32F10x_StdPeriph_Driver\src\stm32f10x_fsmc.o
LOAD Libraries\STM32F10x_StdPeriph_Driver\src\stm32f10x_gpio.o
LOAD Libraries\STM32F10x_StdPeriph_Driver\src\stm32f10x_i2c.o
LOAD Libraries\STM32F10x_StdPeriph_Driver\src\stm32f10x_iwdg.o
LOAD Libraries\STM32F10x_StdPeriph_Driver\src\stm32f10x_pwr.o
LOAD Libraries\STM32F10x_StdPeriph_Driver\src\stm32f10x_rcc.o
LOAD Libraries\STM32F10x_StdPeriph_Driver\src\stm32f10x_rtc.o
LOAD Libraries\STM32F10x_StdPeriph_Driver\src\stm32f10x_sdio.o
LOAD Libraries\STM32F10x_StdPeriph_Driver\src\stm32f10x_spi.o
LOAD Libraries\STM32F10x_StdPeriph_Driver\src\stm32f10x_tim.o
LOAD Libraries\STM32F10x_StdPeriph_Driver\src\stm32f10x_usart.o
LOAD Libraries\STM32F10x_StdPeriph_Driver\src\stm32f10x_wwdg.o
LOAD src\coolant_control.o
LOAD src\eeprom.o
LOAD src\gcode.o
LOAD src\jog.o
LOAD src\limits.o
LOAD src\main.o
LOAD src\motion_control.o
LOAD src\nuts_bolts.o
LOAD src\planner.o
LOAD src\print.o
LOAD src\probe.o
LOAD src\protocol.o
LOAD src\report.o
LOAD src\serial.o
LOAD src\settings.o
LOAD src\spindle_control.o
LOAD src\startup_stm32f10x_md.o
LOAD src\stepper.o
LOAD src\system.o
LOAD src\system_stm32f10x.o
LOAD stm_usb_fs_lib\src\usb_core.o
LOAD stm_usb_fs_lib\src\usb_init.o
LOAD stm_usb_fs_lib\src\usb_int.o
LOAD stm_usb_fs_lib\src\usb_mem.o
LOAD stm_usb_fs_lib\src\usb_regs.o
LOAD stm_usb_fs_lib\src\usb_sil.o
LOAD usb\hw_config.o
LOAD usb\usb_desc.o
LOAD usb\usb_endp.o
LOAD usb\usb_istr.o
LOAD usb\usb_prop.o
LOAD usb\usb_pwr.o
LOAD util\stm32f10x_it.o
                0x00000080                malloc_getpagesize_P = 0x80
START GROUP
LOAD c:/program files (x86)/atollic/truestudio for stm32 9.2.0/armtools/bin/../lib/gcc/arm-atollic-eabi/6.3.1/../../../../arm-atollic-eabi/lib/armv7-m\libc.a
LOAD c:/program files (x86)/atollic/truestudio for stm32 9.2.0/armtools/bin/../lib/gcc/arm-atollic-eabi/6.3.1/../../../../arm-atollic-eabi/lib/armv7-m\libm.a
END GROUP
START GROUP
LOAD c:/program files (x86)/atollic/truestudio for stm32 9.2.0/armtools/bin/../lib/gcc/arm-atollic-eabi/6.3.1/armv7-m\libgcc.a
LOAD c:/program files (x86)/atollic/truestudio for stm32 9.2.0/armtools/bin/../lib/gcc/arm-atollic-eabi/6.3.1/../../../../arm-atollic-eabi/lib/armv7-m\libc.a
END GROUP
START GROUP
LOAD c:/program files (x86)/atollic/truestudio for stm32 9.2.0/armtools/bin/../lib/gcc/arm-atollic-eabi/6.3.1/armv7-m\libgcc.a
LOAD c:/program files (x86)/atollic/truestudio for stm32 9.2.0/armtools/bin/../lib/gcc/arm-atollic-eabi/6.3.1/../../../../arm-atollic-eabi/lib/armv7-m\libc.a
LOAD c:/program files (x86)/atollic/truestudio for stm32 9.2.0/armtools/bin/../lib/gcc/arm-atollic-eabi/6.3.1/../../../../arm-atollic-eabi/lib/armv7-m\libnosys.a
END GROUP
LOAD c:/program files (x86)/atollic/truestudio for stm32 9.2.0/armtools/bin/../lib/gcc/arm-atollic-eabi/6.3.1/armv7-m/crtend.o
LOAD c:/program files (x86)/atollic/truestudio for stm32 9.2.0/armtools/bin/../lib/gcc/arm-atollic-eabi/6.3.1/armv7-m/crtn.o
                0x20005000                _estack = 0x20005000
                0x00000080                _Min_Heap_Size = 0x80
                0x00000200                _Min_Stack_Size = 0x200

.isr_vector     0x08000000      0x10c
                0x08000000                . = ALIGN (0x4)
 *(.isr_vector)
 .isr_vector    0x08000000      0x10c src\startup_stm32f10x_md.o
                0x08000000                g_pfnVectors
                0x0800010c                . = ALIGN (0x4)

.text           0x08000110     0xa87c
                0x08000110                . = ALIGN (0x4)
 *(.text)
 .text          0x08000110       0x40 c:/program files (x86)/atollic/truestudio for stm32 9.2.0/armtools/bin/../lib/gcc/arm-atollic-eabi/6.3.1/armv7-m/crtbegin.o
 .text          0x08000150      0x370 c:/program files (x86)/atollic/truestudio for stm32 9.2.0/armtools/bin/../lib/gcc/arm-atollic-eabi/6.3.1/armv7-m\libgcc.a(_arm_addsubdf3.o)
                0x08000150                __aeabi_drsub
                0x08000158                __aeabi_dsub
                0x08000158                __subdf3
                0x0800015c                __aeabi_dadd
                0x0800015c                __adddf3
                0x080003d4                __floatunsidf
                0x080003d4                __aeabi_ui2d
                0x080003f4                __floatsidf
                0x080003f4                __aeabi_i2d
                0x08000418                __aeabi_f2d
                0x08000418                __extendsfdf2
                0x08000454                __floatundidf
                0x08000454                __aeabi_ul2d
                0x08000464                __floatdidf
                0x08000464                __aeabi_l2d
 .text          0x080004c0      0x424 c:/program files (x86)/atollic/truestudio for stm32 9.2.0/armtools/bin/../lib/gcc/arm-atollic-eabi/6.3.1/armv7-m\libgcc.a(_arm_muldivdf3.o)
                0x080004c0                __aeabi_dmul
                0x080004c0                __muldf3
                0x08000714                __divdf3
                0x08000714                __aeabi_ddiv
 .text          0x080008e4      0x110 c:/program files (x86)/atollic/truestudio for stm32 9.2.0/armtools/bin/../lib/gcc/arm-atollic-eabi/6.3.1/armv7-m\libgcc.a(_arm_cmpdf2.o)
                0x080008e4                __gtdf2
                0x080008e4                __gedf2
                0x080008ec                __ltdf2
                0x080008ec                __ledf2
                0x080008f4                __nedf2
                0x080008f4                __eqdf2
                0x080008f4                __cmpdf2
                0x08000970                __aeabi_cdrcmple
                0x08000980                __aeabi_cdcmpeq
                0x08000980                __aeabi_cdcmple
                0x08000990                __aeabi_dcmpeq
                0x080009a4                __aeabi_dcmplt
                0x080009b8                __aeabi_dcmple
                0x080009cc                __aeabi_dcmpge
                0x080009e0                __aeabi_dcmpgt
 .text          0x080009f4       0xa0 c:/program files (x86)/atollic/truestudio for stm32 9.2.0/armtools/bin/../lib/gcc/arm-atollic-eabi/6.3.1/armv7-m\libgcc.a(_arm_truncdfsf2.o)
                0x080009f4                __truncdfsf2
                0x080009f4                __aeabi_d2f
 .text          0x08000a94      0x21c c:/program files (x86)/atollic/truestudio for stm32 9.2.0/armtools/bin/../lib/gcc/arm-atollic-eabi/6.3.1/armv7-m\libgcc.a(_arm_addsubsf3.o)
                0x08000a94                __aeabi_frsub
                0x08000a9c                __subsf3
                0x08000a9c                __aeabi_fsub
                0x08000aa0                __aeabi_fadd
                0x08000aa0                __addsf3
                0x08000c00                __aeabi_ui2f
                0x08000c00                __floatunsisf
                0x08000c08                __aeabi_i2f
                0x08000c08                __floatsisf
                0x08000c24                __aeabi_ul2f
                0x08000c24                __floatundisf
                0x08000c34                __aeabi_l2f
                0x08000c34                __floatdisf
 .text          0x08000cb0      0x2a0 c:/program files (x86)/atollic/truestudio for stm32 9.2.0/armtools/bin/../lib/gcc/arm-atollic-eabi/6.3.1/armv7-m\libgcc.a(_arm_muldivsf3.o)
                0x08000cb0                __mulsf3
                0x08000cb0                __aeabi_fmul
                0x08000e18                __aeabi_fdiv
                0x08000e18                __divsf3
 .text          0x08000f50       0xec c:/program files (x86)/atollic/truestudio for stm32 9.2.0/armtools/bin/../lib/gcc/arm-atollic-eabi/6.3.1/armv7-m\libgcc.a(_arm_cmpsf2.o)
                0x08000f50                __gesf2
                0x08000f50                __gtsf2
                0x08000f58                __lesf2
                0x08000f58                __ltsf2
                0x08000f60                __nesf2
                0x08000f60                __eqsf2
                0x08000f60                __cmpsf2
                0x08000fc0                __aeabi_cfrcmple
                0x08000fc8                __aeabi_cfcmpeq
                0x08000fc8                __aeabi_cfcmple
                0x08000fd8                __aeabi_fcmpeq
                0x08000fec                __aeabi_fcmplt
                0x08001000                __aeabi_fcmple
                0x08001014                __aeabi_fcmpge
                0x08001028                __aeabi_fcmpgt
 .text          0x0800103c       0x2c c:/program files (x86)/atollic/truestudio for stm32 9.2.0/armtools/bin/../lib/gcc/arm-atollic-eabi/6.3.1/armv7-m\libgcc.a(_arm_unordsf2.o)
                0x0800103c                __unordsf2
                0x0800103c                __aeabi_fcmpun
 .text          0x08001068       0x4c c:/program files (x86)/atollic/truestudio for stm32 9.2.0/armtools/bin/../lib/gcc/arm-atollic-eabi/6.3.1/armv7-m\libgcc.a(_arm_fixsfsi.o)
                0x08001068                __aeabi_f2iz
                0x08001068                __fixsfsi
 .text          0x080010b4       0x40 c:/program files (x86)/atollic/truestudio for stm32 9.2.0/armtools/bin/../lib/gcc/arm-atollic-eabi/6.3.1/armv7-m\libgcc.a(_arm_fixunssfsi.o)
                0x080010b4                __fixunssfsi
                0x080010b4                __aeabi_f2uiz
 *(.text*)
 .text.NVIC_PriorityGroupConfig
                0x080010f4       0x14 Libraries\STM32F10x_StdPeriph_Driver\src\misc.o
                0x080010f4                NVIC_PriorityGroupConfig
 .text.NVIC_Init
                0x08001108       0x64 Libraries\STM32F10x_StdPeriph_Driver\src\misc.o
                0x08001108                NVIC_Init
 .text.EXTI_Init
                0x0800116c       0x7c Libraries\STM32F10x_StdPeriph_Driver\src\stm32f10x_exti.o
                0x0800116c                EXTI_Init
 .text.EXTI_GetITStatus
                0x080011e8       0x1c Libraries\STM32F10x_StdPeriph_Driver\src\stm32f10x_exti.o
                0x080011e8                EXTI_GetITStatus
 .text.EXTI_ClearITPendingBit
                0x08001204        0xc Libraries\STM32F10x_StdPeriph_Driver\src\stm32f10x_exti.o
                0x08001204                EXTI_ClearITPendingBit
 .text.FLASH_Unlock
                0x08001210       0x18 Libraries\STM32F10x_StdPeriph_Driver\src\stm32f10x_flash.o
                0x08001210                FLASH_Unlock
 .text.FLASH_ErasePage
                0x08001228       0xec Libraries\STM32F10x_StdPeriph_Driver\src\stm32f10x_flash.o
                0x08001228                FLASH_ErasePage
 .text.FLASH_ProgramHalfWord
                0x08001314       0xec Libraries\STM32F10x_StdPeriph_Driver\src\stm32f10x_flash.o
                0x08001314                FLASH_ProgramHalfWord
 .text.GPIO_Init
                0x08001400      0x36c Libraries\STM32F10x_StdPeriph_Driver\src\stm32f10x_gpio.o
                0x08001400                GPIO_Init
 .text.GPIO_ReadInputData
                0x0800176c        0x8 Libraries\STM32F10x_StdPeriph_Driver\src\stm32f10x_gpio.o
                0x0800176c                GPIO_ReadInputData
 .text.GPIO_ReadOutputData
                0x08001774        0x8 Libraries\STM32F10x_StdPeriph_Driver\src\stm32f10x_gpio.o
                0x08001774                GPIO_ReadOutputData
 .text.GPIO_SetBits
                0x0800177c        0x4 Libraries\STM32F10x_StdPeriph_Driver\src\stm32f10x_gpio.o
                0x0800177c                GPIO_SetBits
 .text.GPIO_ResetBits
                0x08001780        0x4 Libraries\STM32F10x_StdPeriph_Driver\src\stm32f10x_gpio.o
                0x08001780                GPIO_ResetBits
 .text.GPIO_WriteBit
                0x08001784        0xc Libraries\STM32F10x_StdPeriph_Driver\src\stm32f10x_gpio.o
                0x08001784                GPIO_WriteBit
 .text.GPIO_PinRemapConfig
                0x08001790       0x6c Libraries\STM32F10x_StdPeriph_Driver\src\stm32f10x_gpio.o
                0x08001790                GPIO_PinRemapConfig
 .text.GPIO_EXTILineConfig
                0x080017fc       0x30 Libraries\STM32F10x_StdPeriph_Driver\src\stm32f10x_gpio.o
                0x080017fc                GPIO_EXTILineConfig
 .text.RCC_GetClocksFreq
                0x0800182c       0x9c Libraries\STM32F10x_StdPeriph_Driver\src\stm32f10x_rcc.o
                0x0800182c                RCC_GetClocksFreq
 .text.RCC_APB2PeriphClockCmd
                0x080018c8       0x18 Libraries\STM32F10x_StdPeriph_Driver\src\stm32f10x_rcc.o
                0x080018c8                RCC_APB2PeriphClockCmd
 .text.TIM_TimeBaseInit
                0x080018e0       0xac Libraries\STM32F10x_StdPeriph_Driver\src\stm32f10x_tim.o
                0x080018e0                TIM_TimeBaseInit
 .text.TIM_OC1Init
                0x0800198c       0x90 Libraries\STM32F10x_StdPeriph_Driver\src\stm32f10x_tim.o
                0x0800198c                TIM_OC1Init
 .text.TIM_TimeBaseStructInit
                0x08001a1c       0x10 Libraries\STM32F10x_StdPeriph_Driver\src\stm32f10x_tim.o
                0x08001a1c                TIM_TimeBaseStructInit
 .text.TIM_Cmd  0x08001a2c       0x1c Libraries\STM32F10x_StdPeriph_Driver\src\stm32f10x_tim.o
                0x08001a2c                TIM_Cmd
 .text.TIM_CtrlPWMOutputs
                0x08001a48       0x20 Libraries\STM32F10x_StdPeriph_Driver\src\stm32f10x_tim.o
                0x08001a48                TIM_CtrlPWMOutputs
 .text.TIM_ITConfig
                0x08001a68       0x14 Libraries\STM32F10x_StdPeriph_Driver\src\stm32f10x_tim.o
                0x08001a68                TIM_ITConfig
 .text.TIM_OC1PreloadConfig
                0x08001a7c       0x10 Libraries\STM32F10x_StdPeriph_Driver\src\stm32f10x_tim.o
                0x08001a7c                TIM_OC1PreloadConfig
 .text.TIM_ClearITPendingBit
                0x08001a8c        0x8 Libraries\STM32F10x_StdPeriph_Driver\src\stm32f10x_tim.o
                0x08001a8c                TIM_ClearITPendingBit
 .text.USART_Init
                0x08001a94       0xbc Libraries\STM32F10x_StdPeriph_Driver\src\stm32f10x_usart.o
                0x08001a94                USART_Init
 .text.USART_Cmd
                0x08001b50       0x1c Libraries\STM32F10x_StdPeriph_Driver\src\stm32f10x_usart.o
                0x08001b50                USART_Cmd
 .text.USART_ITConfig
                0x08001b6c       0x38 Libraries\STM32F10x_StdPeriph_Driver\src\stm32f10x_usart.o
                0x08001b6c                USART_ITConfig
 .text.USART_SendData
                0x08001ba4        0x8 Libraries\STM32F10x_StdPeriph_Driver\src\stm32f10x_usart.o
                0x08001ba4                USART_SendData
 .text.coolant_init
                0x08001bac       0x64 src\coolant_control.o
                0x08001bac                coolant_init
 .text.coolant_get_state
                0x08001c10       0x24 src\coolant_control.o
                0x08001c10                coolant_get_state
 .text.coolant_stop
                0x08001c34       0x1c src\coolant_control.o
                0x08001c34                coolant_stop
 .text.coolant_set_state
                0x08001c50       0x48 src\coolant_control.o
                0x08001c50                coolant_set_state
 .text.coolant_sync
                0x08001c98       0x54 src\coolant_control.o
                0x08001c98                coolant_sync
 .text.eeprom_init
                0x08001cec       0x3c src\eeprom.o
                0x08001cec                eeprom_init
 .text.eeprom_get_char
                0x08001d28        0xc src\eeprom.o
                0x08001d28                eeprom_get_char
 .text.eeprom_put_char
                0x08001d34        0xc src\eeprom.o
                0x08001d34                eeprom_put_char
 .text.memcpy_to_eeprom_with_checksum
                0x08001d40       0xa4 src\eeprom.o
                0x08001d40                memcpy_to_eeprom_with_checksum
 .text.memcpy_from_eeprom_with_checksum
                0x08001de4       0x44 src\eeprom.o
                0x08001de4                memcpy_from_eeprom_with_checksum
 .text.gc_init  0x08001e28       0x2c src\gcode.o
                0x08001e28                gc_init
 .text.gc_sync_position
                0x08001e54       0x10 src\gcode.o
                0x08001e54                gc_sync_position
 .text.gc_execute_line
                0x08001e64     0x11c8 src\gcode.o
                0x08001e64                gc_execute_line
 .text.jog_execute
                0x0800302c       0x60 src\jog.o
                0x0800302c                jog_execute
 .text.limits_init
                0x0800308c       0xa0 src\limits.o
                0x0800308c                limits_init
 .text.limits_disable
                0x0800312c       0x10 src\limits.o
                0x0800312c                limits_disable
 .text.limits_get_state
                0x0800313c       0x54 src\limits.o
                0x0800313c                limits_get_state
 .text.EXTI15_10_IRQHandler
                0x08003190       0x74 src\limits.o
                0x08003190                EXTI15_10_IRQHandler
 .text.limits_go_home
                0x08003204      0x3e0 src\limits.o
                0x08003204                limits_go_home
 .text.limits_soft_check
                0x080035e4       0x44 src\limits.o
                0x080035e4                limits_soft_check
 .text.USART1_Configuration
                0x08003628       0xb0 src\main.o
                0x08003628                USART1_Configuration
 .text.startup.main
                0x080036d8      0x114 src\main.o
                0x080036d8                main
 .text._delay_ms
                0x080037ec       0x30 src\main.o
                0x080037ec                _delay_ms
 .text.LedBlink
                0x0800381c       0x28 src\main.o
                0x0800381c                LedBlink
 .text.mc_line  0x08003844       0x68 src\motion_control.o
                0x08003844                mc_line
 *fill*         0x080038ac        0x4 
 .text.mc_arc   0x080038b0      0x404 src\motion_control.o
                0x080038b0                mc_arc
 .text.mc_dwell
                0x08003cb4       0x24 src\motion_control.o
                0x08003cb4                mc_dwell
 .text.mc_homing_cycle
                0x08003cd8       0x44 src\motion_control.o
                0x08003cd8                mc_homing_cycle
 .text.mc_probe_cycle
                0x08003d1c      0x124 src\motion_control.o
                0x08003d1c                mc_probe_cycle
 .text.mc_reset
                0x08003e40       0x60 src\motion_control.o
                0x08003e40                mc_reset
 .text.read_float
                0x08003ea0      0x110 src\nuts_bolts.o
                0x08003ea0                read_float
 .text.delay_sec
                0x08003fb0       0x70 src\nuts_bolts.o
                0x08003fb0                delay_sec
 .text.delay_ms
                0x08004020       0x20 src\nuts_bolts.o
                0x08004020                delay_ms
 .text.hypot_f  0x08004040       0x24 src\nuts_bolts.o
                0x08004040                hypot_f
 .text.convert_delta_vector_to_unit_vector
                0x08004064       0xa0 src\nuts_bolts.o
                0x08004064                convert_delta_vector_to_unit_vector
 .text.limit_value_by_axis_maximum
                0x08004104       0x80 src\nuts_bolts.o
                0x08004104                limit_value_by_axis_maximum
 .text.planner_recalculate
                0x08004184      0x1e4 src\planner.o
 .text.plan_reset
                0x08004368       0x40 src\planner.o
                0x08004368                plan_reset
 .text.plan_discard_current_block
                0x080043a8       0x34 src\planner.o
                0x080043a8                plan_discard_current_block
 .text.plan_get_system_motion_block
                0x080043dc       0x18 src\planner.o
                0x080043dc                plan_get_system_motion_block
 .text.plan_get_current_block
                0x080043f4       0x24 src\planner.o
                0x080043f4                plan_get_current_block
 .text.plan_get_exec_block_exit_speed_sqr
                0x08004418       0x34 src\planner.o
                0x08004418                plan_get_exec_block_exit_speed_sqr
 .text.plan_check_full_buffer
                0x0800444c       0x1c src\planner.o
                0x0800444c                plan_check_full_buffer
 .text.plan_compute_profile_nominal_speed
                0x08004468       0x6c src\planner.o
                0x08004468                plan_compute_profile_nominal_speed
 .text.plan_update_velocity_profile_parameters
                0x080044d4       0xf8 src\planner.o
                0x080044d4                plan_update_velocity_profile_parameters
 .text.plan_buffer_line
                0x080045cc      0x458 src\planner.o
                0x080045cc                plan_buffer_line
 .text.plan_sync_position
                0x08004a24       0x14 src\planner.o
                0x08004a24                plan_sync_position
 .text.plan_get_block_buffer_available
                0x08004a38       0x24 src\planner.o
                0x08004a38                plan_get_block_buffer_available
 .text.plan_cycle_reinitialize
                0x08004a5c       0x20 src\planner.o
                0x08004a5c                plan_cycle_reinitialize
 .text.printString
                0x08004a7c       0x18 src\print.o
                0x08004a7c                printString
 .text.print_uint8_base10
                0x08004a94       0x84 src\print.o
                0x08004a94                print_uint8_base10
 .text.printFloat
                0x08004b18       0xe4 src\print.o
                0x08004b18                printFloat
 .text.printFloat_CoordValue
                0x08004bfc      0x1d0 src\print.o
                0x08004bfc                printFloat_CoordValue
 .text.printFloat_RateValue
                0x08004dcc      0x148 src\print.o
                0x08004dcc                printFloat_RateValue
 .text.probe_init
                0x08004f14       0x4c src\probe.o
                0x08004f14                probe_init
 .text.probe_configure_invert_mask
                0x08004f60       0x28 src\probe.o
                0x08004f60                probe_configure_invert_mask
 .text.probe_get_state
                0x08004f88       0x20 src\probe.o
                0x08004f88                probe_get_state
 .text.probe_state_monitor
                0x08004fa8       0x48 src\probe.o
                0x08004fa8                probe_state_monitor
 .text.protocol_auto_cycle_start
                0x08004ff0       0x14 src\protocol.o
                0x08004ff0                protocol_auto_cycle_start
 .text.protocol_exec_rt_system
                0x08005004      0x3d4 src\protocol.o
                0x08005004                protocol_exec_rt_system
 .text.protocol_exec_rt_suspend
                0x080053d8      0x670 src\protocol.o
 .text.protocol_execute_realtime
                0x08005a48      0x3e4 src\protocol.o
                0x08005a48                protocol_execute_realtime
 .text.protocol_buffer_synchronize
                0x08005e2c      0x478 src\protocol.o
                0x08005e2c                protocol_buffer_synchronize
 .text.protocol_main_loop
                0x080062a4      0x174 src\protocol.o
                0x080062a4                protocol_main_loop
 .text.report_status_message
                0x08006418       0x30 src\report.o
                0x08006418                report_status_message
 .text.report_alarm_message
                0x08006448       0x2c src\report.o
                0x08006448                report_alarm_message
 .text.report_feedback_message
                0x08006474       0xbc src\report.o
                0x08006474                report_feedback_message
 .text.report_init_message
                0x08006530        0xc src\report.o
                0x08006530                report_init_message
 .text.report_grbl_help
                0x0800653c        0xc src\report.o
                0x0800653c                report_grbl_help
 .text.report_grbl_settings
                0x08006548      0x538 src\report.o
                0x08006548                report_grbl_settings
 .text.report_probe_parameters
                0x08006a80       0x60 src\report.o
                0x08006a80                report_probe_parameters
 .text.report_ngc_parameters
                0x08006ae0      0x1d0 src\report.o
                0x08006ae0                report_ngc_parameters
 .text.report_gcode_modes
                0x08006cb0      0x170 src\report.o
                0x08006cb0                report_gcode_modes
 .text.report_startup_line
                0x08006e20       0x30 src\report.o
                0x08006e20                report_startup_line
 .text.report_execute_startup_message
                0x08006e50       0x48 src\report.o
                0x08006e50                report_execute_startup_message
 .text.report_build_info
                0x08006e98       0x64 src\report.o
                0x08006e98                report_build_info
 .text.report_realtime_status
                0x08006efc      0x39c src\report.o
                0x08006efc                report_realtime_status
 .text.serial_get_rx_buffer_available
                0x08007298       0x24 src\serial.o
                0x08007298                serial_get_rx_buffer_available
 .text.serial_init
                0x080072bc        0x4 src\serial.o
                0x080072bc                serial_init
 .text.serial_write
                0x080072c0       0x18 src\serial.o
                0x080072c0                serial_write
 .text.serial_read
                0x080072d8       0x30 src\serial.o
                0x080072d8                serial_read
 .text.USART1_IRQHandler
                0x08007308      0x1b0 src\serial.o
                0x08007308                USART1_IRQHandler
 .text.serial_reset_read_buffer
                0x080074b8       0x14 src\serial.o
                0x080074b8                serial_reset_read_buffer
 .text.settings_store_startup_line
                0x080074cc       0x24 src\settings.o
                0x080074cc                settings_store_startup_line
 .text.settings_store_build_info
                0x080074f0        0xc src\settings.o
                0x080074f0                settings_store_build_info
 .text.settings_write_coord_data
                0x080074fc       0x24 src\settings.o
                0x080074fc                settings_write_coord_data
 .text.settings_restore
                0x08007520      0x124 src\settings.o
                0x08007520                settings_restore
 .text.settings_read_startup_line
                0x08007644       0x38 src\settings.o
                0x08007644                settings_read_startup_line
 .text.settings_read_build_info
                0x0800767c       0x28 src\settings.o
                0x0800767c                settings_read_build_info
 .text.settings_read_coord_data
                0x080076a4       0x3c src\settings.o
                0x080076a4                settings_read_coord_data
 .text.settings_store_global_setting
                0x080076e0      0x2ac src\settings.o
                0x080076e0                settings_store_global_setting
 .text.settings_init
                0x0800798c      0x130 src\settings.o
                0x0800798c                settings_init
 .text.spindle_init
                0x08007abc      0x12c src\spindle_control.o
                0x08007abc                spindle_init
 .text.spindle_get_state
                0x08007be8       0x24 src\spindle_control.o
                0x08007be8                spindle_get_state
 .text.spindle_stop
                0x08007c0c       0x20 src\spindle_control.o
                0x08007c0c                spindle_stop
 .text.spindle_set_speed
                0x08007c2c       0x14 src\spindle_control.o
                0x08007c2c                spindle_set_speed
 .text.spindle_compute_pwm_value
                0x08007c40       0x8c src\spindle_control.o
                0x08007c40                spindle_compute_pwm_value
 .text.spindle_set_state
                0x08007ccc      0x114 src\spindle_control.o
                0x08007ccc                spindle_set_state
 .text.spindle_sync
                0x08007de0      0x118 src\spindle_control.o
                0x08007de0                spindle_sync
 .text.Reset_Handler
                0x08007ef8       0x50 src\startup_stm32f10x_md.o
                0x08007ef8                Reset_Handler
 .text.Default_Handler
                0x08007f48        0x2 src\startup_stm32f10x_md.o
                0x08007f48                EXTI2_IRQHandler
                0x08007f48                DebugMon_Handler
                0x08007f48                TIM1_CC_IRQHandler
                0x08007f48                HardFault_Handler
                0x08007f48                SysTick_Handler
                0x08007f48                PVD_IRQHandler
                0x08007f48                PendSV_Handler
                0x08007f48                NMI_Handler
                0x08007f48                EXTI3_IRQHandler
                0x08007f48                EXTI0_IRQHandler
                0x08007f48                I2C2_EV_IRQHandler
                0x08007f48                UsageFault_Handler
                0x08007f48                ADC1_2_IRQHandler
                0x08007f48                SPI1_IRQHandler
                0x08007f48                TAMPER_IRQHandler
                0x08007f48                DMA1_Channel4_IRQHandler
                0x08007f48                USART3_IRQHandler
                0x08007f48                RTC_IRQHandler
                0x08007f48                DMA1_Channel7_IRQHandler
                0x08007f48                CAN1_RX1_IRQHandler
                0x08007f48                TIM4_IRQHandler
                0x08007f48                I2C1_EV_IRQHandler
                0x08007f48                DMA1_Channel6_IRQHandler
                0x08007f48                RCC_IRQHandler
                0x08007f48                TIM1_TRG_COM_IRQHandler
                0x08007f48                DMA1_Channel1_IRQHandler
                0x08007f48                Default_Handler
                0x08007f48                SPI2_IRQHandler
                0x08007f48                MemManage_Handler
                0x08007f48                SVC_Handler
                0x08007f48                DMA1_Channel5_IRQHandler
                0x08007f48                EXTI4_IRQHandler
                0x08007f48                USB_LP_CAN1_RX0_IRQHandler
                0x08007f48                USB_HP_CAN1_TX_IRQHandler
                0x08007f48                DMA1_Channel3_IRQHandler
                0x08007f48                TIM1_UP_IRQHandler
                0x08007f48                WWDG_IRQHandler
                0x08007f48                TIM1_BRK_IRQHandler
                0x08007f48                EXTI1_IRQHandler
                0x08007f48                RTCAlarm_IRQHandler
                0x08007f48                USART2_IRQHandler
                0x08007f48                I2C2_ER_IRQHandler
                0x08007f48                DMA1_Channel2_IRQHandler
                0x08007f48                CAN1_SCE_IRQHandler
                0x08007f48                FLASH_IRQHandler
                0x08007f48                BusFault_Handler
                0x08007f48                I2C1_ER_IRQHandler
                0x08007f48                USBWakeUp_IRQHandler
 *fill*         0x08007f4a        0x2 
 .text.st_wake_up
                0x08007f4c       0x80 src\stepper.o
                0x08007f4c                st_wake_up
 .text.st_go_idle
                0x08007fcc       0x80 src\stepper.o
                0x08007fcc                st_go_idle
 .text.TIM2_IRQHandler
                0x0800804c      0x26c src\stepper.o
                0x0800804c                TIM2_IRQHandler
 .text.TIM3_IRQHandler
                0x080082b8       0x40 src\stepper.o
                0x080082b8                TIM3_IRQHandler
 .text.st_generate_step_dir_invert_masks
                0x080082f8       0x50 src\stepper.o
                0x080082f8                st_generate_step_dir_invert_masks
 .text.st_reset
                0x08008348      0x138 src\stepper.o
                0x08008348                st_reset
 .text.stepper_init
                0x08008480      0x17c src\stepper.o
                0x08008480                stepper_init
 .text.st_update_plan_block_parameters
                0x080085fc       0x2c src\stepper.o
                0x080085fc                st_update_plan_block_parameters
 .text.st_prep_buffer
                0x08008628      0xaa8 src\stepper.o
                0x08008628                st_prep_buffer
 .text.st_get_realtime_rate
                0x080090d0       0x1c src\stepper.o
                0x080090d0                st_get_realtime_rate
 .text.system_init
                0x080090ec       0x88 src\system.o
                0x080090ec                system_init
 .text.system_control_get_state
                0x08009174       0x30 src\system.o
                0x08009174                system_control_get_state
 .text.EXTI9_5_IRQHandler
                0x080091a4       0x84 src\system.o
                0x080091a4                EXTI9_5_IRQHandler
 .text.system_check_safety_door_ajar
                0x08009228        0x4 src\system.o
                0x08009228                system_check_safety_door_ajar
 .text.system_execute_startup
                0x0800922c       0x38 src\system.o
                0x0800922c                system_execute_startup
 .text.system_execute_line
                0x08009264      0x314 src\system.o
                0x08009264                system_execute_line
 .text.system_flag_wco_change
                0x08009578       0x14 src\system.o
                0x08009578                system_flag_wco_change
 .text.system_convert_array_steps_to_mpos
                0x0800958c       0x38 src\system.o
                0x0800958c                system_convert_array_steps_to_mpos
 .text.system_check_travel_limits
                0x080095c4       0x60 src\system.o
                0x080095c4                system_check_travel_limits
 .text.system_set_exec_state_flag
                0x08009624       0x14 src\system.o
                0x08009624                system_set_exec_state_flag
 .text.system_clear_exec_state_flag
                0x08009638       0x14 src\system.o
                0x08009638                system_clear_exec_state_flag
 .text.system_set_exec_alarm
                0x0800964c       0x10 src\system.o
                0x0800964c                system_set_exec_alarm
 .text.system_clear_exec_alarm
                0x0800965c       0x10 src\system.o
                0x0800965c                system_clear_exec_alarm
 .text.system_set_exec_motion_override_flag
                0x0800966c       0x14 src\system.o
                0x0800966c                system_set_exec_motion_override_flag
 .text.system_set_exec_accessory_override_flag
                0x08009680       0x14 src\system.o
                0x08009680                system_set_exec_accessory_override_flag
 .text.system_clear_exec_motion_overrides
                0x08009694       0x10 src\system.o
                0x08009694                system_clear_exec_motion_overrides
 .text.system_clear_exec_accessory_overrides
                0x080096a4       0x10 src\system.o
                0x080096a4                system_clear_exec_accessory_overrides
 .text.SystemInit
                0x080096b4      0x104 src\system_stm32f10x.o
                0x080096b4                SystemInit
 .text.__libc_init_array
                0x080097b8       0x48 c:/program files (x86)/atollic/truestudio for stm32 9.2.0/armtools/bin/../lib/gcc/arm-atollic-eabi/6.3.1/../../../../arm-atollic-eabi/lib/armv7-m\libc.a(lib_a-init.o)
                0x080097b8                __libc_init_array
 .text.memcmp   0x08009800       0x1e c:/program files (x86)/atollic/truestudio for stm32 9.2.0/armtools/bin/../lib/gcc/arm-atollic-eabi/6.3.1/../../../../arm-atollic-eabi/lib/armv7-m\libc.a(lib_a-memcmp.o)
                0x08009800                memcmp
 .text.memset   0x0800981e       0x10 c:/program files (x86)/atollic/truestudio for stm32 9.2.0/armtools/bin/../lib/gcc/arm-atollic-eabi/6.3.1/../../../../arm-atollic-eabi/lib/armv7-m\libc.a(lib_a-memset.o)
                0x0800981e                memset
 *fill*         0x0800982e        0x2 
 .text.ceilf    0x08009830       0x80 c:/program files (x86)/atollic/truestudio for stm32 9.2.0/armtools/bin/../lib/gcc/arm-atollic-eabi/6.3.1/../../../../arm-atollic-eabi/lib/armv7-m\libm.a(lib_a-sf_ceil.o)
                0x08009830                ceilf
 .text.cosf     0x080098b0       0x68 c:/program files (x86)/atollic/truestudio for stm32 9.2.0/armtools/bin/../lib/gcc/arm-atollic-eabi/6.3.1/../../../../arm-atollic-eabi/lib/armv7-m\libm.a(lib_a-sf_cos.o)
                0x080098b0                cosf
 .text.floorf   0x08009918       0x80 c:/program files (x86)/atollic/truestudio for stm32 9.2.0/armtools/bin/../lib/gcc/arm-atollic-eabi/6.3.1/../../../../arm-atollic-eabi/lib/armv7-m\libm.a(lib_a-sf_floor.o)
                0x08009918                floorf
 .text.lroundf  0x08009998       0x58 c:/program files (x86)/atollic/truestudio for stm32 9.2.0/armtools/bin/../lib/gcc/arm-atollic-eabi/6.3.1/../../../../arm-atollic-eabi/lib/armv7-m\libm.a(lib_a-sf_lround.o)
                0x08009998                lroundf
 .text.sinf     0x080099f0       0x6c c:/program files (x86)/atollic/truestudio for stm32 9.2.0/armtools/bin/../lib/gcc/arm-atollic-eabi/6.3.1/../../../../arm-atollic-eabi/lib/armv7-m\libm.a(lib_a-sf_sin.o)
                0x080099f0                sinf
 .text.atan2f   0x08009a5c        0x4 c:/program files (x86)/atollic/truestudio for stm32 9.2.0/armtools/bin/../lib/gcc/arm-atollic-eabi/6.3.1/../../../../arm-atollic-eabi/lib/armv7-m\libm.a(lib_a-wf_atan2.o)
                0x08009a5c                atan2f
 .text.sqrtf    0x08009a60       0x94 c:/program files (x86)/atollic/truestudio for stm32 9.2.0/armtools/bin/../lib/gcc/arm-atollic-eabi/6.3.1/../../../../arm-atollic-eabi/lib/armv7-m\libm.a(lib_a-wf_sqrt.o)
                0x08009a60                sqrtf
 .text.__ieee754_atan2f
                0x08009af4      0x120 c:/program files (x86)/atollic/truestudio for stm32 9.2.0/armtools/bin/../lib/gcc/arm-atollic-eabi/6.3.1/../../../../arm-atollic-eabi/lib/armv7-m\libm.a(lib_a-ef_atan2.o)
                0x08009af4                __ieee754_atan2f
 .text.__ieee754_rem_pio2f
                0x08009c14      0x2b0 c:/program files (x86)/atollic/truestudio for stm32 9.2.0/armtools/bin/../lib/gcc/arm-atollic-eabi/6.3.1/../../../../arm-atollic-eabi/lib/armv7-m\libm.a(lib_a-ef_rem_pio2.o)
                0x08009c14                __ieee754_rem_pio2f
 .text.__ieee754_sqrtf
                0x08009ec4       0xa4 c:/program files (x86)/atollic/truestudio for stm32 9.2.0/armtools/bin/../lib/gcc/arm-atollic-eabi/6.3.1/../../../../arm-atollic-eabi/lib/armv7-m\libm.a(lib_a-ef_sqrt.o)
                0x08009ec4                __ieee754_sqrtf
 .text.__kernel_cosf
                0x08009f68      0x128 c:/program files (x86)/atollic/truestudio for stm32 9.2.0/armtools/bin/../lib/gcc/arm-atollic-eabi/6.3.1/../../../../arm-atollic-eabi/lib/armv7-m\libm.a(lib_a-kf_cos.o)
                0x08009f68                __kernel_cosf
 .text.__kernel_rem_pio2f
                0x0800a090      0x51c c:/program files (x86)/atollic/truestudio for stm32 9.2.0/armtools/bin/../lib/gcc/arm-atollic-eabi/6.3.1/../../../../arm-atollic-eabi/lib/armv7-m\libm.a(lib_a-kf_rem_pio2.o)
                0x0800a090                __kernel_rem_pio2f
 .text.__kernel_sinf
                0x0800a5ac       0xec c:/program files (x86)/atollic/truestudio for stm32 9.2.0/armtools/bin/../lib/gcc/arm-atollic-eabi/6.3.1/../../../../arm-atollic-eabi/lib/armv7-m\libm.a(lib_a-kf_sin.o)
                0x0800a5ac                __kernel_sinf
 .text.matherr  0x0800a698        0x4 c:/program files (x86)/atollic/truestudio for stm32 9.2.0/armtools/bin/../lib/gcc/arm-atollic-eabi/6.3.1/../../../../arm-atollic-eabi/lib/armv7-m\libm.a(lib_a-s_matherr.o)
                0x0800a698                matherr
 .text.atanf    0x0800a69c      0x220 c:/program files (x86)/atollic/truestudio for stm32 9.2.0/armtools/bin/../lib/gcc/arm-atollic-eabi/6.3.1/../../../../arm-atollic-eabi/lib/armv7-m\libm.a(lib_a-sf_atan.o)
                0x0800a69c                atanf
 .text.fabsf    0x0800a8bc        0x6 c:/program files (x86)/atollic/truestudio for stm32 9.2.0/armtools/bin/../lib/gcc/arm-atollic-eabi/6.3.1/../../../../arm-atollic-eabi/lib/armv7-m\libm.a(lib_a-sf_fabs.o)
                0x0800a8bc                fabsf
 *fill*         0x0800a8c2        0x2 
 .text.scalbnf  0x0800a8c4       0x98 c:/program files (x86)/atollic/truestudio for stm32 9.2.0/armtools/bin/../lib/gcc/arm-atollic-eabi/6.3.1/../../../../arm-atollic-eabi/lib/armv7-m\libm.a(lib_a-sf_scalbn.o)
                0x0800a8c4                scalbnf
 .text.copysignf
                0x0800a95c        0xc c:/program files (x86)/atollic/truestudio for stm32 9.2.0/armtools/bin/../lib/gcc/arm-atollic-eabi/6.3.1/../../../../arm-atollic-eabi/lib/armv7-m\libm.a(lib_a-sf_copysign.o)
                0x0800a95c                copysignf
 .text.__errno  0x0800a968        0xc c:/program files (x86)/atollic/truestudio for stm32 9.2.0/armtools/bin/../lib/gcc/arm-atollic-eabi/6.3.1/../../../../arm-atollic-eabi/lib/armv7-m\libc.a(lib_a-errno.o)
                0x0800a968                __errno
 *(.glue_7)
 .glue_7        0x0800a974        0x0 linker stubs
 *(.glue_7t)
 .glue_7t       0x0800a974        0x0 linker stubs
 *(.eh_frame)
 .eh_frame      0x0800a974        0x0 c:/program files (x86)/atollic/truestudio for stm32 9.2.0/armtools/bin/../lib/gcc/arm-atollic-eabi/6.3.1/armv7-m/crtbegin.o
 *(.init)
 .init          0x0800a974        0x4 c:/program files (x86)/atollic/truestudio for stm32 9.2.0/armtools/bin/../lib/gcc/arm-atollic-eabi/6.3.1/armv7-m/crti.o
                0x0800a974                _init
 .init          0x0800a978        0x8 c:/program files (x86)/atollic/truestudio for stm32 9.2.0/armtools/bin/../lib/gcc/arm-atollic-eabi/6.3.1/armv7-m/crtn.o
 *(.fini)
 .fini          0x0800a980        0x4 c:/program files (x86)/atollic/truestudio for stm32 9.2.0/armtools/bin/../lib/gcc/arm-atollic-eabi/6.3.1/armv7-m/crti.o
                0x0800a980                _fini
 .fini          0x0800a984        0x8 c:/program files (x86)/atollic/truestudio for stm32 9.2.0/armtools/bin/../lib/gcc/arm-atollic-eabi/6.3.1/armv7-m/crtn.o
                0x0800a98c                . = ALIGN (0x4)
                0x0800a98c                _etext = .

.vfp11_veneer   0x0800a98c        0x0
 .vfp11_veneer  0x0800a98c        0x0 linker stubs

.v4_bx          0x0800a98c        0x0
 .v4_bx         0x0800a98c        0x0 linker stubs

.iplt           0x0800a98c        0x0
 .iplt          0x0800a98c        0x0 c:/program files (x86)/atollic/truestudio for stm32 9.2.0/armtools/bin/../lib/gcc/arm-atollic-eabi/6.3.1/armv7-m/crtbegin.o

.rodata         0x0800a98c      0x624
                0x0800a98c                . = ALIGN (0x4)
 *(.rodata)
 *(.rodata*)
 .rodata.report_alarm_message.str1.4
                0x0800a98c        0x7 src\report.o
 *fill*         0x0800a993        0x1 
 .rodata.report_build_info.str1.4
                0x0800a994       0x1a src\report.o
 *fill*         0x0800a9ae        0x2 
 .rodata.report_feedback_message.str1.4
                0x0800a9b0       0xad src\report.o
 *fill*         0x0800aa5d        0x3 
 .rodata.report_gcode_modes.str1.4
                0x0800aa60       0x1f src\report.o
 *fill*         0x0800aa7f        0x1 
 .rodata.report_grbl_help.str1.4
                0x0800aa80       0x4a src\report.o
 *fill*         0x0800aaca        0x2 
 .rodata.report_init_message.str1.4
                0x0800aacc       0x1d src\report.o
 *fill*         0x0800aae9        0x3 
 .rodata.report_ngc_parameters.str1.4
                0x0800aaec       0x1a src\report.o
 *fill*         0x0800ab06        0x2 
 .rodata.report_probe_parameters.str1.4
                0x0800ab08        0x6 src\report.o
 *fill*         0x0800ab0e        0x2 
 .rodata.report_realtime_status.str1.4
                0x0800ab10       0x7b src\report.o
 *fill*         0x0800ab8b        0x1 
 .rodata.report_startup_line.str1.4
                0x0800ab8c        0x3 src\report.o
 *fill*         0x0800ab8f        0x1 
 .rodata.report_status_message.str1.4
                0x0800ab90       0x14 src\report.o
                                 0x13 (size before relaxing)
 .rodata.direction_pin_mask
                0x0800aba4        0x6 src\stepper.o
                0x0800aba4                direction_pin_mask
 *fill*         0x0800abaa        0x2 
 .rodata.limit_pin_mask
                0x0800abac        0x6 src\stepper.o
                0x0800abac                limit_pin_mask
 *fill*         0x0800abb2        0x2 
 .rodata.step_pin_mask
                0x0800abb4        0x6 src\stepper.o
                0x0800abb4                step_pin_mask
 .rodata.sqrtf.str1.1
                0x0800abba        0x6 c:/program files (x86)/atollic/truestudio for stm32 9.2.0/armtools/bin/../lib/gcc/arm-atollic-eabi/6.3.1/../../../../arm-atollic-eabi/lib/armv7-m\libm.a(lib_a-wf_sqrt.o)
 .rodata.npio2_hw
                0x0800abc0       0x80 c:/program files (x86)/atollic/truestudio for stm32 9.2.0/armtools/bin/../lib/gcc/arm-atollic-eabi/6.3.1/../../../../arm-atollic-eabi/lib/armv7-m\libm.a(lib_a-ef_rem_pio2.o)
 .rodata.two_over_pi
                0x0800ac40      0x318 c:/program files (x86)/atollic/truestudio for stm32 9.2.0/armtools/bin/../lib/gcc/arm-atollic-eabi/6.3.1/../../../../arm-atollic-eabi/lib/armv7-m\libm.a(lib_a-ef_rem_pio2.o)
 .rodata.PIo2   0x0800af58       0x2c c:/program files (x86)/atollic/truestudio for stm32 9.2.0/armtools/bin/../lib/gcc/arm-atollic-eabi/6.3.1/../../../../arm-atollic-eabi/lib/armv7-m\libm.a(lib_a-kf_rem_pio2.o)
 .rodata.init_jk
                0x0800af84        0xc c:/program files (x86)/atollic/truestudio for stm32 9.2.0/armtools/bin/../lib/gcc/arm-atollic-eabi/6.3.1/../../../../arm-atollic-eabi/lib/armv7-m\libm.a(lib_a-kf_rem_pio2.o)
 .rodata.atanhi
                0x0800af90       0x10 c:/program files (x86)/atollic/truestudio for stm32 9.2.0/armtools/bin/../lib/gcc/arm-atollic-eabi/6.3.1/../../../../arm-atollic-eabi/lib/armv7-m\libm.a(lib_a-sf_atan.o)
 .rodata.atanlo
                0x0800afa0       0x10 c:/program files (x86)/atollic/truestudio for stm32 9.2.0/armtools/bin/../lib/gcc/arm-atollic-eabi/6.3.1/../../../../arm-atollic-eabi/lib/armv7-m\libm.a(lib_a-sf_atan.o)
                0x0800afb0                . = ALIGN (0x4)

.rel.dyn        0x0800afb0        0x0
 .rel.iplt      0x0800afb0        0x0 c:/program files (x86)/atollic/truestudio for stm32 9.2.0/armtools/bin/../lib/gcc/arm-atollic-eabi/6.3.1/armv7-m/crtbegin.o

.ARM.extab
 *(.ARM.extab* .gnu.linkonce.armextab.*)

.ARM            0x0800afb0        0x0
                0x0800afb0                __exidx_start = .
 *(.ARM.exidx*)
                0x0800afb0                __exidx_end = .

.preinit_array  0x0800afb0        0x0
                0x0800afb0                PROVIDE (__preinit_array_start, .)
 *(.preinit_array*)
                0x0800afb0                PROVIDE (__preinit_array_end, .)

.init_array     0x0800afb0        0x4
                0x0800afb0                PROVIDE (__init_array_start, .)
 *(SORT(.init_array.*))
 *(.init_array*)
 .init_array    0x0800afb0        0x4 c:/program files (x86)/atollic/truestudio for stm32 9.2.0/armtools/bin/../lib/gcc/arm-atollic-eabi/6.3.1/armv7-m/crtbegin.o
                0x0800afb4                PROVIDE (__init_array_end, .)

.fini_array     0x0800afb4        0x4
                [!provide]                PROVIDE (__fini_array_start, .)
 *(SORT(.fini_array.*))
 *(.fini_array*)
 .fini_array    0x0800afb4        0x4 c:/program files (x86)/atollic/truestudio for stm32 9.2.0/armtools/bin/../lib/gcc/arm-atollic-eabi/6.3.1/armv7-m/crtbegin.o
                [!provide]                PROVIDE (__fini_array_end, .)
                0x0800afb8                _sidata = LOADADDR (.data)

.data           0x20000000      0x114 load address 0x0800afb8
                0x20000000                . = ALIGN (0x4)
                0x20000000                _sdata = .
 *(.data)
 *(.data*)
 .data.ADCPrescTable
                0x20000000        0x4 Libraries\STM32F10x_StdPeriph_Driver\src\stm32f10x_rcc.o
 .data.APBAHBPrescTable
                0x20000004       0x10 Libraries\STM32F10x_StdPeriph_Driver\src\stm32f10x_rcc.o
 .data.nOnFlag.8658
                0x20000014        0x1 src\main.o
 *fill*         0x20000015        0x3 
 .data.SystemCoreClock
                0x20000018        0x4 src\system_stm32f10x.o
                0x20000018                SystemCoreClock
 .data.__fdlib_version
                0x2000001c        0x1 c:/program files (x86)/atollic/truestudio for stm32 9.2.0/armtools/bin/../lib/gcc/arm-atollic-eabi/6.3.1/../../../../arm-atollic-eabi/lib/armv7-m\libm.a(lib_a-s_lib_ver.o)
                0x2000001c                __fdlib_version
 *fill*         0x2000001d        0x3 
 .data._impure_ptr
                0x20000020        0x4 c:/program files (x86)/atollic/truestudio for stm32 9.2.0/armtools/bin/../lib/gcc/arm-atollic-eabi/6.3.1/../../../../arm-atollic-eabi/lib/armv7-m\libc.a(lib_a-impure.o)
                0x20000020                _impure_ptr
 .data.impure_data
                0x20000024       0xf0 c:/program files (x86)/atollic/truestudio for stm32 9.2.0/armtools/bin/../lib/gcc/arm-atollic-eabi/6.3.1/../../../../arm-atollic-eabi/lib/armv7-m\libc.a(lib_a-impure.o)
                0x20000114                . = ALIGN (0x4)
                0x20000114                _edata = .

.igot.plt       0x20000114        0x0 load address 0x0800b0cc
 .igot.plt      0x20000114        0x0 c:/program files (x86)/atollic/truestudio for stm32 9.2.0/armtools/bin/../lib/gcc/arm-atollic-eabi/6.3.1/armv7-m/crtbegin.o
                0x20000114                . = ALIGN (0x4)

.bss            0x20000114      0xff8 load address 0x0800b0cc
                0x20000114                _sbss = .
                0x20000114                __bss_start__ = _sbss
 *(.bss)
 .bss           0x20000114       0x1c c:/program files (x86)/atollic/truestudio for stm32 9.2.0/armtools/bin/../lib/gcc/arm-atollic-eabi/6.3.1/armv7-m/crtbegin.o
 *(.bss*)
 .bss.block_buffer
                0x20000130      0x750 src\planner.o
 .bss.block_buffer_head
                0x20000880        0x1 src\planner.o
 .bss.block_buffer_planned
                0x20000881        0x1 src\planner.o
 .bss.block_buffer_tail
                0x20000882        0x1 src\planner.o
 .bss.next_buffer_head
                0x20000883        0x1 src\planner.o
 .bss.pl        0x20000884       0x1c src\planner.o
 .bss.line      0x200008a0       0x50 src\protocol.o
 .bss.serial_rx_buffer_head
                0x200008f0        0x1 src\serial.o
                0x200008f0                serial_rx_buffer_head
 .bss.serial_rx_buffer_tail
                0x200008f1        0x1 src\serial.o
                0x200008f1                serial_rx_buffer_tail
 *fill*         0x200008f2        0x2 
 .bss.pwm_gradient
                0x200008f4        0x4 src\spindle_control.o
 .bss.busy      0x200008f8        0x1 src\stepper.o
 *fill*         0x200008f9        0x1 
 .bss.dir_port_invert_mask
                0x200008fa        0x2 src\stepper.o
 .bss.pl_block  0x200008fc        0x4 src\stepper.o
 .bss.prep      0x20000900       0x38 src\stepper.o
 .bss.segment_buffer
                0x20000938       0x50 src\stepper.o
 .bss.segment_buffer_head
                0x20000988        0x1 src\stepper.o
 .bss.segment_buffer_tail
                0x20000989        0x1 src\stepper.o
 .bss.segment_next_head
                0x2000098a        0x1 src\stepper.o
 *fill*         0x2000098b        0x1 
 .bss.st        0x2000098c       0x2c src\stepper.o
 .bss.st_block_buffer
                0x200009b8       0xb4 src\stepper.o
 .bss.st_prep_block
                0x20000a6c        0x4 src\stepper.o
 .bss.step_port_invert_mask
                0x20000a70        0x2 src\stepper.o
 *(COMMON)
 *fill*         0x20000a72        0x2 
 COMMON         0x20000a74      0x400 src\eeprom.o
                0x20000a74                EE_Buffer
 COMMON         0x20000e74       0x84 src\gcode.o
                0x20000e74                gc_state
                0x20000eb8                gc_block
 COMMON         0x20000ef8       0x35 src\main.o
                0x20000ef8                sys_rt_exec_motion_override
                0x20000efc                sys
                0x20000f10                sys_rt_exec_accessory_override
                0x20000f11                sys_rt_exec_state
                0x20000f12                sys_probe_state
                0x20000f14                sys_probe_position
                0x20000f20                sys_position
                0x20000f2c                sys_rt_exec_alarm
 *fill*         0x20000f2d        0x1 
 COMMON         0x20000f2e        0x2 src\probe.o
                0x20000f2e                probe_invert_mask
 COMMON         0x20000f30      0x17e src\serial.o
                0x20000f30                serial_tx_buffer
                0x20000fb0                serial_rx_buffer
 *fill*         0x200010ae        0x2 
 COMMON         0x200010b0       0x5c src\settings.o
                0x200010b0                settings
                0x2000110c                . = ALIGN (0x4)
                0x2000110c                _ebss = .
                0x2000110c                __bss_end__ = _ebss

._user_heap_stack
                0x2000110c      0x280 load address 0x0800b0cc
                0x2000110c                . = ALIGN (0x4)
                [!provide]                PROVIDE (end, .)
                [!provide]                PROVIDE (_end, .)
                0x2000118c                . = (. + _Min_Heap_Size)
 *fill*         0x2000110c       0x80 
                0x2000138c                . = (. + _Min_Stack_Size)
 *fill*         0x2000118c      0x200 
                0x2000138c                . = ALIGN (0x4)

.memory_b1_text
 *(.mb1text)
 *(.mb1text*)
 *(.mb1rodata)
 *(.mb1rodata*)

/DISCARD/
 libc.a(*)
 libm.a(*)
 libgcc.a(*)

.ARM.attributes
                0x00000000       0x29
 *(.ARM.attributes)
 .ARM.attributes
                0x00000000       0x1d c:/program files (x86)/atollic/truestudio for stm32 9.2.0/armtools/bin/../lib/gcc/arm-atollic-eabi/6.3.1/armv7-m/crti.o
 .ARM.attributes
                0x0000001d       0x2d c:/program files (x86)/atollic/truestudio for stm32 9.2.0/armtools/bin/../lib/gcc/arm-atollic-eabi/6.3.1/armv7-m/crtbegin.o
 .ARM.attributes
                0x0000004a       0x2f Libraries\STM32F10x_StdPeriph_Driver\src\misc.o
 .ARM.attributes
                0x00000079       0x2f Libraries\STM32F10x_StdPeriph_Driver\src\stm32f10x_exti.o
 .ARM.attributes
                0x000000a8       0x2f Libraries\STM32F10x_StdPeriph_Driver\src\stm32f10x_flash.o
 .ARM.attributes
                0x000000d7       0x2f Libraries\STM32F10x_StdPeriph_Driver\src\stm32f10x_gpio.o
 .ARM.attributes
                0x00000106       0x2f Libraries\STM32F10x_StdPeriph_Driver\src\stm32f10x_rcc.o
 .ARM.attributes
                0x00000135       0x2f Libraries\STM32F10x_StdPeriph_Driver\src\stm32f10x_tim.o
 .ARM.attributes
                0x00000164       0x2f Libraries\STM32F10x_StdPeriph_Driver\src\stm32f10x_usart.o
 .ARM.attributes
                0x00000193       0x2f src\coolant_control.o
 .ARM.attributes
                0x000001c2       0x2f src\eeprom.o
 .ARM.attributes
                0x000001f1       0x2f src\gcode.o
 .ARM.attributes
                0x00000220       0x2f src\jog.o
 .ARM.attributes
                0x0000024f       0x2f src\limits.o
 .ARM.attributes
                0x0000027e       0x2f src\main.o
 .ARM.attributes
                0x000002ad       0x2f src\motion_control.o
 .ARM.attributes
                0x000002dc       0x2f src\nuts_bolts.o
 .ARM.attributes
                0x0000030b       0x2f src\planner.o
 .ARM.attributes
                0x0000033a       0x2f src\print.o
 .ARM.attributes
                0x00000369       0x2f src\probe.o
 .ARM.attributes
                0x00000398       0x2f src\protocol.o
 .ARM.attributes
                0x000003c7       0x2f src\report.o
 .ARM.attributes
                0x000003f6       0x2f src\serial.o
 .ARM.attributes
                0x00000425       0x2f src\settings.o
 .ARM.attributes
                0x00000454       0x2f src\spindle_control.o
 .ARM.attributes
                0x00000483       0x21 src\startup_stm32f10x_md.o
 .ARM.attributes
                0x000004a4       0x2f src\stepper.o
 .ARM.attributes
                0x000004d3       0x2f src\system.o
 .ARM.attributes
                0x00000502       0x2f src\system_stm32f10x.o
 .ARM.attributes
                0x00000531       0x2d c:/program files (x86)/atollic/truestudio for stm32 9.2.0/armtools/bin/../lib/gcc/arm-atollic-eabi/6.3.1/../../../../arm-atollic-eabi/lib/armv7-m\libc.a(lib_a-init.o)
 .ARM.attributes
                0x0000055e       0x2d c:/program files (x86)/atollic/truestudio for stm32 9.2.0/armtools/bin/../lib/gcc/arm-atollic-eabi/6.3.1/../../../../arm-atollic-eabi/lib/armv7-m\libc.a(lib_a-memcmp.o)
 .ARM.attributes
                0x0000058b       0x2d c:/program files (x86)/atollic/truestudio for stm32 9.2.0/armtools/bin/../lib/gcc/arm-atollic-eabi/6.3.1/../../../../arm-atollic-eabi/lib/armv7-m\libc.a(lib_a-memset.o)
 .ARM.attributes
                0x000005b8       0x2d c:/program files (x86)/atollic/truestudio for stm32 9.2.0/armtools/bin/../lib/gcc/arm-atollic-eabi/6.3.1/../../../../arm-atollic-eabi/lib/armv7-m\libm.a(lib_a-sf_ceil.o)
 .ARM.attributes
                0x000005e5       0x2d c:/program files (x86)/atollic/truestudio for stm32 9.2.0/armtools/bin/../lib/gcc/arm-atollic-eabi/6.3.1/../../../../arm-atollic-eabi/lib/armv7-m\libm.a(lib_a-sf_cos.o)
 .ARM.attributes
                0x00000612       0x2d c:/program files (x86)/atollic/truestudio for stm32 9.2.0/armtools/bin/../lib/gcc/arm-atollic-eabi/6.3.1/../../../../arm-atollic-eabi/lib/armv7-m\libm.a(lib_a-sf_floor.o)
 .ARM.attributes
                0x0000063f       0x2d c:/program files (x86)/atollic/truestudio for stm32 9.2.0/armtools/bin/../lib/gcc/arm-atollic-eabi/6.3.1/../../../../arm-atollic-eabi/lib/armv7-m\libm.a(lib_a-sf_lround.o)
 .ARM.attributes
                0x0000066c       0x2d c:/program files (x86)/atollic/truestudio for stm32 9.2.0/armtools/bin/../lib/gcc/arm-atollic-eabi/6.3.1/../../../../arm-atollic-eabi/lib/armv7-m\libm.a(lib_a-sf_sin.o)
 .ARM.attributes
                0x00000699       0x2d c:/program files (x86)/atollic/truestudio for stm32 9.2.0/armtools/bin/../lib/gcc/arm-atollic-eabi/6.3.1/../../../../arm-atollic-eabi/lib/armv7-m\libm.a(lib_a-wf_atan2.o)
 .ARM.attributes
                0x000006c6       0x2d c:/program files (x86)/atollic/truestudio for stm32 9.2.0/armtools/bin/../lib/gcc/arm-atollic-eabi/6.3.1/../../../../arm-atollic-eabi/lib/armv7-m\libm.a(lib_a-wf_sqrt.o)
 .ARM.attributes
                0x000006f3       0x2d c:/program files (x86)/atollic/truestudio for stm32 9.2.0/armtools/bin/../lib/gcc/arm-atollic-eabi/6.3.1/../../../../arm-atollic-eabi/lib/armv7-m\libm.a(lib_a-ef_atan2.o)
 .ARM.attributes
                0x00000720       0x2d c:/program files (x86)/atollic/truestudio for stm32 9.2.0/armtools/bin/../lib/gcc/arm-atollic-eabi/6.3.1/../../../../arm-atollic-eabi/lib/armv7-m\libm.a(lib_a-ef_rem_pio2.o)
 .ARM.attributes
                0x0000074d       0x2d c:/program files (x86)/atollic/truestudio for stm32 9.2.0/armtools/bin/../lib/gcc/arm-atollic-eabi/6.3.1/../../../../arm-atollic-eabi/lib/armv7-m\libm.a(lib_a-ef_sqrt.o)
 .ARM.attributes
                0x0000077a       0x2d c:/program files (x86)/atollic/truestudio for stm32 9.2.0/armtools/bin/../lib/gcc/arm-atollic-eabi/6.3.1/../../../../arm-atollic-eabi/lib/armv7-m\libm.a(lib_a-kf_cos.o)
 .ARM.attributes
                0x000007a7       0x2d c:/program files (x86)/atollic/truestudio for stm32 9.2.0/armtools/bin/../lib/gcc/arm-atollic-eabi/6.3.1/../../../../arm-atollic-eabi/lib/armv7-m\libm.a(lib_a-kf_rem_pio2.o)
 .ARM.attributes
                0x000007d4       0x2d c:/program files (x86)/atollic/truestudio for stm32 9.2.0/armtools/bin/../lib/gcc/arm-atollic-eabi/6.3.1/../../../../arm-atollic-eabi/lib/armv7-m\libm.a(lib_a-kf_sin.o)
 .ARM.attributes
                0x00000801       0x2d c:/program files (x86)/atollic/truestudio for stm32 9.2.0/armtools/bin/../lib/gcc/arm-atollic-eabi/6.3.1/../../../../arm-atollic-eabi/lib/armv7-m\libm.a(lib_a-s_lib_ver.o)
 .ARM.attributes
                0x0000082e       0x2d c:/program files (x86)/atollic/truestudio for stm32 9.2.0/armtools/bin/../lib/gcc/arm-atollic-eabi/6.3.1/../../../../arm-atollic-eabi/lib/armv7-m\libm.a(lib_a-s_matherr.o)
 .ARM.attributes
                0x0000085b       0x2d c:/program files (x86)/atollic/truestudio for stm32 9.2.0/armtools/bin/../lib/gcc/arm-atollic-eabi/6.3.1/../../../../arm-atollic-eabi/lib/armv7-m\libm.a(lib_a-sf_atan.o)
 .ARM.attributes
                0x00000888       0x2d c:/program files (x86)/atollic/truestudio for stm32 9.2.0/armtools/bin/../lib/gcc/arm-atollic-eabi/6.3.1/../../../../arm-atollic-eabi/lib/armv7-m\libm.a(lib_a-sf_fabs.o)
 .ARM.attributes
                0x000008b5       0x2d c:/program files (x86)/atollic/truestudio for stm32 9.2.0/armtools/bin/../lib/gcc/arm-atollic-eabi/6.3.1/../../../../arm-atollic-eabi/lib/armv7-m\libm.a(lib_a-sf_scalbn.o)
 .ARM.attributes
                0x000008e2       0x2d c:/program files (x86)/atollic/truestudio for stm32 9.2.0/armtools/bin/../lib/gcc/arm-atollic-eabi/6.3.1/../../../../arm-atollic-eabi/lib/armv7-m\libm.a(lib_a-sf_copysign.o)
 .ARM.attributes
                0x0000090f       0x2d c:/program files (x86)/atollic/truestudio for stm32 9.2.0/armtools/bin/../lib/gcc/arm-atollic-eabi/6.3.1/../../../../arm-atollic-eabi/lib/armv7-m\libc.a(lib_a-errno.o)
 .ARM.attributes
                0x0000093c       0x2d c:/program files (x86)/atollic/truestudio for stm32 9.2.0/armtools/bin/../lib/gcc/arm-atollic-eabi/6.3.1/../../../../arm-atollic-eabi/lib/armv7-m\libc.a(lib_a-impure.o)
 .ARM.attributes
                0x00000969       0x1d c:/program files (x86)/atollic/truestudio for stm32 9.2.0/armtools/bin/../lib/gcc/arm-atollic-eabi/6.3.1/armv7-m\libgcc.a(_arm_addsubdf3.o)
 .ARM.attributes
                0x00000986       0x1d c:/program files (x86)/atollic/truestudio for stm32 9.2.0/armtools/bin/../lib/gcc/arm-atollic-eabi/6.3.1/armv7-m\libgcc.a(_arm_muldivdf3.o)
 .ARM.attributes
                0x000009a3       0x1d c:/program files (x86)/atollic/truestudio for stm32 9.2.0/armtools/bin/../lib/gcc/arm-atollic-eabi/6.3.1/armv7-m\libgcc.a(_arm_cmpdf2.o)
 .ARM.attributes
                0x000009c0       0x1d c:/program files (x86)/atollic/truestudio for stm32 9.2.0/armtools/bin/../lib/gcc/arm-atollic-eabi/6.3.1/armv7-m\libgcc.a(_arm_truncdfsf2.o)
 .ARM.attributes
                0x000009dd       0x1d c:/program files (x86)/atollic/truestudio for stm32 9.2.0/armtools/bin/../lib/gcc/arm-atollic-eabi/6.3.1/armv7-m\libgcc.a(_arm_addsubsf3.o)
 .ARM.attributes
                0x000009fa       0x1d c:/program files (x86)/atollic/truestudio for stm32 9.2.0/armtools/bin/../lib/gcc/arm-atollic-eabi/6.3.1/armv7-m\libgcc.a(_arm_muldivsf3.o)
 .ARM.attributes
                0x00000a17       0x1d c:/program files (x86)/atollic/truestudio for stm32 9.2.0/armtools/bin/../lib/gcc/arm-atollic-eabi/6.3.1/armv7-m\libgcc.a(_arm_cmpsf2.o)
 .ARM.attributes
                0x00000a34       0x1d c:/program files (x86)/atollic/truestudio for stm32 9.2.0/armtools/bin/../lib/gcc/arm-atollic-eabi/6.3.1/armv7-m\libgcc.a(_arm_unordsf2.o)
 .ARM.attributes
                0x00000a51       0x1d c:/program files (x86)/atollic/truestudio for stm32 9.2.0/armtools/bin/../lib/gcc/arm-atollic-eabi/6.3.1/armv7-m\libgcc.a(_arm_fixsfsi.o)
 .ARM.attributes
                0x00000a6e       0x1d c:/program files (x86)/atollic/truestudio for stm32 9.2.0/armtools/bin/../lib/gcc/arm-atollic-eabi/6.3.1/armv7-m\libgcc.a(_arm_fixunssfsi.o)
 .ARM.attributes
                0x00000a8b       0x1d c:/program files (x86)/atollic/truestudio for stm32 9.2.0/armtools/bin/../lib/gcc/arm-atollic-eabi/6.3.1/armv7-m/crtn.o
OUTPUT(stm32grbl11.elf elf32-littlearm)

.debug_info     0x00000000    0x214ed
 .debug_info    0x00000000      0x551 Libraries\STM32F10x_StdPeriph_Driver\src\misc.o
 .debug_info    0x00000551      0x365 Libraries\STM32F10x_StdPeriph_Driver\src\stm32f10x_exti.o
 .debug_info    0x000008b6     0x1594 Libraries\STM32F10x_StdPeriph_Driver\src\stm32f10x_flash.o
 .debug_info    0x00001e4a      0x89a Libraries\STM32F10x_StdPeriph_Driver\src\stm32f10x_gpio.o
 .debug_info    0x000026e4      0x94b Libraries\STM32F10x_StdPeriph_Driver\src\stm32f10x_rcc.o
 .debug_info    0x0000302f     0x2596 Libraries\STM32F10x_StdPeriph_Driver\src\stm32f10x_tim.o
 .debug_info    0x000055c5      0xb35 Libraries\STM32F10x_StdPeriph_Driver\src\stm32f10x_usart.o
 .debug_info    0x000060fa     0x1194 src\coolant_control.o
 .debug_info    0x0000728e     0x10c7 src\eeprom.o
 .debug_info    0x00008355     0x153b src\gcode.o
 .debug_info    0x00009890      0xeb3 src\jog.o
 .debug_info    0x0000a743     0x18f6 src\limits.o
 .debug_info    0x0000c039     0x1976 src\main.o
 .debug_info    0x0000d9af     0x185a src\motion_control.o
 .debug_info    0x0000f209      0xfd5 src\nuts_bolts.o
 .debug_info    0x000101de     0x152c src\planner.o
 .debug_info    0x0001170a     0x1301 src\print.o
 .debug_info    0x00012a0b      0xfa0 src\probe.o
 .debug_info    0x000139ab     0x1a87 src\protocol.o
 .debug_info    0x00015432     0x3b2b src\report.o
 .debug_info    0x00018f5d     0x11a5 src\serial.o
 .debug_info    0x0001a102     0x1635 src\settings.o
 .debug_info    0x0001b737     0x181c src\spindle_control.o
 .debug_info    0x0001cf53       0x83 src\startup_stm32f10x_md.o
 .debug_info    0x0001cfd6     0x2490 src\stepper.o
 .debug_info    0x0001f466     0x1bbc src\system.o
 .debug_info    0x00021022      0x4cb src\system_stm32f10x.o

.debug_abbrev   0x00000000     0x4eab
 .debug_abbrev  0x00000000      0x181 Libraries\STM32F10x_StdPeriph_Driver\src\misc.o
 .debug_abbrev  0x00000181      0x1c1 Libraries\STM32F10x_StdPeriph_Driver\src\stm32f10x_exti.o
 .debug_abbrev  0x00000342      0x274 Libraries\STM32F10x_StdPeriph_Driver\src\stm32f10x_flash.o
 .debug_abbrev  0x000005b6      0x213 Libraries\STM32F10x_StdPeriph_Driver\src\stm32f10x_gpio.o
 .debug_abbrev  0x000007c9      0x27f Libraries\STM32F10x_StdPeriph_Driver\src\stm32f10x_rcc.o
 .debug_abbrev  0x00000a48      0x2c8 Libraries\STM32F10x_StdPeriph_Driver\src\stm32f10x_tim.o
 .debug_abbrev  0x00000d10      0x1f7 Libraries\STM32F10x_StdPeriph_Driver\src\stm32f10x_usart.o
 .debug_abbrev  0x00000f07      0x304 src\coolant_control.o
 .debug_abbrev  0x0000120b      0x3a3 src\eeprom.o
 .debug_abbrev  0x000015ae      0x2e7 src\gcode.o
 .debug_abbrev  0x00001895      0x1f4 src\jog.o
 .debug_abbrev  0x00001a89      0x430 src\limits.o
 .debug_abbrev  0x00001eb9      0x2d2 src\main.o
 .debug_abbrev  0x0000218b      0x3a0 src\motion_control.o
 .debug_abbrev  0x0000252b      0x27f src\nuts_bolts.o
 .debug_abbrev  0x000027aa      0x4b4 src\planner.o
 .debug_abbrev  0x00002c5e      0x33b src\print.o
 .debug_abbrev  0x00002f99      0x2aa src\probe.o
 .debug_abbrev  0x00003243      0x321 src\protocol.o
 .debug_abbrev  0x00003564      0x429 src\report.o
 .debug_abbrev  0x0000398d      0x2eb src\serial.o
 .debug_abbrev  0x00003c78      0x3a8 src\settings.o
 .debug_abbrev  0x00004020      0x3c4 src\spindle_control.o
 .debug_abbrev  0x000043e4       0x12 src\startup_stm32f10x_md.o
 .debug_abbrev  0x000043f6      0x462 src\stepper.o
 .debug_abbrev  0x00004858      0x4c7 src\system.o
 .debug_abbrev  0x00004d1f      0x18c src\system_stm32f10x.o

.debug_loc      0x00000000     0xdd41
 .debug_loc     0x00000000      0x147 Libraries\STM32F10x_StdPeriph_Driver\src\misc.o
 .debug_loc     0x00000147      0x212 Libraries\STM32F10x_StdPeriph_Driver\src\stm32f10x_exti.o
 .debug_loc     0x00000359     0x2d32 Libraries\STM32F10x_StdPeriph_Driver\src\stm32f10x_flash.o
 .debug_loc     0x0000308b     0x14f5 Libraries\STM32F10x_StdPeriph_Driver\src\stm32f10x_gpio.o
 .debug_loc     0x00004580      0x705 Libraries\STM32F10x_StdPeriph_Driver\src\stm32f10x_rcc.o
 .debug_loc     0x00004c85     0x24cb Libraries\STM32F10x_StdPeriph_Driver\src\stm32f10x_tim.o
 .debug_loc     0x00007150      0x811 Libraries\STM32F10x_StdPeriph_Driver\src\stm32f10x_usart.o
 .debug_loc     0x00007961      0x10f src\coolant_control.o
 .debug_loc     0x00007a70      0x205 src\eeprom.o
 .debug_loc     0x00007c75      0xfe1 src\gcode.o
 .debug_loc     0x00008c56       0x5a src\jog.o
 .debug_loc     0x00008cb0      0x56e src\limits.o
 .debug_loc     0x0000921e       0x77 src\main.o
 .debug_loc     0x00009295      0x91b src\motion_control.o
 .debug_loc     0x00009bb0      0x5ab src\nuts_bolts.o
 .debug_loc     0x0000a15b      0x5ed src\planner.o
 .debug_loc     0x0000a748      0x6f7 src\print.o
 .debug_loc     0x0000ae3f       0x27 src\probe.o
 .debug_loc     0x0000ae66      0x2fa src\protocol.o
 .debug_loc     0x0000b160      0xfb6 src\report.o
 .debug_loc     0x0000c116      0x1c7 src\serial.o
 .debug_loc     0x0000c2dd      0x4d5 src\settings.o
 .debug_loc     0x0000c7b2      0x3c5 src\spindle_control.o
 .debug_loc     0x0000cb77      0xbbe src\stepper.o
 .debug_loc     0x0000d735      0x550 src\system.o
 .debug_loc     0x0000dc85       0xbc src\system_stm32f10x.o

.debug_aranges  0x00000000      0xd50
 .debug_aranges
                0x00000000       0x40 Libraries\STM32F10x_StdPeriph_Driver\src\misc.o
 .debug_aranges
                0x00000040       0x50 Libraries\STM32F10x_StdPeriph_Driver\src\stm32f10x_exti.o
 .debug_aranges
                0x00000090       0xd8 Libraries\STM32F10x_StdPeriph_Driver\src\stm32f10x_flash.o
 .debug_aranges
                0x00000168       0xa8 Libraries\STM32F10x_StdPeriph_Driver\src\stm32f10x_gpio.o
 .debug_aranges
                0x00000210      0x118 Libraries\STM32F10x_StdPeriph_Driver\src\stm32f10x_rcc.o
 .debug_aranges
                0x00000328      0x2c0 Libraries\STM32F10x_StdPeriph_Driver\src\stm32f10x_tim.o
 .debug_aranges
                0x000005e8      0x100 Libraries\STM32F10x_StdPeriph_Driver\src\stm32f10x_usart.o
 .debug_aranges
                0x000006e8       0x40 src\coolant_control.o
 .debug_aranges
                0x00000728       0x48 src\eeprom.o
 .debug_aranges
                0x00000770       0x30 src\gcode.o
 .debug_aranges
                0x000007a0       0x20 src\jog.o
 .debug_aranges
                0x000007c0       0x48 src\limits.o
 .debug_aranges
                0x00000808       0x38 src\main.o
 .debug_aranges
                0x00000840       0x48 src\motion_control.o
 .debug_aranges
                0x00000888       0x48 src\nuts_bolts.o
 .debug_aranges
                0x000008d0       0x98 src\planner.o
 .debug_aranges
                0x00000968       0x58 src\print.o
 .debug_aranges
                0x000009c0       0x38 src\probe.o
 .debug_aranges
                0x000009f8       0x48 src\protocol.o
 .debug_aranges
                0x00000a40       0x90 src\report.o
 .debug_aranges
                0x00000ad0       0x58 src\serial.o
 .debug_aranges
                0x00000b28       0x70 src\settings.o
 .debug_aranges
                0x00000b98       0x50 src\spindle_control.o
 .debug_aranges
                0x00000be8       0x28 src\startup_stm32f10x_md.o
 .debug_aranges
                0x00000c10       0x70 src\stepper.o
 .debug_aranges
                0x00000c80       0xa8 src\system.o
 .debug_aranges
                0x00000d28       0x28 src\system_stm32f10x.o

.debug_ranges   0x00000000     0x2f30
 .debug_ranges  0x00000000       0x30 Libraries\STM32F10x_StdPeriph_Driver\src\misc.o
 .debug_ranges  0x00000030       0x40 Libraries\STM32F10x_StdPeriph_Driver\src\stm32f10x_exti.o
 .debug_ranges  0x00000070      0xf18 Libraries\STM32F10x_StdPeriph_Driver\src\stm32f10x_flash.o
 .debug_ranges  0x00000f88       0x98 Libraries\STM32F10x_StdPeriph_Driver\src\stm32f10x_gpio.o
 .debug_ranges  0x00001020      0x128 Libraries\STM32F10x_StdPeriph_Driver\src\stm32f10x_rcc.o
 .debug_ranges  0x00001148      0x4c0 Libraries\STM32F10x_StdPeriph_Driver\src\stm32f10x_tim.o
 .debug_ranges  0x00001608       0xf0 Libraries\STM32F10x_StdPeriph_Driver\src\stm32f10x_usart.o
 .debug_ranges  0x000016f8       0x30 src\coolant_control.o
 .debug_ranges  0x00001728       0x80 src\eeprom.o
 .debug_ranges  0x000017a8       0xb8 src\gcode.o
 .debug_ranges  0x00001860       0x10 src\jog.o
 .debug_ranges  0x00001870       0xe8 src\limits.o
 .debug_ranges  0x00001958       0x48 src\main.o
 .debug_ranges  0x000019a0       0xd8 src\motion_control.o
 .debug_ranges  0x00001a78       0x38 src\nuts_bolts.o
 .debug_ranges  0x00001ab0      0x1c0 src\planner.o
 .debug_ranges  0x00001c70      0x108 src\print.o
 .debug_ranges  0x00001d78       0x28 src\probe.o
 .debug_ranges  0x00001da0      0x2a8 src\protocol.o
 .debug_ranges  0x00002048      0x878 src\report.o
 .debug_ranges  0x000028c0       0x48 src\serial.o
 .debug_ranges  0x00002908      0x140 src\settings.o
 .debug_ranges  0x00002a48      0x140 src\spindle_control.o
 .debug_ranges  0x00002b88       0x20 src\startup_stm32f10x_md.o
 .debug_ranges  0x00002ba8      0x248 src\stepper.o
 .debug_ranges  0x00002df0      0x100 src\system.o
 .debug_ranges  0x00002ef0       0x40 src\system_stm32f10x.o

.debug_line     0x00000000     0x9a70
 .debug_line    0x00000000      0x271 Libraries\STM32F10x_StdPeriph_Driver\src\misc.o
 .debug_line    0x00000271      0x2c3 Libraries\STM32F10x_StdPeriph_Driver\src\stm32f10x_exti.o
 .debug_line    0x00000534      0x947 Libraries\STM32F10x_StdPeriph_Driver\src\stm32f10x_flash.o
 .debug_line    0x00000e7b      0x500 Libraries\STM32F10x_StdPeriph_Driver\src\stm32f10x_gpio.o
 .debug_line    0x0000137b      0x4f9 Libraries\STM32F10x_StdPeriph_Driver\src\stm32f10x_rcc.o
 .debug_line    0x00001874      0xd69 Libraries\STM32F10x_StdPeriph_Driver\src\stm32f10x_tim.o
 .debug_line    0x000025dd      0x4f8 Libraries\STM32F10x_StdPeriph_Driver\src\stm32f10x_usart.o
 .debug_line    0x00002ad5      0x437 src\coolant_control.o
 .debug_line    0x00002f0c      0x424 src\eeprom.o
 .debug_line    0x00003330      0x81e src\gcode.o
 .debug_line    0x00003b4e      0x353 src\jog.o
 .debug_line    0x00003ea1      0x5f1 src\limits.o
 .debug_line    0x00004492      0x5c8 src\main.o
 .debug_line    0x00004a5a      0x59b src\motion_control.o
 .debug_line    0x00004ff5      0x421 src\nuts_bolts.o
 .debug_line    0x00005416      0x640 src\planner.o
 .debug_line    0x00005a56      0x4e9 src\print.o
 .debug_line    0x00005f3f      0x3dd src\probe.o
 .debug_line    0x0000631c      0x9d6 src\protocol.o
 .debug_line    0x00006cf2      0x9e4 src\report.o
 .debug_line    0x000076d6      0x45e src\serial.o
 .debug_line    0x00007b34      0x60b src\settings.o
 .debug_line    0x0000813f      0x551 src\spindle_control.o
 .debug_line    0x00008690       0x7c src\startup_stm32f10x_md.o
 .debug_line    0x0000870c      0x9cb src\stepper.o
 .debug_line    0x000090d7      0x772 src\system.o
 .debug_line    0x00009849      0x227 src\system_stm32f10x.o

.debug_str      0x00000000     0x4805
 .debug_str     0x00000000      0x3e9 Libraries\STM32F10x_StdPeriph_Driver\src\misc.o
                                0x43d (size before relaxing)
 .debug_str     0x000003e9      0x1d7 Libraries\STM32F10x_StdPeriph_Driver\src\stm32f10x_exti.o
                                0x3c8 (size before relaxing)
 .debug_str     0x000005c0      0x438 Libraries\STM32F10x_StdPeriph_Driver\src\stm32f10x_flash.o
                                0x667 (size before relaxing)
 .debug_str     0x000009f8      0x38e Libraries\STM32F10x_StdPeriph_Driver\src\stm32f10x_gpio.o
                                0x5af (size before relaxing)
 .debug_str     0x00000d86      0x428 Libraries\STM32F10x_StdPeriph_Driver\src\stm32f10x_rcc.o
                                0x699 (size before relaxing)
 .debug_str     0x000011ae      0xba8 Libraries\STM32F10x_StdPeriph_Driver\src\stm32f10x_tim.o
                                0xe8a (size before relaxing)
 .debug_str     0x00001d56      0x42a Libraries\STM32F10x_StdPeriph_Driver\src\stm32f10x_usart.o
                                0x74f (size before relaxing)
 .debug_str     0x00002180      0x7de src\coolant_control.o
                                0xc28 (size before relaxing)
 .debug_str     0x0000295e       0xee src\eeprom.o
                                0xb93 (size before relaxing)
 .debug_str     0x00002a4c      0x2ae src\gcode.o
                                0xd1d (size before relaxing)
 .debug_str     0x00002cfa       0x59 src\jog.o
                                0xad7 (size before relaxing)
 .debug_str     0x00002d53      0x45c src\limits.o
                               0x12b6 (size before relaxing)
 .debug_str     0x000031af      0x49c src\main.o
                               0x158d (size before relaxing)
 .debug_str     0x0000364b      0x1a3 src\motion_control.o
                               0x10c1 (size before relaxing)
 .debug_str     0x000037ee       0xca src\nuts_bolts.o
                                0xb70 (size before relaxing)
 .debug_str     0x000038b8      0x321 src\planner.o
                                0xe58 (size before relaxing)
 .debug_str     0x00003bd9       0xda src\print.o
                                0xafc (size before relaxing)
 .debug_str     0x00003cb3       0x35 src\probe.o
                                0xbf7 (size before relaxing)
 .debug_str     0x00003ce8      0x1a4 src\protocol.o
                                0xe7a (size before relaxing)
 .debug_str     0x00003e8c      0x282 src\report.o
                                0xe25 (size before relaxing)
 .debug_str     0x0000410e      0x103 src\serial.o
                                0xc32 (size before relaxing)
 .debug_str     0x00004211      0x10f src\settings.o
                                0xc82 (size before relaxing)
 .debug_str     0x00004320       0x77 src\spindle_control.o
                                0xef8 (size before relaxing)
 .debug_str     0x00004397      0x39e src\stepper.o
                               0x17fb (size before relaxing)
 .debug_str     0x00004735       0x79 src\system.o
                               0x14c3 (size before relaxing)
 .debug_str     0x000047ae       0x57 src\system_stm32f10x.o
                                0x33a (size before relaxing)

.comment        0x00000000       0x7c
 .comment       0x00000000       0x7c Libraries\STM32F10x_StdPeriph_Driver\src\misc.o
                                 0x7d (size before relaxing)
 .comment       0x0000007c       0x7d Libraries\STM32F10x_StdPeriph_Driver\src\stm32f10x_exti.o
 .comment       0x0000007c       0x7d Libraries\STM32F10x_StdPeriph_Driver\src\stm32f10x_flash.o
 .comment       0x0000007c       0x7d Libraries\STM32F10x_StdPeriph_Driver\src\stm32f10x_gpio.o
 .comment       0x0000007c       0x7d Libraries\STM32F10x_StdPeriph_Driver\src\stm32f10x_rcc.o
 .comment       0x0000007c       0x7d Libraries\STM32F10x_StdPeriph_Driver\src\stm32f10x_tim.o
 .comment       0x0000007c       0x7d Libraries\STM32F10x_StdPeriph_Driver\src\stm32f10x_usart.o
 .comment       0x0000007c       0x7d src\coolant_control.o
 .comment       0x0000007c       0x7d src\eeprom.o
 .comment       0x0000007c       0x7d src\gcode.o
 .comment       0x0000007c       0x7d src\jog.o
 .comment       0x0000007c       0x7d src\limits.o
 .comment       0x0000007c       0x7d src\main.o
 .comment       0x0000007c       0x7d src\motion_control.o
 .comment       0x0000007c       0x7d src\nuts_bolts.o
 .comment       0x0000007c       0x7d src\planner.o
 .comment       0x0000007c       0x7d src\print.o
 .comment       0x0000007c       0x7d src\probe.o
 .comment       0x0000007c       0x7d src\protocol.o
 .comment       0x0000007c       0x7d src\report.o
 .comment       0x0000007c       0x7d src\serial.o
 .comment       0x0000007c       0x7d src\settings.o
 .comment       0x0000007c       0x7d src\spindle_control.o
 .comment       0x0000007c       0x7d src\stepper.o
 .comment       0x0000007c       0x7d src\system.o
 .comment       0x0000007c       0x7d src\system_stm32f10x.o

.debug_frame    0x00000000     0x2ad4
 .debug_frame   0x00000000       0x70 Libraries\STM32F10x_StdPeriph_Driver\src\misc.o
 .debug_frame   0x00000070       0xa8 Libraries\STM32F10x_StdPeriph_Driver\src\stm32f10x_exti.o
 .debug_frame   0x00000118      0x284 Libraries\STM32F10x_StdPeriph_Driver\src\stm32f10x_flash.o
 .debug_frame   0x0000039c      0x1b0 Libraries\STM32F10x_StdPeriph_Driver\src\stm32f10x_gpio.o
 .debug_frame   0x0000054c      0x228 Libraries\STM32F10x_StdPeriph_Driver\src\stm32f10x_rcc.o
 .debug_frame   0x00000774      0x73c Libraries\STM32F10x_StdPeriph_Driver\src\stm32f10x_tim.o
 .debug_frame   0x00000eb0      0x258 Libraries\STM32F10x_StdPeriph_Driver\src\stm32f10x_usart.o
 .debug_frame   0x00001108       0xa4 src\coolant_control.o
 .debug_frame   0x000011ac       0xb8 src\eeprom.o
 .debug_frame   0x00001264       0x84 src\gcode.o
 .debug_frame   0x000012e8       0x2c src\jog.o
 .debug_frame   0x00001314       0xd8 src\limits.o
 .debug_frame   0x000013ec       0x90 src\main.o
 .debug_frame   0x0000147c       0xf0 src\motion_control.o
 .debug_frame   0x0000156c       0xe4 src\nuts_bolts.o
 .debug_frame   0x00001650      0x1b8 src\planner.o
 .debug_frame   0x00001808      0x16c src\print.o
 .debug_frame   0x00001974       0x74 src\probe.o
 .debug_frame   0x000019e8      0x100 src\protocol.o
 .debug_frame   0x00001ae8      0x204 src\report.o
 .debug_frame   0x00001cec       0xa8 src\serial.o
 .debug_frame   0x00001d94      0x160 src\settings.o
 .debug_frame   0x00001ef4       0xe0 src\spindle_control.o
 .debug_frame   0x00001fd4      0x1a8 src\stepper.o
 .debug_frame   0x0000217c      0x1a4 src\system.o
 .debug_frame   0x00002320       0x48 src\system_stm32f10x.o
 .debug_frame   0x00002368       0x2c c:/program files (x86)/atollic/truestudio for stm32 9.2.0/armtools/bin/../lib/gcc/arm-atollic-eabi/6.3.1/../../../../arm-atollic-eabi/lib/armv7-m\libc.a(lib_a-init.o)
 .debug_frame   0x00002394       0x28 c:/program files (x86)/atollic/truestudio for stm32 9.2.0/armtools/bin/../lib/gcc/arm-atollic-eabi/6.3.1/../../../../arm-atollic-eabi/lib/armv7-m\libc.a(lib_a-memcmp.o)
 .debug_frame   0x000023bc       0x20 c:/program files (x86)/atollic/truestudio for stm32 9.2.0/armtools/bin/../lib/gcc/arm-atollic-eabi/6.3.1/../../../../arm-atollic-eabi/lib/armv7-m\libc.a(lib_a-memset.o)
 .debug_frame   0x000023dc       0x2c c:/program files (x86)/atollic/truestudio for stm32 9.2.0/armtools/bin/../lib/gcc/arm-atollic-eabi/6.3.1/../../../../arm-atollic-eabi/lib/armv7-m\libm.a(lib_a-sf_ceil.o)
 .debug_frame   0x00002408       0x2c c:/program files (x86)/atollic/truestudio for stm32 9.2.0/armtools/bin/../lib/gcc/arm-atollic-eabi/6.3.1/../../../../arm-atollic-eabi/lib/armv7-m\libm.a(lib_a-sf_cos.o)
 .debug_frame   0x00002434       0x2c c:/program files (x86)/atollic/truestudio for stm32 9.2.0/armtools/bin/../lib/gcc/arm-atollic-eabi/6.3.1/../../../../arm-atollic-eabi/lib/armv7-m\libm.a(lib_a-sf_floor.o)
 .debug_frame   0x00002460       0x28 c:/program files (x86)/atollic/truestudio for stm32 9.2.0/armtools/bin/../lib/gcc/arm-atollic-eabi/6.3.1/../../../../arm-atollic-eabi/lib/armv7-m\libm.a(lib_a-sf_lround.o)
 .debug_frame   0x00002488       0x2c c:/program files (x86)/atollic/truestudio for stm32 9.2.0/armtools/bin/../lib/gcc/arm-atollic-eabi/6.3.1/../../../../arm-atollic-eabi/lib/armv7-m\libm.a(lib_a-sf_sin.o)
 .debug_frame   0x000024b4       0x20 c:/program files (x86)/atollic/truestudio for stm32 9.2.0/armtools/bin/../lib/gcc/arm-atollic-eabi/6.3.1/../../../../arm-atollic-eabi/lib/armv7-m\libm.a(lib_a-wf_atan2.o)
 .debug_frame   0x000024d4       0x38 c:/program files (x86)/atollic/truestudio for stm32 9.2.0/armtools/bin/../lib/gcc/arm-atollic-eabi/6.3.1/../../../../arm-atollic-eabi/lib/armv7-m\libm.a(lib_a-wf_sqrt.o)
 .debug_frame   0x0000250c       0x3c c:/program files (x86)/atollic/truestudio for stm32 9.2.0/armtools/bin/../lib/gcc/arm-atollic-eabi/6.3.1/../../../../arm-atollic-eabi/lib/armv7-m\libm.a(lib_a-ef_atan2.o)
 .debug_frame   0x00002548       0x40 c:/program files (x86)/atollic/truestudio for stm32 9.2.0/armtools/bin/../lib/gcc/arm-atollic-eabi/6.3.1/../../../../arm-atollic-eabi/lib/armv7-m\libm.a(lib_a-ef_rem_pio2.o)
 .debug_frame   0x00002588       0x2c c:/program files (x86)/atollic/truestudio for stm32 9.2.0/armtools/bin/../lib/gcc/arm-atollic-eabi/6.3.1/../../../../arm-atollic-eabi/lib/armv7-m\libm.a(lib_a-ef_sqrt.o)
 .debug_frame   0x000025b4       0x34 c:/program files (x86)/atollic/truestudio for stm32 9.2.0/armtools/bin/../lib/gcc/arm-atollic-eabi/6.3.1/../../../../arm-atollic-eabi/lib/armv7-m\libm.a(lib_a-kf_cos.o)
 .debug_frame   0x000025e8       0x44 c:/program files (x86)/atollic/truestudio for stm32 9.2.0/armtools/bin/../lib/gcc/arm-atollic-eabi/6.3.1/../../../../arm-atollic-eabi/lib/armv7-m\libm.a(lib_a-kf_rem_pio2.o)
 .debug_frame   0x0000262c       0x34 c:/program files (x86)/atollic/truestudio for stm32 9.2.0/armtools/bin/../lib/gcc/arm-atollic-eabi/6.3.1/../../../../arm-atollic-eabi/lib/armv7-m\libm.a(lib_a-kf_sin.o)
 .debug_frame   0x00002660       0x20 c:/program files (x86)/atollic/truestudio for stm32 9.2.0/armtools/bin/../lib/gcc/arm-atollic-eabi/6.3.1/../../../../arm-atollic-eabi/lib/armv7-m\libm.a(lib_a-s_matherr.o)
 .debug_frame   0x00002680       0x30 c:/program files (x86)/atollic/truestudio for stm32 9.2.0/armtools/bin/../lib/gcc/arm-atollic-eabi/6.3.1/../../../../arm-atollic-eabi/lib/armv7-m\libm.a(lib_a-sf_atan.o)
 .debug_frame   0x000026b0       0x20 c:/program files (x86)/atollic/truestudio for stm32 9.2.0/armtools/bin/../lib/gcc/arm-atollic-eabi/6.3.1/../../../../arm-atollic-eabi/lib/armv7-m\libm.a(lib_a-sf_fabs.o)
 .debug_frame   0x000026d0       0x28 c:/program files (x86)/atollic/truestudio for stm32 9.2.0/armtools/bin/../lib/gcc/arm-atollic-eabi/6.3.1/../../../../arm-atollic-eabi/lib/armv7-m\libm.a(lib_a-sf_scalbn.o)
 .debug_frame   0x000026f8       0x20 c:/program files (x86)/atollic/truestudio for stm32 9.2.0/armtools/bin/../lib/gcc/arm-atollic-eabi/6.3.1/../../../../arm-atollic-eabi/lib/armv7-m\libm.a(lib_a-sf_copysign.o)
 .debug_frame   0x00002718       0x20 c:/program files (x86)/atollic/truestudio for stm32 9.2.0/armtools/bin/../lib/gcc/arm-atollic-eabi/6.3.1/../../../../arm-atollic-eabi/lib/armv7-m\libc.a(lib_a-errno.o)
 .debug_frame   0x00002738       0xac c:/program files (x86)/atollic/truestudio for stm32 9.2.0/armtools/bin/../lib/gcc/arm-atollic-eabi/6.3.1/armv7-m\libgcc.a(_arm_addsubdf3.o)
 .debug_frame   0x000027e4       0x50 c:/program files (x86)/atollic/truestudio for stm32 9.2.0/armtools/bin/../lib/gcc/arm-atollic-eabi/6.3.1/armv7-m\libgcc.a(_arm_muldivdf3.o)
 .debug_frame   0x00002834       0xc4 c:/program files (x86)/atollic/truestudio for stm32 9.2.0/armtools/bin/../lib/gcc/arm-atollic-eabi/6.3.1/armv7-m\libgcc.a(_arm_cmpdf2.o)
 .debug_frame   0x000028f8       0x24 c:/program files (x86)/atollic/truestudio for stm32 9.2.0/armtools/bin/../lib/gcc/arm-atollic-eabi/6.3.1/armv7-m\libgcc.a(_arm_truncdfsf2.o)
 .debug_frame   0x0000291c       0x4c c:/program files (x86)/atollic/truestudio for stm32 9.2.0/armtools/bin/../lib/gcc/arm-atollic-eabi/6.3.1/armv7-m\libgcc.a(_arm_addsubsf3.o)
 .debug_frame   0x00002968       0x38 c:/program files (x86)/atollic/truestudio for stm32 9.2.0/armtools/bin/../lib/gcc/arm-atollic-eabi/6.3.1/armv7-m\libgcc.a(_arm_muldivsf3.o)
 .debug_frame   0x000029a0       0xc8 c:/program files (x86)/atollic/truestudio for stm32 9.2.0/armtools/bin/../lib/gcc/arm-atollic-eabi/6.3.1/armv7-m\libgcc.a(_arm_cmpsf2.o)
 .debug_frame   0x00002a68       0x24 c:/program files (x86)/atollic/truestudio for stm32 9.2.0/armtools/bin/../lib/gcc/arm-atollic-eabi/6.3.1/armv7-m\libgcc.a(_arm_unordsf2.o)
 .debug_frame   0x00002a8c       0x24 c:/program files (x86)/atollic/truestudio for stm32 9.2.0/armtools/bin/../lib/gcc/arm-atollic-eabi/6.3.1/armv7-m\libgcc.a(_arm_fixsfsi.o)
 .debug_frame   0x00002ab0       0x24 c:/program files (x86)/atollic/truestudio for stm32 9.2.0/armtools/bin/../lib/gcc/arm-atollic-eabi/6.3.1/armv7-m\libgcc.a(_arm_fixunssfsi.o)

Cross Reference Table

Symbol                                            File
ADC1_2_IRQHandler                                 src\startup_stm32f10x_md.o
ADC_AnalogWatchdogCmd                             Libraries\STM32F10x_StdPeriph_Driver\src\stm32f10x_adc.o
ADC_AnalogWatchdogSingleChannelConfig             Libraries\STM32F10x_StdPeriph_Driver\src\stm32f10x_adc.o
ADC_AnalogWatchdogThresholdsConfig                Libraries\STM32F10x_StdPeriph_Driver\src\stm32f10x_adc.o
ADC_AutoInjectedConvCmd                           Libraries\STM32F10x_StdPeriph_Driver\src\stm32f10x_adc.o
ADC_ClearFlag                                     Libraries\STM32F10x_StdPeriph_Driver\src\stm32f10x_adc.o
ADC_ClearITPendingBit                             Libraries\STM32F10x_StdPeriph_Driver\src\stm32f10x_adc.o
ADC_Cmd                                           Libraries\STM32F10x_StdPeriph_Driver\src\stm32f10x_adc.o
ADC_DMACmd                                        Libraries\STM32F10x_StdPeriph_Driver\src\stm32f10x_adc.o
ADC_DeInit                                        Libraries\STM32F10x_StdPeriph_Driver\src\stm32f10x_adc.o
ADC_DiscModeChannelCountConfig                    Libraries\STM32F10x_StdPeriph_Driver\src\stm32f10x_adc.o
ADC_DiscModeCmd                                   Libraries\STM32F10x_StdPeriph_Driver\src\stm32f10x_adc.o
ADC_ExternalTrigConvCmd                           Libraries\STM32F10x_StdPeriph_Driver\src\stm32f10x_adc.o
ADC_ExternalTrigInjectedConvCmd                   Libraries\STM32F10x_StdPeriph_Driver\src\stm32f10x_adc.o
ADC_ExternalTrigInjectedConvConfig                Libraries\STM32F10x_StdPeriph_Driver\src\stm32f10x_adc.o
ADC_GetCalibrationStatus                          Libraries\STM32F10x_StdPeriph_Driver\src\stm32f10x_adc.o
ADC_GetConversionValue                            Libraries\STM32F10x_StdPeriph_Driver\src\stm32f10x_adc.o
ADC_GetDualModeConversionValue                    Libraries\STM32F10x_StdPeriph_Driver\src\stm32f10x_adc.o
ADC_GetFlagStatus                                 Libraries\STM32F10x_StdPeriph_Driver\src\stm32f10x_adc.o
ADC_GetITStatus                                   Libraries\STM32F10x_StdPeriph_Driver\src\stm32f10x_adc.o
ADC_GetInjectedConversionValue                    Libraries\STM32F10x_StdPeriph_Driver\src\stm32f10x_adc.o
ADC_GetResetCalibrationStatus                     Libraries\STM32F10x_StdPeriph_Driver\src\stm32f10x_adc.o
ADC_GetSoftwareStartConvStatus                    Libraries\STM32F10x_StdPeriph_Driver\src\stm32f10x_adc.o
ADC_GetSoftwareStartInjectedConvCmdStatus         Libraries\STM32F10x_StdPeriph_Driver\src\stm32f10x_adc.o
ADC_ITConfig                                      Libraries\STM32F10x_StdPeriph_Driver\src\stm32f10x_adc.o
ADC_Init                                          Libraries\STM32F10x_StdPeriph_Driver\src\stm32f10x_adc.o
ADC_InjectedChannelConfig                         Libraries\STM32F10x_StdPeriph_Driver\src\stm32f10x_adc.o
ADC_InjectedDiscModeCmd                           Libraries\STM32F10x_StdPeriph_Driver\src\stm32f10x_adc.o
ADC_InjectedSequencerLengthConfig                 Libraries\STM32F10x_StdPeriph_Driver\src\stm32f10x_adc.o
ADC_RegularChannelConfig                          Libraries\STM32F10x_StdPeriph_Driver\src\stm32f10x_adc.o
ADC_ResetCalibration                              Libraries\STM32F10x_StdPeriph_Driver\src\stm32f10x_adc.o
ADC_SetInjectedOffset                             Libraries\STM32F10x_StdPeriph_Driver\src\stm32f10x_adc.o
ADC_SoftwareStartConvCmd                          Libraries\STM32F10x_StdPeriph_Driver\src\stm32f10x_adc.o
ADC_SoftwareStartInjectedConvCmd                  Libraries\STM32F10x_StdPeriph_Driver\src\stm32f10x_adc.o
ADC_StartCalibration                              Libraries\STM32F10x_StdPeriph_Driver\src\stm32f10x_adc.o
ADC_StructInit                                    Libraries\STM32F10x_StdPeriph_Driver\src\stm32f10x_adc.o
ADC_TempSensorVrefintCmd                          Libraries\STM32F10x_StdPeriph_Driver\src\stm32f10x_adc.o
AHBPrescTable                                     src\system_stm32f10x.o
BKP_ClearFlag                                     Libraries\STM32F10x_StdPeriph_Driver\src\stm32f10x_bkp.o
BKP_ClearITPendingBit                             Libraries\STM32F10x_StdPeriph_Driver\src\stm32f10x_bkp.o
BKP_DeInit                                        Libraries\STM32F10x_StdPeriph_Driver\src\stm32f10x_bkp.o
BKP_GetFlagStatus                                 Libraries\STM32F10x_StdPeriph_Driver\src\stm32f10x_bkp.o
BKP_GetITStatus                                   Libraries\STM32F10x_StdPeriph_Driver\src\stm32f10x_bkp.o