usb_prop.c:108:6:Virtual_Com_Port_init	8	static
usb_prop.c:136:6:Virtual_Com_Port_Reset	8	static
usb_prop.c:204:6:Virtual_Com_Port_SetConfiguration	16	static
usb_prop.c:222:6:Virtual_Com_Port_SetDeviceAddress	4	static
usb_prop.c:234:6:Virtual_Com_Port_Status_In	4	static
usb_prop.c:249:6:Virtual_Com_Port_Status_Out	4	static
usb_prop.c:259:8:Virtual_Com_Port_Data_Setup	24	static
usb_prop.c:299:8:Virtual_Com_Port_NoData_Setup	16	static
usb_prop.c:324:10:Virtual_Com_Port_GetDeviceDescriptor	16	static
usb_prop.c:336:10:Virtual_Com_Port_GetConfigDescriptor	16	static
usb_prop.c:348:10:Virtual_Com_Port_GetStringDescriptor	24	static
usb_prop.c:370:8:Virtual_Com_Port_Get_Interface_Setting	16	static
usb_prop.c:390:10:Virtual_Com_Port_GetLineCoding	16	static
usb_prop.c:407:10:Virtual_Com_Port_SetLineCoding	16	static
