settings.c:28:6:settings_store_startup_line	16	static
settings.c:40:6:settings_store_build_info	0	static
settings.c:48:6:settings_write_coord_data	16	static
settings.c:60:6:write_global_settings	8	static
settings.c:68:6:settings_restore	40	static
settings.c:158:9:settings_read_startup_line	16	static
settings.c:172:9:settings_read_build_info	16	static
settings.c:185:9:settings_read_coord_data	16	static
settings.c:212:9:read_global_settings	8	static
settings.c:228:9:settings_store_global_setting	16	static
settings.c:342:6:settings_init	40	static
