usb_core.c:61:10:Standard_GetConfiguration	8	static
usb_core.c:107:10:Standard_GetInterface	8	static
usb_core.c:163:10:Standard_GetStatus	8	static
usb_core.c:500:6:DataStageIn	24	static
usb_core.c:82:8:Standard_SetConfiguration	8	static
usb_core.c:128:8:Standard_SetInterface	16	static
usb_core.c:245:8:Standard_ClearFeature	16	static
usb_core.c:338:8:Standard_SetEndPointFeature	16	static
usb_core.c:392:8:Standard_SetDeviceFeature	8	static
usb_core.c:418:10:Standard_GetDescriptorData	0	static
usb_core.c:877:9:Setup0_Process	32	static
usb_core.c:931:9:In0_Process	24	static
usb_core.c:971:9:Out0_Process	24	static
usb_core.c:1014:9:Post0_Process	8	static
usb_core.c:1058:6:SetDeviceAddress	16	static
usb_core.c:1082:6:NOP_Process	0	static
