usb_regs.c:35:6:SetCNTR	0	static
usb_regs.c:47:10:GetCNTR	0	static
usb_regs.c:59:6:SetISTR	0	static
usb_regs.c:71:10:GetISTR	0	static
usb_regs.c:83:10:GetFNR	0	static
usb_regs.c:95:6:SetDADDR	0	static
usb_regs.c:107:10:GetDADDR	0	static
usb_regs.c:119:6:SetBTABLE	0	static
usb_regs.c:131:10:GetBTABLE	0	static
usb_regs.c:144:6:SetENDPOINT	0	static
usb_regs.c:156:10:GetENDPOINT	0	static
usb_regs.c:169:6:SetEPType	0	static
usb_regs.c:181:10:GetEPType	0	static
usb_regs.c:194:6:SetEPTxStatus	0	static
usb_regs.c:207:6:SetEPRxStatus	0	static
usb_regs.c:220:6:SetDouBleBuffEPStall	0	static
usb_regs.c:241:10:GetEPTxStatus	0	static
usb_regs.c:253:10:GetEPRxStatus	0	static
usb_regs.c:265:6:SetEPTxValid	0	static
usb_regs.c:277:6:SetEPRxValid	0	static
usb_regs.c:289:6:SetEP_KIND	0	static
usb_regs.c:301:6:ClearEP_KIND	0	static
usb_regs.c:312:6:Clear_Status_Out	0	static
usb_regs.c:323:6:Set_Status_Out	0	static
usb_regs.c:334:6:SetEPDoubleBuff	0	static
usb_regs.c:345:6:ClearEPDoubleBuff	0	static
usb_regs.c:356:10:GetTxStallStatus	0	static
usb_regs.c:367:10:GetRxStallStatus	0	static
usb_regs.c:378:6:ClearEP_CTR_RX	0	static
usb_regs.c:389:6:ClearEP_CTR_TX	0	static
usb_regs.c:400:6:ToggleDTOG_RX	0	static
usb_regs.c:411:6:ToggleDTOG_TX	0	static
usb_regs.c:422:6:ClearDTOG_RX	0	static
usb_regs.c:433:6:ClearDTOG_TX	0	static
usb_regs.c:445:6:SetEPAddress	0	static
usb_regs.c:456:9:GetEPAddress	0	static
usb_regs.c:468:6:SetEPTxAddr	0	static
usb_regs.c:480:6:SetEPRxAddr	0	static
usb_regs.c:491:10:GetEPTxAddr	0	static
usb_regs.c:502:10:GetEPRxAddr	0	static
usb_regs.c:514:6:SetEPTxCount	0	static
usb_regs.c:526:6:SetEPCountRxReg	0	static
usb_regs.c:538:6:SetEPRxCount	0	static
usb_regs.c:549:10:GetEPTxCount	0	static
usb_regs.c:560:10:GetEPRxCount	0	static
usb_regs.c:573:6:SetEPDblBuffAddr	8	static
usb_regs.c:585:6:SetEPDblBuf0Addr	0	static
usb_regs.c:597:6:SetEPDblBuf1Addr	0	static
usb_regs.c:608:10:GetEPDblBuf0Addr	0	static
usb_regs.c:619:10:GetEPDblBuf1Addr	0	static
usb_regs.c:631:6:SetEPDblBuffCount	8	static
usb_regs.c:643:6:SetEPDblBuf0Count	0	static
usb_regs.c:655:6:SetEPDblBuf1Count	0	static
usb_regs.c:667:10:GetEPDblBuf0Count	0	static
usb_regs.c:679:10:GetEPDblBuf1Count	0	static
usb_regs.c:691:13:GetEPDblBufDir	0	static
usb_regs.c:708:6:FreeUserBuffer	0	static
usb_regs.c:727:10:ToWord	0	static
usb_regs.c:740:10:ByteSwap	0	static
