stm32f10x_gpio.c:114:6:GPIO_DeInit	8	static
stm32f10x_gpio.c:165:6:GPIO_AFIODeInit	8	static
stm32f10x_gpio.c:179:6:GPIO_Init	8	static
stm32f10x_gpio.c:272:6:GPIO_StructInit	0	static
stm32f10x_gpio.c:287:9:GPIO_ReadInputDataBit	0	static
stm32f10x_gpio.c:311:10:GPIO_ReadInputData	0	static
stm32f10x_gpio.c:326:9:GPIO_ReadOutputDataBit	0	static
stm32f10x_gpio.c:349:10:GPIO_ReadOutputData	0	static
stm32f10x_gpio.c:364:6:GPIO_SetBits	0	static
stm32f10x_gpio.c:380:6:GPIO_ResetBits	0	static
stm32f10x_gpio.c:400:6:GPIO_WriteBit	0	static
stm32f10x_gpio.c:423:6:GPIO_Write	0	static
stm32f10x_gpio.c:438:6:GPIO_PinLockConfig	0	static
stm32f10x_gpio.c:468:6:GPIO_EventOutputConfig	4	static
stm32f10x_gpio.c:489:6:GPIO_EventOutputCmd	0	static
stm32f10x_gpio.c:555:6:GPIO_PinRemapConfig	8	static
stm32f10x_gpio.c:615:6:GPIO_EXTILineConfig	4	static
stm32f10x_gpio.c:636:6:GPIO_ETH_MediaInterfaceConfig	0	static
