stm32f10x_flash.c:255:6:FLASH_SetLatency	24	static
stm32f10x_flash.c:282:6:FLASH_HalfCycleAccessCmd	16	static
stm32f10x_flash.c:301:6:FLASH_PrefetchBufferCmd	16	static
stm32f10x_flash.c:320:6:FLASH_Unlock	4	static
stm32f10x_flash.c:341:6:FLASH_UnlockBank1	4	static
stm32f10x_flash.c:373:6:FLASH_Lock	4	static
stm32f10x_flash.c:393:6:FLASH_LockBank1	4	static
stm32f10x_flash.c:420:14:FLASH_ErasePage	24	static
stm32f10x_flash.c:493:14:FLASH_EraseAllPages	16	static
stm32f10x_flash.c:556:14:FLASH_EraseAllBank1Pages	16	static
stm32f10x_flash.c:617:14:FLASH_EraseOptionBytes	16	static
stm32f10x_flash.c:682:14:FLASH_ProgramWord	24	static
stm32f10x_flash.c:859:14:FLASH_ProgramHalfWord	24	static
stm32f10x_flash.c:930:14:FLASH_ProgramOptionByteData	24	static
stm32f10x_flash.c:976:14:FLASH_EnableWriteProtection	32	static
stm32f10x_flash.c:1050:14:FLASH_ReadOutProtection	24	static
stm32f10x_flash.c:1119:14:FLASH_UserOptionByteConfig	24	static
stm32f10x_flash.c:1217:10:FLASH_GetUserOptionByte	4	static
stm32f10x_flash.c:1229:10:FLASH_GetWriteProtectionOptionByte	4	static
stm32f10x_flash.c:1241:12:FLASH_GetReadOutProtectionStatus	16	static
stm32f10x_flash.c:1261:12:FLASH_GetPrefetchBufferStatus	16	static
stm32f10x_flash.c:1291:6:FLASH_ITConfig	16	static
stm32f10x_flash.c:1358:12:FLASH_GetFlagStatus	24	static
stm32f10x_flash.c:1444:6:FLASH_ClearFlag	16	static
stm32f10x_flash.c:1478:14:FLASH_GetStatus	16	static
stm32f10x_flash.c:1516:14:FLASH_GetBank1Status	16	static
stm32f10x_flash.c:1596:14:FLASH_WaitForLastOperation	24	static
stm32f10x_flash.c:1624:14:FLASH_WaitForLastBank1Operation	24	static
