stm32f10x_spi.c:125:6:SPI_I2S_DeInit	16	static
stm32f10x_spi.c:164:6:SPI_Init	24	static
stm32f10x_spi.c:225:6:I2S_Init	56	static
stm32f10x_spi.c:376:6:SPI_StructInit	16	static
stm32f10x_spi.c:404:6:I2S_StructInit	16	static
stm32f10x_spi.c:433:6:SPI_Cmd	16	static
stm32f10x_spi.c:457:6:I2S_Cmd	16	static
stm32f10x_spi.c:488:6:SPI_I2S_ITConfig	24	static
stm32f10x_spi.c:527:6:SPI_I2S_DMACmd	16	static
stm32f10x_spi.c:553:6:SPI_I2S_SendData	16	static
stm32f10x_spi.c:569:10:SPI_I2S_ReceiveData	16	static
stm32f10x_spi.c:587:6:SPI_NSSInternalSoftwareConfig	16	static
stm32f10x_spi.c:611:6:SPI_SSOutputCmd	16	static
stm32f10x_spi.c:637:6:SPI_DataSizeConfig	16	static
stm32f10x_spi.c:653:6:SPI_TransmitCRC	16	static
stm32f10x_spi.c:669:6:SPI_CalculateCRC	16	static
stm32f10x_spi.c:695:10:SPI_GetCRC	24	static
stm32f10x_spi.c:720:10:SPI_GetCRCPolynomial	16	static
stm32f10x_spi.c:738:6:SPI_BiDirectionalLineConfig	16	static
stm32f10x_spi.c:772:12:SPI_I2S_GetFlagStatus	24	static
stm32f10x_spi.c:810:6:SPI_I2S_ClearFlag	16	static
stm32f10x_spi.c:835:10:SPI_I2S_GetITStatus	24	static
stm32f10x_spi.c:889:6:SPI_I2S_ClearITPendingBit	24	static
