stm32f10x_rcc.c:223:6:RCC_DeInit	0	static
stm32f10x_rcc.c:276:6:RCC_HSEConfig	0	static
stm32f10x_rcc.c:310:13:RCC_WaitForHSEStartUp	8	static
stm32f10x_rcc.c:340:6:RCC_AdjustHSICalibrationValue	0	static
stm32f10x_rcc.c:360:6:RCC_HSICmd	0	static
stm32f10x_rcc.c:384:6:RCC_PLLConfig	0	static
stm32f10x_rcc.c:407:6:RCC_PLLCmd	0	static
stm32f10x_rcc.c:570:6:RCC_SYSCLKConfig	0	static
stm32f10x_rcc.c:593:9:RCC_GetSYSCLKSource	0	static
stm32f10x_rcc.c:614:6:RCC_HCLKConfig	0	static
stm32f10x_rcc.c:640:6:RCC_PCLK1Config	0	static
stm32f10x_rcc.c:666:6:RCC_PCLK2Config	0	static
stm32f10x_rcc.c:706:6:RCC_ITConfig	0	static
stm32f10x_rcc.c:734:6:RCC_USBCLKConfig	0	static
stm32f10x_rcc.c:772:6:RCC_ADCCLKConfig	0	static
stm32f10x_rcc.c:835:6:RCC_LSEConfig	0	static
stm32f10x_rcc.c:868:6:RCC_LSICmd	0	static
stm32f10x_rcc.c:885:6:RCC_RTCCLKConfig	0	static
stm32f10x_rcc.c:899:6:RCC_RTCCLKCmd	0	static
stm32f10x_rcc.c:914:6:RCC_GetClocksFreq	8	static
stm32f10x_rcc.c:1070:6:RCC_AHBPeriphClockCmd	0	static
stm32f10x_rcc.c:1101:6:RCC_APB2PeriphClockCmd	0	static
stm32f10x_rcc.c:1132:6:RCC_APB1PeriphClockCmd	0	static
stm32f10x_rcc.c:1191:6:RCC_APB2PeriphResetCmd	0	static
stm32f10x_rcc.c:1222:6:RCC_APB1PeriphResetCmd	0	static
stm32f10x_rcc.c:1243:6:RCC_BackupResetCmd	0	static
stm32f10x_rcc.c:1256:6:RCC_ClockSecuritySystemCmd	0	static
stm32f10x_rcc.c:1288:6:RCC_MCOConfig	0	static
stm32f10x_rcc.c:1332:12:RCC_GetFlagStatus	0	static
stm32f10x_rcc.c:1377:6:RCC_ClearFlag	0	static
stm32f10x_rcc.c:1408:10:RCC_GetITStatus	0	static
stm32f10x_rcc.c:1454:6:RCC_ClearITPendingBit	0	static
