stm32f10x_gpio.c:114:6:GPIO_DeInit	16	static
stm32f10x_gpio.c:165:6:GPIO_AFIODeInit	8	static
stm32f10x_gpio.c:179:6:GPIO_Init	40	static
stm32f10x_gpio.c:272:6:GPIO_StructInit	16	static
stm32f10x_gpio.c:287:9:GPIO_ReadInputDataBit	24	static
stm32f10x_gpio.c:311:10:GPIO_ReadInputData	16	static
stm32f10x_gpio.c:326:9:GPIO_ReadOutputDataBit	24	static
stm32f10x_gpio.c:349:10:GPIO_ReadOutputData	16	static
stm32f10x_gpio.c:364:6:GPIO_SetBits	16	static
stm32f10x_gpio.c:380:6:GPIO_ResetBits	16	static
stm32f10x_gpio.c:400:6:GPIO_WriteBit	16	static
stm32f10x_gpio.c:423:6:GPIO_Write	16	static
stm32f10x_gpio.c:438:6:GPIO_PinLockConfig	24	static
stm32f10x_gpio.c:468:6:GPIO_EventOutputConfig	24	static
stm32f10x_gpio.c:489:6:GPIO_EventOutputCmd	16	static
stm32f10x_gpio.c:555:6:GPIO_PinRemapConfig	32	static
stm32f10x_gpio.c:615:6:GPIO_EXTILineConfig	24	static
stm32f10x_gpio.c:636:6:GPIO_ETH_MediaInterfaceConfig	16	static
