stm32f10x_spi.c:125:6:SPI_I2S_DeInit	8	static
stm32f10x_spi.c:164:6:SPI_Init	8	static
stm32f10x_spi.c:225:6:I2S_Init	48	static
stm32f10x_spi.c:376:6:SPI_StructInit	0	static
stm32f10x_spi.c:404:6:I2S_StructInit	0	static
stm32f10x_spi.c:433:6:SPI_Cmd	0	static
stm32f10x_spi.c:457:6:I2S_Cmd	0	static
stm32f10x_spi.c:488:6:SPI_I2S_ITConfig	0	static
stm32f10x_spi.c:527:6:SPI_I2S_DMACmd	0	static
stm32f10x_spi.c:553:6:SPI_I2S_SendData	0	static
stm32f10x_spi.c:569:10:SPI_I2S_ReceiveData	0	static
stm32f10x_spi.c:587:6:SPI_NSSInternalSoftwareConfig	0	static
stm32f10x_spi.c:611:6:SPI_SSOutputCmd	0	static
stm32f10x_spi.c:637:6:SPI_DataSizeConfig	0	static
stm32f10x_spi.c:653:6:SPI_TransmitCRC	0	static
stm32f10x_spi.c:669:6:SPI_CalculateCRC	0	static
stm32f10x_spi.c:695:10:SPI_GetCRC	0	static
stm32f10x_spi.c:720:10:SPI_GetCRCPolynomial	0	static
stm32f10x_spi.c:738:6:SPI_BiDirectionalLineConfig	0	static
stm32f10x_spi.c:772:12:SPI_I2S_GetFlagStatus	0	static
stm32f10x_spi.c:810:6:SPI_I2S_ClearFlag	0	static
stm32f10x_spi.c:835:10:SPI_I2S_GetITStatus	4	static
stm32f10x_spi.c:889:6:SPI_I2S_ClearITPendingBit	0	static
