stm32f10x_dac.c:104:6:DAC_DeInit	8	static
stm32f10x_dac.c:123:6:DAC_Init	12	static
stm32f10x_dac.c:156:6:DAC_StructInit	0	static
stm32f10x_dac.c:179:6:DAC_Cmd	0	static
stm32f10x_dac.c:239:6:DAC_DMACmd	0	static
stm32f10x_dac.c:266:6:DAC_SoftwareTriggerCmd	0	static
stm32f10x_dac.c:290:6:DAC_DualSoftwareTriggerCmd	0	static
stm32f10x_dac.c:320:6:DAC_WaveGenerationCmd	0	static
stm32f10x_dac.c:348:6:DAC_SetChannel1Data	8	static
stm32f10x_dac.c:373:6:DAC_SetChannel2Data	8	static
stm32f10x_dac.c:402:6:DAC_SetDualChannelData	0	static
stm32f10x_dac.c:436:10:DAC_GetDataOutputValue	8	static
