stm32f10x_cec.c:124:6:CEC_DeInit	8	static
stm32f10x_cec.c:141:6:CEC_Init	24	static
stm32f10x_cec.c:170:6:CEC_Cmd	16	static
stm32f10x_cec.c:192:6:CEC_ITConfig	16	static
stm32f10x_cec.c:205:6:CEC_OwnAddressConfig	16	static
stm32f10x_cec.c:219:6:CEC_SetPrescaler	16	static
stm32f10x_cec.c:233:6:CEC_SendDataByte	16	static
stm32f10x_cec.c:245:9:CEC_ReceiveDataByte	4	static
stm32f10x_cec.c:256:6:CEC_StartOfMessage	4	static
stm32f10x_cec.c:268:6:CEC_EndOfMessageCmd	16	static
stm32f10x_cec.c:297:12:CEC_GetFlagStatus	32	static
stm32f10x_cec.c:355:6:CEC_ClearFlag	24	static
stm32f10x_cec.c:378:10:CEC_GetITStatus	24	static
stm32f10x_cec.c:414:6:CEC_ClearITPendingBit	24	static
