stm32f10x_dac.c:104:6:DAC_DeInit	8	static
stm32f10x_dac.c:123:6:DAC_Init	24	static
stm32f10x_dac.c:156:6:DAC_StructInit	16	static
stm32f10x_dac.c:179:6:DAC_Cmd	16	static
stm32f10x_dac.c:239:6:DAC_DMACmd	16	static
stm32f10x_dac.c:266:6:DAC_SoftwareTriggerCmd	16	static
stm32f10x_dac.c:290:6:DAC_DualSoftwareTriggerCmd	16	static
stm32f10x_dac.c:320:6:DAC_WaveGenerationCmd	24	static
stm32f10x_dac.c:348:6:DAC_SetChannel1Data	24	static
stm32f10x_dac.c:373:6:DAC_SetChannel2Data	24	static
stm32f10x_dac.c:402:6:DAC_SetDualChannelData	24	static
stm32f10x_dac.c:436:10:DAC_GetDataOutputValue	24	static
