stm32f10x_can.c:128:6:CAN_DeInit	16	static
stm32f10x_can.c:160:9:CAN_Init	24	static
stm32f10x_can.c:298:6:CAN_FilterInit	24	static
stm32f10x_can.c:390:6:CAN_StructInit	16	static
stm32f10x_can.c:434:6:CAN_SlaveStartBank	16	static
stm32f10x_can.c:457:6:CAN_DBGFreeze	16	static
stm32f10x_can.c:487:6:CAN_TTComModeCmd	16	static
stm32f10x_can.c:521:9:CAN_Transmit	24	static
stm32f10x_can.c:595:9:CAN_TransmitStatus	24	static
stm32f10x_can.c:649:6:CAN_CancelTransmit	16	static
stm32f10x_can.c:677:6:CAN_Receive	24	static
stm32f10x_can.c:726:6:CAN_FIFORelease	16	static
stm32f10x_can.c:749:9:CAN_MessagePending	24	static
stm32f10x_can.c:780:9:CAN_OperatingModeRequest	24	static
stm32f10x_can.c:862:9:CAN_Sleep	24	static
stm32f10x_can.c:888:9:CAN_WakeUp	24	static
stm32f10x_can.c:928:9:CAN_GetLastErrorCode	24	static
stm32f10x_can.c:952:9:CAN_GetReceiveErrorCounter	24	static
stm32f10x_can.c:972:9:CAN_GetLSBTransmitErrorCounter	24	static
stm32f10x_can.c:1009:6:CAN_ITConfig	24	static
stm32f10x_can.c:1049:12:CAN_GetFlagStatus	24	static
stm32f10x_can.c:1149:6:CAN_ClearFlag	24	static
stm32f10x_can.c:1209:10:CAN_GetITStatus	24	static
stm32f10x_can.c:1312:6:CAN_ClearITPendingBit	16	static
stm32f10x_can.c:1391:17:CheckITStatus	24	static
