stm32f10x_fsmc.c:108:6:FSMC_NORSRAMDeInit	0	static
stm32f10x_fsmc.c:135:6:FSMC_NANDDeInit	0	static
stm32f10x_fsmc.c:164:6:FSMC_PCCARDDeInit	0	static
stm32f10x_fsmc.c:182:6:FSMC_NORSRAMInit	12	static
stm32f10x_fsmc.c:268:6:FSMC_NANDInit	20	static
stm32f10x_fsmc.c:334:6:FSMC_PCCARDInit	8	static
stm32f10x_fsmc.c:386:6:FSMC_NORSRAMStructInit	16	static
stm32f10x_fsmc.c:424:6:FSMC_NANDStructInit	8	static
stm32f10x_fsmc.c:450:6:FSMC_PCCARDStructInit	8	static
stm32f10x_fsmc.c:481:6:FSMC_NORSRAMCmd	0	static
stm32f10x_fsmc.c:507:6:FSMC_NANDCmd	0	static
stm32f10x_fsmc.c:544:6:FSMC_PCCARDCmd	0	static
stm32f10x_fsmc.c:570:6:FSMC_NANDECCCmd	0	static
stm32f10x_fsmc.c:609:10:FSMC_GetECC	0	static
stm32f10x_fsmc.c:643:6:FSMC_ITConfig	0	static
stm32f10x_fsmc.c:703:12:FSMC_GetFlagStatus	0	static
stm32f10x_fsmc.c:753:6:FSMC_ClearFlag	0	static
stm32f10x_fsmc.c:788:10:FSMC_GetITStatus	0	static
stm32f10x_fsmc.c:839:6:FSMC_ClearITPendingBit	0	static
