stm32f10x_usart.c:136:6:USART_DeInit	16	static
stm32f10x_usart.c:182:6:USART_Init	56	static
stm32f10x_usart.c:287:6:USART_StructInit	16	static
stm32f10x_usart.c:308:6:USART_ClockInit	24	static
stm32f10x_usart.c:339:6:USART_ClockStructInit	16	static
stm32f10x_usart.c:357:6:USART_Cmd	16	static
stm32f10x_usart.c:394:6:USART_ITConfig	32	static
stm32f10x_usart.c:454:6:USART_DMACmd	16	static
stm32f10x_usart.c:482:6:USART_SetAddress	16	static
stm32f10x_usart.c:505:6:USART_WakeUpConfig	16	static
stm32f10x_usart.c:524:6:USART_ReceiverWakeUpCmd	16	static
stm32f10x_usart.c:553:6:USART_LINBreakDetectLengthConfig	16	static
stm32f10x_usart.c:572:6:USART_LINCmd	16	static
stm32f10x_usart.c:598:6:USART_SendData	16	static
stm32f10x_usart.c:615:10:USART_ReceiveData	16	static
stm32f10x_usart.c:631:6:USART_SendBreak	16	static
stm32f10x_usart.c:647:6:USART_SetGuardTime	16	static
stm32f10x_usart.c:667:6:USART_SetPrescaler	16	static
stm32f10x_usart.c:686:6:USART_SmartCardCmd	16	static
stm32f10x_usart.c:711:6:USART_SmartCardNACKCmd	16	static
stm32f10x_usart.c:737:6:USART_HalfDuplexCmd	16	static
stm32f10x_usart.c:768:6:USART_OverSampling8Cmd	16	static
stm32f10x_usart.c:795:6:USART_OneBitMethodCmd	16	static
stm32f10x_usart.c:824:6:USART_IrDAConfig	16	static
stm32f10x_usart.c:843:6:USART_IrDACmd	16	static
stm32f10x_usart.c:880:12:USART_GetFlagStatus	24	static
stm32f10x_usart.c:929:6:USART_ClearFlag	16	static
stm32f10x_usart.c:963:10:USART_GetITStatus	32	static
stm32f10x_usart.c:1037:6:USART_ClearITPendingBit	24	static
