stm32f10x_flash.c:255:6:FLASH_SetLatency	0	static
stm32f10x_flash.c:282:6:FLASH_HalfCycleAccessCmd	0	static
stm32f10x_flash.c:301:6:FLASH_PrefetchBufferCmd	0	static
stm32f10x_flash.c:320:6:FLASH_Unlock	0	static
stm32f10x_flash.c:341:6:FLASH_UnlockBank1	0	static
stm32f10x_flash.c:373:6:FLASH_Lock	0	static
stm32f10x_flash.c:393:6:FLASH_LockBank1	0	static
stm32f10x_flash.c:420:14:FLASH_ErasePage	0	static
stm32f10x_flash.c:493:14:FLASH_EraseAllPages	0	static
stm32f10x_flash.c:556:14:FLASH_EraseAllBank1Pages	0	static
stm32f10x_flash.c:617:14:FLASH_EraseOptionBytes	4	static
stm32f10x_flash.c:682:14:FLASH_ProgramWord	16	static
stm32f10x_flash.c:859:14:FLASH_ProgramHalfWord	4	static
stm32f10x_flash.c:930:14:FLASH_ProgramOptionByteData	4	static
stm32f10x_flash.c:976:14:FLASH_EnableWriteProtection	0	static
stm32f10x_flash.c:1050:14:FLASH_ReadOutProtection	0	static
stm32f10x_flash.c:1119:14:FLASH_UserOptionByteConfig	8	static
stm32f10x_flash.c:1217:10:FLASH_GetUserOptionByte	0	static
stm32f10x_flash.c:1229:10:FLASH_GetWriteProtectionOptionByte	0	static
stm32f10x_flash.c:1241:12:FLASH_GetReadOutProtectionStatus	0	static
stm32f10x_flash.c:1261:12:FLASH_GetPrefetchBufferStatus	0	static
stm32f10x_flash.c:1291:6:FLASH_ITConfig	0	static
stm32f10x_flash.c:1358:12:FLASH_GetFlagStatus	0	static
stm32f10x_flash.c:1444:6:FLASH_ClearFlag	0	static
stm32f10x_flash.c:1478:14:FLASH_GetStatus	0	static
stm32f10x_flash.c:1516:14:FLASH_GetBank1Status	0	static
stm32f10x_flash.c:1596:14:FLASH_WaitForLastOperation	0	static
stm32f10x_flash.c:1624:14:FLASH_WaitForLastBank1Operation	0	static
