stm32f10x_adc.c:185:6:ADC_DeInit	16	static
stm32f10x_adc.c:224:6:ADC_Init	24	static
stm32f10x_adc.c:281:6:ADC_StructInit	16	static
stm32f10x_adc.c:305:6:ADC_Cmd	16	static
stm32f10x_adc.c:330:6:ADC_DMACmd	16	static
stm32f10x_adc.c:359:6:ADC_ITConfig	24	static
stm32f10x_adc.c:385:6:ADC_ResetCalibration	16	static
stm32f10x_adc.c:398:12:ADC_GetResetCalibrationStatus	24	static
stm32f10x_adc.c:423:6:ADC_StartCalibration	16	static
stm32f10x_adc.c:436:12:ADC_GetCalibrationStatus	24	static
stm32f10x_adc.c:463:6:ADC_SoftwareStartConvCmd	16	static
stm32f10x_adc.c:487:12:ADC_GetSoftwareStartConvStatus	24	static
stm32f10x_adc.c:515:6:ADC_DiscModeChannelCountConfig	24	static
stm32f10x_adc.c:542:6:ADC_DiscModeCmd	16	static
stm32f10x_adc.c:596:6:ADC_RegularChannelConfig	24	static
stm32f10x_adc.c:692:6:ADC_ExternalTrigConvCmd	16	static
stm32f10x_adc.c:714:10:ADC_GetConversionValue	16	static
stm32f10x_adc.c:726:10:ADC_GetDualModeConversionValue	4	static
stm32f10x_adc.c:740:6:ADC_AutoInjectedConvCmd	16	static
stm32f10x_adc.c:766:6:ADC_InjectedDiscModeCmd	16	static
stm32f10x_adc.c:805:6:ADC_ExternalTrigInjectedConvConfig	24	static
stm32f10x_adc.c:830:6:ADC_ExternalTrigInjectedConvCmd	16	static
stm32f10x_adc.c:855:6:ADC_SoftwareStartInjectedConvCmd	16	static
stm32f10x_adc.c:879:12:ADC_GetSoftwareStartInjectedConvCmdStatus	24	static
stm32f10x_adc.c:936:6:ADC_InjectedChannelConfig	32	static
stm32f10x_adc.c:999:6:ADC_InjectedSequencerLengthConfig	24	static
stm32f10x_adc.c:1031:6:ADC_SetInjectedOffset	24	static
stm32f10x_adc.c:1058:10:ADC_GetInjectedConversionValue	24	static
stm32f10x_adc.c:1088:6:ADC_AnalogWatchdogCmd	24	static
stm32f10x_adc.c:1113:6:ADC_AnalogWatchdogThresholdsConfig	16	static
stm32f10x_adc.c:1151:6:ADC_AnalogWatchdogSingleChannelConfig	24	static
stm32f10x_adc.c:1173:6:ADC_TempSensorVrefintCmd	16	static
stm32f10x_adc.c:1201:12:ADC_GetFlagStatus	24	static
stm32f10x_adc.c:1234:6:ADC_ClearFlag	16	static
stm32f10x_adc.c:1253:10:ADC_GetITStatus	32	static
stm32f10x_adc.c:1289:6:ADC_ClearITPendingBit	24	static
